Component: ARM Compiler 5.05 update 2 (build 169) Tool: armlink [4d0f33]

==============================================================================

Section Cross References

    main.o(i.appdata_send_event) refers to timer.o(i.timer_stop) for timer_stop
    main.o(i.appdata_send_event) refers to main.o(.data) for is_appdata_prepare
    main.o(i.appdata_send_event) refers to main.o(.bss) for appdata_send_timer
    main.o(i.iwdg_refresh_event) refers to iwdog.o(i.iwdog_refresh) for iwdog_refresh
    main.o(i.main) refers to board.o(i.BoardInitMcu) for BoardInitMcu
    main.o(i.main) refers to board.o(i.BoardInitPeriph) for BoardInitPeriph
    main.o(i.main) refers to iwdog.o(i.iwdog_init) for iwdog_init
    main.o(i.main) refers to timer.o(i.timer_create) for timer_create
    main.o(i.main) refers to timer.o(i.timer_start) for timer_start
    main.o(i.main) refers to printf8.o(i.__0printf$8) for __2printf
    main.o(i.main) refers to neul_bc95.o(i.neul_bc95_hw_init) for neul_bc95_hw_init
    main.o(i.main) refers to main.o(i.net_attach) for net_attach
    main.o(i.main) refers to neul_bc95.o(i.neul_bc95_create_udpsocket) for neul_bc95_create_udpsocket
    main.o(i.main) refers to main.o(i.udp_uplink) for udp_uplink
    main.o(i.main) refers to main.o(i.udp_downlink) for udp_downlink
    main.o(i.main) refers to main.o(i.iwdg_refresh_event) for iwdg_refresh_event
    main.o(i.main) refers to main.o(.bss) for iwdg_refresh_timer
    main.o(i.main) refers to main.o(i.appdata_send_event) for appdata_send_event
    main.o(i.main) refers to main.o(.data) for udpsocket
    main.o(i.net_attach) refers to neul_bc95.o(i.neul_bc95_reboot) for neul_bc95_reboot
    main.o(i.net_attach) refers to printf8.o(i.__0printf$8) for __2printf
    main.o(i.net_attach) refers to neul_bc95.o(i.neul_bc95_get_netstat) for neul_bc95_get_netstat
    main.o(i.net_attach) refers to neul_bc95.o(i.neul_bc95_sleep) for neul_bc95_sleep
    main.o(i.prepare_data) refers to gps.o(i.GpsGetLatestGpsPositionBinary) for GpsGetLatestGpsPositionBinary
    main.o(i.prepare_data) refers to gps.o(i.GpsGetLatestGpsAltitude) for GpsGetLatestGpsAltitude
    main.o(i.prepare_data) refers to sht2x.o(i.SHT2xGetTempHumi) for SHT2xGetTempHumi
    main.o(i.prepare_data) refers to memcpya.o(.text) for __aeabi_memcpy4
    main.o(i.prepare_data) refers to gps.o(i.clear_buf) for clear_buf
    main.o(i.prepare_data) refers to main.o(.bss) for app_data
    main.o(i.prepare_data) refers to main.o(.data) for mac
    main.o(i.udp_downlink) refers to neul_bc95.o(i.neul_bc95_udp_read) for neul_bc95_udp_read
    main.o(i.udp_downlink) refers to printf8.o(i.__0printf$8) for __2printf
    main.o(i.udp_downlink) refers to main.o(i.parse_downlink) for parse_downlink
    main.o(i.udp_downlink) refers to neul_bc95.o(i.neul_bc95_sleep) for neul_bc95_sleep
    main.o(i.udp_downlink) refers to main.o(.bss) for rec_data
    main.o(i.udp_downlink) refers to main.o(.data) for udpsocket
    main.o(i.udp_uplink) refers to main.o(i.prepare_data) for prepare_data
    main.o(i.udp_uplink) refers to printf8.o(i.__0printf$8) for __2printf
    main.o(i.udp_uplink) refers to neul_bc95.o(i.neul_bc95_udp_send) for neul_bc95_udp_send
    main.o(i.udp_uplink) refers to main.o(i.net_attach) for net_attach
    main.o(i.udp_uplink) refers to neul_bc95.o(i.neul_bc95_create_udpsocket) for neul_bc95_create_udpsocket
    main.o(i.udp_uplink) refers to main.o(.data) for is_appdata_prepare
    main.o(i.udp_uplink) refers to main.o(.bss) for app_data
    board.o(i.BoardDeInitMcu) refers to uart.o(i.UartDeInit) for UartDeInit
    board.o(i.BoardDeInitMcu) refers to i2c.o(i.I2cDeInit) for I2cDeInit
    board.o(i.BoardDeInitMcu) refers to gpio.o(i.GpioInit) for GpioInit
    board.o(i.BoardDeInitMcu) refers to uart-board.o(.bss) for Uart1
    board.o(i.BoardDeInitMcu) refers to board.o(.bss) for I2c
    board.o(i.BoardDisableIrq) refers to board.o(.data) for IrqNestLevel
    board.o(i.BoardEnableIrq) refers to board.o(.data) for IrqNestLevel
    board.o(i.BoardInitMcu) refers to stm32l0xx_hal.o(i.HAL_Init) for HAL_Init
    board.o(i.BoardInitMcu) refers to board.o(i.SystemClockConfig) for SystemClockConfig
    board.o(i.BoardInitMcu) refers to printf.o(i.printf_init) for printf_init
    board.o(i.BoardInitMcu) refers to i2c.o(i.I2cInit) for I2cInit
    board.o(i.BoardInitMcu) refers to timer.o(i.timer_init) for timer_init
    board.o(i.BoardInitMcu) refers to tim-board.o(i.tim_init) for tim_init
    board.o(i.BoardInitMcu) refers to tim-board.o(i.set_tim_cb) for set_tim_cb
    board.o(i.BoardInitMcu) refers to board.o(i.SystemClockReConfig) for SystemClockReConfig
    board.o(i.BoardInitMcu) refers to board.o(.data) for McuInitialized
    board.o(i.BoardInitMcu) refers to board.o(.bss) for I2c
    board.o(i.BoardInitMcu) refers to timer.o(i.timer_task) for timer_task
    board.o(i.BoardInitPeriph) refers to sht2x.o(i.SHT2xInit) for SHT2xInit
[...]
    NVIC_SetPriority                         0x080041d9   Thumb Code   110  stm32l0xx_hal_cortex.o(i.NVIC_SetPriority)
    i.Nibble2HexChar                         0x08004250   Section        0  utilities.o(i.Nibble2HexChar)
    i.SHT2xGetTempHumi                       0x0800426e   Section        0  sht2x.o(i.SHT2xGetTempHumi)
    i.SHT2xInit                              0x08004288   Section        0  sht2x.o(i.SHT2xInit)
    i.SHT2xMeasure                           0x080042d0   Section        0  sht2x.o(i.SHT2xMeasure)
    SHT2xMeasure                             0x080042d1   Thumb Code    88  sht2x.o(i.SHT2xMeasure)
    i.SHT2xRead                              0x0800432c   Section        0  sht2x.o(i.SHT2xRead)
    i.SHT2xReadBuffer                        0x08004350   Section        0  sht2x.o(i.SHT2xReadBuffer)
    i.SHT2xReset                             0x08004374   Section        0  sht2x.o(i.SHT2xReset)
    i.SHT2xSetDeviceAddr                     0x08004384   Section        0  sht2x.o(i.SHT2xSetDeviceAddr)
    i.SHT2xWrite                             0x08004390   Section        0  sht2x.o(i.SHT2xWrite)
    i.SysTick_Handler                        0x080043b4   Section        0  board.o(i.SysTick_Handler)
    i.SystemClockConfig                      0x080043c0   Section        0  board.o(i.SystemClockConfig)
    SystemClockConfig                        0x080043c1   Thumb Code   176  board.o(i.SystemClockConfig)
    i.SystemClockReConfig                    0x08004478   Section        0  board.o(i.SystemClockReConfig)
    SystemClockReConfig                      0x08004479   Thumb Code   130  board.o(i.SystemClockReConfig)
    i.SystemInit                             0x08004504   Section        0  system_stm32l0xx.o(i.SystemInit)
    i.TIM21_IRQHandler                       0x0800456c   Section        0  tim-board.o(i.TIM21_IRQHandler)
    i.TIM6_DAC_IRQHandler                    0x0800457c   Section        0  tim-board.o(i.TIM6_DAC_IRQHandler)
    i.TIM_Base_SetConfig                     0x0800458c   Section        0  stm32l0xx_hal_tim.o(i.TIM_Base_SetConfig)
    TIM_Base_SetConfig                       0x0800458d   Thumb Code   108  stm32l0xx_hal_tim.o(i.TIM_Base_SetConfig)
    i.UART_AdvFeatureConfig                  0x08004600   Section        0  stm32l0xx_hal_uart.o(i.UART_AdvFeatureConfig)
    i.UART_CheckIdleState                    0x080046f0   Section        0  stm32l0xx_hal_uart.o(i.UART_CheckIdleState)
    i.UART_EndTransmit_IT                    0x08004754   Section        0  stm32l0xx_hal_uart.o(i.UART_EndTransmit_IT)
    UART_EndTransmit_IT                      0x08004755   Thumb Code    32  stm32l0xx_hal_uart.o(i.UART_EndTransmit_IT)
    i.UART_Receive_IT                        0x08004774   Section        0  stm32l0xx_hal_uart.o(i.UART_Receive_IT)
    UART_Receive_IT                          0x08004775   Thumb Code   168  stm32l0xx_hal_uart.o(i.UART_Receive_IT)
    i.UART_SetConfig                         0x0800481c   Section        0  stm32l0xx_hal_uart.o(i.UART_SetConfig)
    i.UART_Transmit_IT                       0x08004cec   Section        0  stm32l0xx_hal_uart.o(i.UART_Transmit_IT)
    UART_Transmit_IT                         0x08004ced   Thumb Code   114  stm32l0xx_hal_uart.o(i.UART_Transmit_IT)
    i.UART_WaitOnFlagUntilTimeout            0x08004d5e   Section        0  stm32l0xx_hal_uart.o(i.UART_WaitOnFlagUntilTimeout)
    i.USART1_IRQHandler                      0x08004e68   Section        0  uart-board.o(i.USART1_IRQHandler)
    i.USART2_IRQHandler                      0x08004e78   Section        0  uart-board.o(i.USART2_IRQHandler)
    i.UartConfig                             0x08004e88   Section        0  uart.o(i.UartConfig)
    i.UartGetBuffer                          0x08004eba   Section        0  uart.o(i.UartGetBuffer)
    i.UartGetChar                            0x08004ef2   Section        0  uart.o(i.UartGetChar)
    i.UartInit                               0x08004f0a   Section        0  uart.o(i.UartInit)
    i.UartMcuConfig                          0x08004f30   Section        0  uart-board.o(i.UartMcuConfig)
    i.UartMcuGetChar                         0x0800505c   Section        0  uart-board.o(i.UartMcuGetChar)
    i.UartMcuInit                            0x08005088   Section        0  uart-board.o(i.UartMcuInit)
    i.UartMcuPutChar                         0x0800516c   Section        0  uart-board.o(i.UartMcuPutChar)
    i.UartPutBuffer                          0x080051cc   Section        0  uart.o(i.UartPutBuffer)
    i.UartPutChar                            0x08005208   Section        0  uart.o(i.UartPutChar)
    i.__0printf$8                            0x08005220   Section        0  printf8.o(i.__0printf$8)
    i.__0sprintf$8                           0x08005240   Section        0  printf8.o(i.__0sprintf$8)
    i.__ARM_clz                              0x08005268   Section        0  depilogue.o(i.__ARM_clz)
    i.__ARM_common_switch8                   0x08005296   Section        0  gpio-board.o(i.__ARM_common_switch8)
    i.__aeabi_errno_addr                     0x080052b4   Section        0  errno.o(i.__aeabi_errno_addr)
    i.__scatterload_copy                     0x080052bc   Section       14  handlers.o(i.__scatterload_copy)
    i.__scatterload_null                     0x080052ca   Section        2  handlers.o(i.__scatterload_null)
    i.__scatterload_zeroinit                 0x080052cc   Section       14  handlers.o(i.__scatterload_zeroinit)
    i._printf_core                           0x080052dc   Section        0  printf8.o(i._printf_core)
    _printf_core                             0x080052dd   Thumb Code  1020  printf8.o(i._printf_core)
    i._printf_post_padding                   0x08005704   Section        0  printf8.o(i._printf_post_padding)
    _printf_post_padding                     0x08005705   Thumb Code    32  printf8.o(i._printf_post_padding)
    i._printf_pre_padding                    0x08005724   Section        0  printf8.o(i._printf_pre_padding)
    _printf_pre_padding                      0x08005725   Thumb Code    44  printf8.o(i._printf_pre_padding)
    i._sputc                                 0x08005750   Section        0  printf8.o(i._sputc)
    _sputc                                   0x08005751   Thumb Code    10  printf8.o(i._sputc)
    i.appdata_send_event                     0x0800575c   Section        0  main.o(i.appdata_send_event)
    appdata_send_event                       0x0800575d   Thumb Code    16  main.o(i.appdata_send_event)
    i.clear_buf                              0x08005774   Section        0  gps.o(i.clear_buf)
    i.delay                                  0x08005784   Section        0  softuart.o(i.delay)
    delay                                    0x08005785   Thumb Code    62  softuart.o(i.delay)
    i.fputc                                  0x080057c4   Section        0  printf.o(i.fputc)
    i.io_init                                0x080057d8   Section        0  softuart.o(i.io_init)
    io_init                                  0x080057d9   Thumb Code    54  softuart.o(i.io_init)
    i.iwdg_refresh_event                     0x0800581c   Section        0  main.o(i.iwdg_refresh_event)
    iwdg_refresh_event                       0x0800581d   Thumb Code     8  main.o(i.iwdg_refresh_event)
    i.iwdog_init                             0x08005824   Section        0  iwdog.o(i.iwdog_init)
    i.iwdog_refresh                          0x08005898   Section        0  iwdog.o(i.iwdog_refresh)
    i.main                                   0x080058a8   Section        0  main.o(i.main)
    i.net_attach                             0x08005b2c   Section        0  main.o(i.net_attach)
    i.neul_bc95_active_network               0x08005bb4   Section        0  neul_bc95.o(i.neul_bc95_active_network)
    i.neul_bc95_create_udpsocket             0x08005e1c   Section        0  neul_bc95.o(i.neul_bc95_create_udpsocket)
    i.neul_bc95_get_netstat                  0x08005efc   Section        0  neul_bc95.o(i.neul_bc95_get_netstat)
    i.neul_bc95_hex_to_str                   0x08005fb0   Section        0  neul_bc95.o(i.neul_bc95_hex_to_str)
    neul_bc95_hex_to_str                     0x08005fb1   Thumb Code    54  neul_bc95.o(i.neul_bc95_hex_to_str)
    i.neul_bc95_hw_init                      0x08005ff0   Section        0  neul_bc95.o(i.neul_bc95_hw_init)
    i.neul_bc95_prepare_transmit             0x08006068   Section        0  neul_bc95.o(i.neul_bc95_prepare_transmit)
    i.neul_bc95_reboot                       0x080060ec   Section        0  neul_bc95.o(i.neul_bc95_reboot)
    i.neul_bc95_set_auto_connect             0x080061b4   Section        0  neul_bc95.o(i.neul_bc95_set_auto_connect)
    i.neul_bc95_set_band                     0x080062dc   Section        0  neul_bc95.o(i.neul_bc95_set_band)
    i.neul_bc95_sleep                        0x08006398   Section        0  neul_bc95.o(i.neul_bc95_sleep)
    i.neul_bc95_str_to_hex                   0x080063a6   Section        0  neul_bc95.o(i.neul_bc95_str_to_hex)
    neul_bc95_str_to_hex                     0x080063a7   Thumb Code   102  neul_bc95.o(i.neul_bc95_str_to_hex)
    i.neul_bc95_udp_read                     0x0800640c   Section        0  neul_bc95.o(i.neul_bc95_udp_read)
    i.neul_bc95_udp_send                     0x08006534   Section        0  neul_bc95.o(i.neul_bc95_udp_send)
    i.parse_downlink                         0x0800665c   Section        0  main.o(i.parse_downlink)
    parse_downlink                           0x0800665d   Thumb Code     6  main.o(i.parse_downlink)
    i.prepare_data                           0x08006664   Section        0  main.o(i.prepare_data)
    prepare_data                             0x08006665   Thumb Code   168  main.o(i.prepare_data)
    i.printf_init                            0x08006718   Section        0  printf.o(i.printf_init)
    i.rx_irqhandler                          0x0800677c   Section        0  softuart.o(i.rx_irqhandler)
    rx_irqhandler                            0x0800677d   Thumb Code    28  softuart.o(i.rx_irqhandler)
    i.rx_off                                 0x080067a0   Section        0  softuart.o(i.rx_off)
    rx_off                                   0x080067a1   Thumb Code     2  softuart.o(i.rx_off)
    i.set_tim_cb                             0x080067a4   Section        0  tim-board.o(i.set_tim_cb)
    i.softuart_getchar                       0x080067c0   Section        0  softuart.o(i.softuart_getchar)
    i.softuart_init                          0x08006800   Section        0  softuart.o(i.softuart_init)
    i.softuart_set_notify                    0x08006840   Section        0  softuart.o(i.softuart_set_notify)
    i.softuart_tim_cb                        0x0800684c   Section        0  softuart.o(i.softuart_tim_cb)
    i.softuart_turn_rx_off                   0x08006988   Section        0  softuart.o(i.softuart_turn_rx_off)
    i.softuart_turn_rx_on                    0x080069b4   Section        0  softuart.o(i.softuart_turn_rx_on)
    i.tim_init                               0x080069cc   Section        0  tim-board.o(i.tim_init)
    i.timer_create                           0x08006a94   Section        0  timer.o(i.timer_create)
    i.timer_init                             0x08006ab0   Section        0  timer.o(i.timer_init)
    i.timer_link                             0x08006ad4   Section        0  timer.o(i.timer_link)
    timer_link                               0x08006ad5   Thumb Code    80  timer.o(i.timer_link)
    i.timer_start                            0x08006b30   Section        0  timer.o(i.timer_start)
    i.timer_stop                             0x08006b62   Section        0  timer.o(i.timer_stop)
    i.timer_task                             0x08006b74   Section        0  timer.o(i.timer_task)
    i.timer_unlink                           0x08006be8   Section        0  timer.o(i.timer_unlink)
    timer_unlink                             0x08006be9   Thumb Code    62  timer.o(i.timer_unlink)
    i.uart_data_flush                        0x08006c30   Section        0  neul_bc95.o(i.uart_data_flush)
    i.uart_data_read                         0x08006c44   Section        0  neul_bc95.o(i.uart_data_read)
    i.uart_data_write                        0x08006cb4   Section        0  neul_bc95.o(i.uart_data_write)
    i.udp_downlink                           0x08006cdc   Section        0  main.o(i.udp_downlink)
    i.udp_uplink                             0x08006d64   Section        0  main.o(i.udp_uplink)
    .constdata                               0x08006e5c   Section       40  gps.o(.constdata)
    .constdata                               0x08006e84   Section       33  system_stm32l0xx.o(.constdata)
    .constdata                               0x08006ea5   Section      129  ctype_o.o(.constdata)
    .constdata                               0x08006f28   Section        4  ctype_o.o(.constdata)
    table                                    0x08006f28   Data           4  ctype_o.o(.constdata)
    .data                                    0x20000000   Section       14  main.o(.data)
    mac                                      0x20000000   Data           6  main.o(.data)
    udpsocket                                0x20000008   Data           4  main.o(.data)
    is_appdata_prepare                       0x2000000c   Data           1  main.o(.data)
    .data                                    0x2000000e   Section        3  board.o(.data)
    McuInitialized                           0x2000000e   Data           1  board.o(.data)
    IrqNestLevel                             0x20000010   Data           1  board.o(.data)
    .data                                    0x20000014   Section       16  softuart.o(.data)
    qin                                      0x20000014   Data           1  softuart.o(.data)
    qout                                     0x20000015   Data           1  softuart.o(.data)
    flag_rx_off                              0x20000016   Data           1  softuart.o(.data)
    flag_rx_ready                            0x20000017   Data           1  softuart.o(.data)
    flag_tx_busy                             0x20000018   Data           1  softuart.o(.data)
    bits_left_in_tx                          0x20000019   Data           1  softuart.o(.data)
    internal_tx_buffer                       0x2000001a   Data           2  softuart.o(.data)
    flag_rx_waiting_for_stop_bit             0x20000020   Data           1  softuart.o(.data)
    rx_mask                                  0x20000021   Data           1  softuart.o(.data)
    rx_bit_cnt                               0x20000022   Data           1  softuart.o(.data)
    internal_rx_buffer                       0x20000023   Data           1  softuart.o(.data)
    .data                                    0x20000024   Section        1  i2c-board.o(.data)
    .data                                    0x20000025   Section        2  gps-board.o(.data)
    .data                                    0x20000027   Section        4  uart-board.o(.data)
    .data                                    0x2000002c   Section        8  tim-board.o(.data)
    tim6_elapsed_cb                          0x2000002c   Data           4  tim-board.o(.data)
    tim21_elapsed_cb                         0x20000030   Data           4  tim-board.o(.data)
    .data                                    0x20000034   Section        4  stm32l0xx_hal.o(.data)
    .data                                    0x20000038   Section        8  printf.o(.data)
    .data                                    0x20000040   Section       41  gps.o(.data)
    HasFix                                   0x20000040   Data           8  gps.o(.data)
    Latitude                                 0x20000048   Data           8  gps.o(.data)
    Longitude                                0x20000050   Data           8  gps.o(.data)
    LatitudeBinary                           0x20000058   Data           4  gps.o(.data)
    LongitudeBinary                          0x2000005c   Data           4  gps.o(.data)
    Altitude                                 0x20000060   Data           2  gps.o(.data)
    PpsCnt                                   0x20000064   Data           4  gps.o(.data)
    .data                                    0x20000069   Section        1  i2c.o(.data)
    I2cInitialized                           0x20000069   Data           1  i2c.o(.data)
    .data                                    0x2000006a   Section        2  sht2x.o(.data)
    I2cDeviceAddr                            0x2000006a   Data           1  sht2x.o(.data)
    SHT2xInitialized                         0x2000006b   Data           1  sht2x.o(.data)
    .data                                    0x2000006c   Section       72  neul_bc95.o(.data)
    neul_ops                                 0x2000006c   Data           8  neul_bc95.o(.data)
    udp_socket                               0x20000074   Data          24  neul_bc95.o(.data)
    neul_dev                                 0x2000008c   Data          36  neul_bc95.o(.data)
    sndcnt                                   0x200000b0   Data           4  neul_bc95.o(.data)
    .data                                    0x200000b4   Section        8  timer.o(.data)
    timer_count                              0x200000b4   Data           1  timer.o(.data)
    .data                                    0x200000bc   Section        4  system_stm32l0xx.o(.data)
    .data                                    0x200000c0   Section        4  errno.o(.data)
    _errno                                   0x200000c0   Data           4  errno.o(.data)
    .bss                                     0x200000c4   Section      100  main.o(.bss)
    app_data                                 0x200000c4   Data          22  main.o(.bss)
    rec_data                                 0x200000da   Data          22  main.o(.bss)
    iwdg_refresh_timer                       0x200000f0   Data          20  main.o(.bss)
    appdata_send_timer                       0x20000104   Data          20  main.o(.bss)
    .bss                                     0x20000128   Section      132  board.o(.bss)
    .bss                                     0x200001ac   Section      208  softuart.o(.bss)
    .bss                                     0x2000027c   Section       64  gpio-board.o(.bss)
    GpioIrq                                  0x2000027c   Data          64  gpio-board.o(.bss)
    .bss                                     0x200002bc   Section      384  gps-board.o(.bss)
    .bss                                     0x2000043c   Section      336  uart-board.o(.bss)
    .bss                                     0x2000058c   Section       20  iwdog.o(.bss)
    IwdgHandle                               0x2000058c   Data          20  iwdog.o(.bss)
    .bss                                     0x200005a0   Section      112  tim-board.o(.bss)
    .bss                                     0x20000610   Section     1024  printf.o(.bss)
    .bss                                     0x20000a10   Section       99  gps.o(.bss)
    .bss                                     0x20000a73   Section      640  neul_bc95.o(.bss)
    neul_bc95_buf                            0x20000a73   Data         128  neul_bc95.o(.bss)
    neul_bc95_wbuf                           0x20000af3   Data         128  neul_bc95.o(.bss)
    neul_bc95_tmpbuf                         0x20000b73   Data         128  neul_bc95.o(.bss)
    NB_Tx_buffer                             0x20000bf3   Data         128  neul_bc95.o(.bss)
    NB_Rx_buffer                             0x20000c73   Data         128  neul_bc95.o(.bss)
    .bss                                     0x20000cf4   Section       20  timer.o(.bss)
    timer_list                               0x20000cf4   Data          20  timer.o(.bss)
    STACK                                    0x20000d08   Section     1024  startup_stm32l052xx.o(STACK)

    Global Symbols

    Symbol Name                              Value     Ov Type        Size  Object(Section)

    BuildAttributes$$THM_ISAv3M$S$PE$A:L22$X:L11$S22$IEEE1$IW$USESV6$~STKCKD$USESV7$~SHL$OSPACE$ROPI$EBA8$MICROLIB$REQ8$PRES8$EABIv2 0x00000000   Number         0  anon$$obj.o ABSOLUTE
    __ARM_use_no_argv                        0x00000000   Number         0  main.o ABSOLUTE
    __use_no_errno                           0x00000000   Number         0  useno.o ABSOLUTE
    __use_no_exception_handling              0x00000000   Number         0  useno.o ABSOLUTE
    __use_no_fp                              0x00000000   Number         0  useno.o ABSOLUTE
    __use_no_heap                            0x00000000   Number         0  useno.o ABSOLUTE
    __use_no_heap_region                     0x00000000   Number         0  useno.o ABSOLUTE
    __use_no_semihosting                     0x00000000   Number         0  useno.o ABSOLUTE
    __use_no_semihosting_swi                 0x00000000   Number         0  useno.o ABSOLUTE
    __use_no_signal_handling                 0x00000000   Number         0  useno.o ABSOLUTE
    _printf_a                                0x00000000   Number         0  stubs.o ABSOLUTE
    _printf_c                                0x00000000   Number         0  stubs.o ABSOLUTE
    _printf_charcount                        0x00000000   Number         0  stubs.o ABSOLUTE
    _printf_d                                0x00000000   Number         0  stubs.o ABSOLUTE
    _printf_e                                0x00000000   Number         0  stubs.o ABSOLUTE
    _printf_f                                0x00000000   Number         0  stubs.o ABSOLUTE
    _printf_flags                            0x00000000   Number         0  stubs.o ABSOLUTE
    _printf_fp_dec                           0x00000000   Number         0  stubs.o ABSOLUTE
    _printf_fp_hex                           0x00000000   Number         0  stubs.o ABSOLUTE
    _printf_g                                0x00000000   Number         0  stubs.o ABSOLUTE
    _printf_i                                0x00000000   Number         0  stubs.o ABSOLUTE
    _printf_int_dec                          0x00000000   Number         0  stubs.o ABSOLUTE
    _printf_l                                0x00000000   Number         0  stubs.o ABSOLUTE
    _printf_lc                               0x00000000   Number         0  stubs.o ABSOLUTE
    _printf_ll                               0x00000000   Number         0  stubs.o ABSOLUTE
    _printf_lld                              0x00000000   Number         0  stubs.o ABSOLUTE
    _printf_lli                              0x00000000   Number         0  stubs.o ABSOLUTE
    _printf_llo                              0x00000000   Number         0  stubs.o ABSOLUTE
    _printf_llu                              0x00000000   Number         0  stubs.o ABSOLUTE
    _printf_llx                              0x00000000   Number         0  stubs.o ABSOLUTE
    _printf_longlong_dec                     0x00000000   Number         0  stubs.o ABSOLUTE
    _printf_longlong_hex                     0x00000000   Number         0  stubs.o ABSOLUTE
    _printf_longlong_oct                     0x00000000   Number         0  stubs.o ABSOLUTE
    _printf_ls                               0x00000000   Number         0  stubs.o ABSOLUTE
    _printf_mbtowc                           0x00000000   Number         0  stubs.o ABSOLUTE
    _printf_n                                0x00000000   Number         0  stubs.o ABSOLUTE
    _printf_o                                0x00000000   Number         0  stubs.o ABSOLUTE
    _printf_p                                0x00000000   Number         0  stubs.o ABSOLUTE
    _printf_percent                          0x00000000   Number         0  stubs.o ABSOLUTE
    _printf_pre_padding                      0x00000000   Number         0  stubs.o ABSOLUTE
    _printf_return_value                     0x00000000   Number         0  stubs.o ABSOLUTE
    _printf_s                                0x00000000   Number         0  stubs.o ABSOLUTE
    _printf_sizespec                         0x00000000   Number         0  stubs.o ABSOLUTE
    _printf_str                              0x00000000   Number         0  stubs.o ABSOLUTE
    _printf_truncate_signed                  0x00000000   Number         0  stubs.o ABSOLUTE
    _printf_truncate_unsigned                0x00000000   Number         0  stubs.o ABSOLUTE
    _printf_u                                0x00000000   Number         0  stubs.o ABSOLUTE
    _printf_wc                               0x00000000   Number         0  stubs.o ABSOLUTE
    _printf_wctomb                           0x00000000   Number         0  stubs.o ABSOLUTE
    _printf_widthprec                        0x00000000   Number         0  stubs.o ABSOLUTE
    _printf_x                                0x00000000   Number         0  stubs.o ABSOLUTE
    __cpp_initialize__aeabi_                  - Undefined Weak Reference
    __cxa_finalize                            - Undefined Weak Reference
    __decompress                              - Undefined Weak Reference
    _clock_init                               - Undefined Weak Reference
    _microlib_exit                            - Undefined Weak Reference
    _scanf_longlong                           - Undefined Weak Reference
    _scanf_real                               - Undefined Weak Reference
    __Vectors_Size                           0x000000c0   Number         0  startup_stm32l052xx.o ABSOLUTE
    __Vectors                                0x08000000   Data           4  startup_stm32l052xx.o(RESET)
    __Vectors_End                            0x080000c0   Data           0  startup_stm32l052xx.o(RESET)
    __main                                   0x080000c1   Thumb Code     0  entry.o(.ARM.Collect$$$$00000000)
    _main_stk                                0x080000c1   Thumb Code     0  entry2.o(.ARM.Collect$$$$00000001)
    _main_scatterload                        0x080000c5   Thumb Code     0  entry5.o(.ARM.Collect$$$$00000004)
    __main_after_scatterload                 0x080000c9   Thumb Code     0  entry5.o(.ARM.Collect$$$$00000004)
    _main_clock                              0x080000c9   Thumb Code     0  entry7b.o(.ARM.Collect$$$$00000008)
    _main_cpp_init                           0x080000c9   Thumb Code     0  entry8b.o(.ARM.Collect$$$$0000000A)
    _main_init                               0x080000c9   Thumb Code     0  entry9a.o(.ARM.Collect$$$$0000000B)
    __rt_final_cpp                           0x080000d1   Thumb Code     0  entry10a.o(.ARM.Collect$$$$0000000D)
    __rt_final_exit                          0x080000d1   Thumb Code     0  entry11a.o(.ARM.Collect$$$$0000000F)
    Reset_Handler                            0x080000d5   Thumb Code     8  startup_stm32l052xx.o(.text)
    HardFault_Handler                        0x080000df   Thumb Code     2  startup_stm32l052xx.o(.text)
    SVC_Handler                              0x080000e1   Thumb Code     2  startup_stm32l052xx.o(.text)
    PendSV_Handler                           0x080000e3   Thumb Code     2  startup_stm32l052xx.o(.text)
    ADC1_COMP_IRQHandler                     0x080000e7   Thumb Code     0  startup_stm32l052xx.o(.text)
    DMA1_Channel1_IRQHandler                 0x080000e7   Thumb Code     0  startup_stm32l052xx.o(.text)
    DMA1_Channel2_3_IRQHandler               0x080000e7   Thumb Code     0  startup_stm32l052xx.o(.text)
    DMA1_Channel4_5_6_7_IRQHandler           0x080000e7   Thumb Code     0  startup_stm32l052xx.o(.text)
    FLASH_IRQHandler                         0x080000e7   Thumb Code     0  startup_stm32l052xx.o(.text)
    I2C1_IRQHandler                          0x080000e7   Thumb Code     0  startup_stm32l052xx.o(.text)
    I2C2_IRQHandler                          0x080000e7   Thumb Code     0  startup_stm32l052xx.o(.text)
    LPTIM1_IRQHandler                        0x080000e7   Thumb Code     0  startup_stm32l052xx.o(.text)
    PVD_IRQHandler                           0x080000e7   Thumb Code     0  startup_stm32l052xx.o(.text)
    RCC_CRS_IRQHandler                       0x080000e7   Thumb Code     0  startup_stm32l052xx.o(.text)
    RNG_LPUART1_IRQHandler                   0x080000e7   Thumb Code     0  startup_stm32l052xx.o(.text)
    RTC_IRQHandler                           0x080000e7   Thumb Code     0  startup_stm32l052xx.o(.text)
    SPI1_IRQHandler                          0x080000e7   Thumb Code     0  startup_stm32l052xx.o(.text)
    SPI2_IRQHandler                          0x080000e7   Thumb Code     0  startup_stm32l052xx.o(.text)
    TIM22_IRQHandler                         0x080000e7   Thumb Code     0  startup_stm32l052xx.o(.text)
    TIM2_IRQHandler                          0x080000e7   Thumb Code     0  startup_stm32l052xx.o(.text)
    TSC_IRQHandler                           0x080000e7   Thumb Code     0  startup_stm32l052xx.o(.text)
    USB_IRQHandler                           0x080000e7   Thumb Code     0  startup_stm32l052xx.o(.text)
    WWDG_IRQHandler                          0x080000e7   Thumb Code     0  startup_stm32l052xx.o(.text)
    __aeabi_uidiv                            0x080000f1   Thumb Code     0  uidiv.o(.text)
    __aeabi_uidivmod                         0x080000f1   Thumb Code    44  uidiv.o(.text)
    __aeabi_idiv                             0x0800011d   Thumb Code     0  idiv.o(.text)
    __aeabi_idivmod                          0x0800011d   Thumb Code    40  idiv.o(.text)
    __aeabi_uldivmod                         0x08000145   Thumb Code    96  uldiv.o(.text)
    __aeabi_memcpy                           0x080001a5   Thumb Code    36  memcpya.o(.text)
    __aeabi_memcpy4                          0x080001a5   Thumb Code     0  memcpya.o(.text)
    __aeabi_memcpy8                          0x080001a5   Thumb Code     0  memcpya.o(.text)
    __aeabi_memset                           0x080001c9   Thumb Code    14  memseta.o(.text)
    __aeabi_memset4                          0x080001c9   Thumb Code     0  memseta.o(.text)
    __aeabi_memset8                          0x080001c9   Thumb Code     0  memseta.o(.text)
    __aeabi_memclr                           0x080001d7   Thumb Code     4  memseta.o(.text)
    __aeabi_memclr4                          0x080001d7   Thumb Code     0  memseta.o(.text)
    __aeabi_memclr8                          0x080001d7   Thumb Code     0  memseta.o(.text)
    _memset$wrapper                          0x080001db   Thumb Code    18  memseta.o(.text)
    strstr                                   0x080001ed   Thumb Code    40  strstr.o(.text)
    strlen                                   0x08000215   Thumb Code    14  strlen.o(.text)
    strncmp                                  0x08000223   Thumb Code    30  strncmp.o(.text)
    __0sscanf                                0x08000241   Thumb Code    50  __0sscanf.o(.text)
    _scanf_int                               0x0800027d   Thumb Code   330  _scanf_int.o(.text)
    _scanf_string                            0x080003c7   Thumb Code   232  _scanf_str.o(.text)
    atoi                                     0x080004af   Thumb Code    26  atoi.o(.text)
    __aeabi_dadd                             0x080004c9   Thumb Code   328  dadd.o(.text)
    __aeabi_dsub                             0x08000611   Thumb Code    12  dadd.o(.text)
    __aeabi_drsub                            0x0800061d   Thumb Code    12  dadd.o(.text)
    __aeabi_dmul                             0x0800062d   Thumb Code   202  dmul.o(.text)
    __aeabi_ddiv                             0x080006fd   Thumb Code   234  ddiv.o(.text)
    __aeabi_i2d                              0x080007ed   Thumb Code    34  dflti.o(.text)
    __aeabi_ui2d                             0x08000815   Thumb Code    24  dfltui.o(.text)
    __aeabi_ul2d                             0x08000831   Thumb Code    22  dfltul.o(.text)
    __aeabi_d2iz                             0x0800084d   Thumb Code    62  dfixi.o(.text)
    __aeabi_d2uiz                            0x08000895   Thumb Code    50  dfixui.o(.text)
    __aeabi_cdcmpeq                          0x080008d1   Thumb Code     0  cdcmple.o(.text)
    __aeabi_cdcmple                          0x080008d1   Thumb Code    38  cdcmple.o(.text)
    __aeabi_cdrcmple                         0x080008f9   Thumb Code    38  cdrcmple.o(.text)
    __aeabi_llsl                             0x08000921   Thumb Code    32  llshl.o(.text)
    _ll_shift_l                              0x08000921   Thumb Code     0  llshl.o(.text)
    __aeabi_llsr                             0x08000941   Thumb Code    34  llushr.o(.text)
    _ll_ushift_r                             0x08000941   Thumb Code     0  llushr.o(.text)
    __aeabi_lasr                             0x08000963   Thumb Code    38  llsshr.o(.text)
    _ll_sshift_r                             0x08000963   Thumb Code     0  llsshr.o(.text)
    _chval                                   0x08000989   Thumb Code    30  _chval.o(.text)
    __vfscanf_char                           0x080009b5   Thumb Code    24  scanf_char.o(.text)
    _sgetc                                   0x080009d5   Thumb Code    32  _sgetc.o(.text)
    _sbackspace                              0x080009f5   Thumb Code    36  _sgetc.o(.text)
    strtol                                   0x08000a19   Thumb Code   108  strtol.o(.text)
    __I$use$fp                               0x08000a89   Thumb Code     0  iusefp.o(.text)
    _double_round                            0x08000a89   Thumb Code    26  depilogue.o(.text)
    _double_epilogue                         0x08000aa3   Thumb Code   164  depilogue.o(.text)
    __scatterload                            0x08000b49   Thumb Code    28  init.o(.text)
    __scatterload_rt2                        0x08000b49   Thumb Code     0  init.o(.text)
    __rt_ctype_table                         0x08000b6d   Thumb Code     4  ctype_o.o(.text)
    isspace                                  0x08000b75   Thumb Code    18  isspace_o.o(.text)
    __vfscanf                                0x08000b89   Thumb Code   812  _scanf.o(.text)
    _strtoul                                 0x08000ec1   Thumb Code   166  _strtoul.o(.text)
    BoardDisableIrq                          0x08000f69   Thumb Code    14  board.o(i.BoardDisableIrq)
    BoardEnableIrq                           0x08000f7d   Thumb Code    22  board.o(i.BoardEnableIrq)
    BoardInitMcu                             0x08000f99   Thumb Code    58  board.o(i.BoardInitMcu)
    BoardInitPeriph                          0x08000fe1   Thumb Code    12  board.o(i.BoardInitPeriph)
    DelayMs                                  0x08000fed   Thumb Code    12  delay.o(i.DelayMs)
    EXTI0_1_IRQHandler                       0x08000ff9   Thumb Code    16  gpio-board.o(i.EXTI0_1_IRQHandler)
    EXTI2_3_IRQHandler                       0x08001009   Thumb Code    16  gpio-board.o(i.EXTI2_3_IRQHandler)
    EXTI4_15_IRQHandler                      0x08001019   Thumb Code    92  gpio-board.o(i.EXTI4_15_IRQHandler)
    FifoInit                                 0x08001075   Thumb Code    12  fifo.o(i.FifoInit)
    FifoPop                                  0x08001093   Thumb Code    30  fifo.o(i.FifoPop)
    FifoPush                                 0x080010b1   Thumb Code    24  fifo.o(i.FifoPush)
    GpioInit                                 0x080010c9   Thumb Code    40  gpio.o(i.GpioInit)
    GpioMcuInit                              0x080010f1   Thumb Code   330  gpio-board.o(i.GpioMcuInit)
    GpioMcuRead                              0x08001251   Thumb Code    30  gpio-board.o(i.GpioMcuRead)
    GpioMcuSetInterrupt                      0x08001271   Thumb Code   326  gpio-board.o(i.GpioMcuSetInterrupt)
    GpioMcuWrite                             0x080013c9   Thumb Code    40  gpio-board.o(i.GpioMcuWrite)
    GpioRead                                 0x080013f1   Thumb Code    24  gpio.o(i.GpioRead)
    GpioSetInterrupt                         0x08001409   Thumb Code    32  gpio.o(i.GpioSetInterrupt)
    GpioWrite                                0x08001429   Thumb Code    24  gpio.o(i.GpioWrite)
    GpsConvertPositionFromStringToNumerical  0x08001441   Thumb Code   730  gps.o(i.GpsConvertPositionFromStringToNumerical)
    GpsConvertPositionIntoBinary             0x08001745   Thumb Code   196  gps.o(i.GpsConvertPositionIntoBinary)
    GpsFormatGpsData                         0x08001825   Thumb Code    92  gps.o(i.GpsFormatGpsData)
    GpsGetLatestGpsAltitude                  0x08001891   Thumb Code    54  gps.o(i.GpsGetLatestGpsAltitude)
    GpsGetLatestGpsPositionBinary            0x080018d9   Thumb Code    54  gps.o(i.GpsGetLatestGpsPositionBinary)
    GpsInit                                  0x08001921   Thumb Code    14  gps.o(i.GpsInit)
    GpsMcuInit                               0x08001935   Thumb Code    64  gps-board.o(i.GpsMcuInit)
    GpsMcuInvertPpsTrigger                   0x08001989   Thumb Code     2  gps-board.o(i.GpsMcuInvertPpsTrigger)
    GpsMcuIrqNotify                          0x0800198d   Thumb Code   104  gps-board.o(i.GpsMcuIrqNotify)
    GpsMcuOnPpsSignal                        0x080019fd   Thumb Code    26  gps-board.o(i.GpsMcuOnPpsSignal)
    GpsMcuStart                              0x08001a17   Thumb Code     2  gps-board.o(i.GpsMcuStart)
    GpsNmeaChecksum                          0x08001a19   Thumb Code   114  gps.o(i.GpsNmeaChecksum)
    GpsParseGpsData                          0x08001ad1   Thumb Code  1202  gps.o(i.GpsParseGpsData)
    GpsPpsHandler                            0x08001f89   Thumb Code    38  gps.o(i.GpsPpsHandler)
    GpsResetPosition                         0x08001fb9   Thumb Code    34  gps.o(i.GpsResetPosition)
    HAL_Delay                                0x08001ff1   Thumb Code    26  stm32l0xx_hal.o(i.HAL_Delay)
    HAL_GPIO_EXTI_Callback                   0x0800200d   Thumb Code    42  gpio-board.o(i.HAL_GPIO_EXTI_Callback)
    HAL_GPIO_EXTI_IRQHandler                 0x0800203d   Thumb Code    26  stm32l0xx_hal_gpio.o(i.HAL_GPIO_EXTI_IRQHandler)
    HAL_GPIO_Init                            0x0800205d   Thumb Code   462  stm32l0xx_hal_gpio.o(i.HAL_GPIO_Init)
    HAL_GPIO_ReadPin                         0x08002249   Thumb Code    18  stm32l0xx_hal_gpio.o(i.HAL_GPIO_ReadPin)
    HAL_GPIO_WritePin                        0x0800225b   Thumb Code    12  stm32l0xx_hal_gpio.o(i.HAL_GPIO_WritePin)
    HAL_GetTick                              0x08002269   Thumb Code     6  stm32l0xx_hal.o(i.HAL_GetTick)
    HAL_I2C_DeInit                           0x08002275   Thumb Code    58  stm32l0xx_hal_i2c.o(i.HAL_I2C_DeInit)
    HAL_I2C_Init                             0x080022b1   Thumb Code   190  stm32l0xx_hal_i2c.o(i.HAL_I2C_Init)
    HAL_I2C_Mem_Read                         0x08002375   Thumb Code   384  stm32l0xx_hal_i2c.o(i.HAL_I2C_Mem_Read)
    HAL_I2C_Mem_Write                        0x080024f9   Thumb Code   386  stm32l0xx_hal_i2c.o(i.HAL_I2C_Mem_Write)
    HAL_I2C_MspDeInit                        0x08002681   Thumb Code     2  stm32l0xx_hal_i2c.o(i.HAL_I2C_MspDeInit)
    HAL_I2C_MspInit                          0x08002683   Thumb Code     2  stm32l0xx_hal_i2c.o(i.HAL_I2C_MspInit)
    HAL_IWDG_Init                            0x08002685   Thumb Code   166  stm32l0xx_hal_iwdg.o(i.HAL_IWDG_Init)
    HAL_IWDG_MspInit                         0x08002735   Thumb Code     2  stm32l0xx_hal_iwdg.o(i.HAL_IWDG_MspInit)
    HAL_IWDG_Refresh                         0x08002739   Thumb Code   102  stm32l0xx_hal_iwdg.o(i.HAL_IWDG_Refresh)
    HAL_IWDG_Start                           0x080027a5   Thumb Code   114  stm32l0xx_hal_iwdg.o(i.HAL_IWDG_Start)
    HAL_IncTick                              0x08002825   Thumb Code    12  stm32l0xx_hal.o(i.HAL_IncTick)
    HAL_Init                                 0x08002835   Thumb Code    28  stm32l0xx_hal.o(i.HAL_Init)
    HAL_InitTick                             0x08002855   Thumb Code    36  stm32l0xx_hal.o(i.HAL_InitTick)
    HAL_MspInit                              0x0800287d   Thumb Code     2  stm32l0xx_hal_msp_template.o(i.HAL_MspInit)
    HAL_NVIC_EnableIRQ                       0x08002881   Thumb Code    18  stm32l0xx_hal_cortex.o(i.HAL_NVIC_EnableIRQ)
    HAL_NVIC_SetPriority                     0x08002899   Thumb Code    18  stm32l0xx_hal_cortex.o(i.HAL_NVIC_SetPriority)
    HAL_RCCEx_PeriphCLKConfig                0x080028ad   Thumb Code   530  stm32l0xx_hal_rcc_ex.o(i.HAL_RCCEx_PeriphCLKConfig)
    HAL_RCC_ClockConfig                      0x08002acd   Thumb Code   482  stm32l0xx_hal_rcc.o(i.HAL_RCC_ClockConfig)
    HAL_RCC_GetHCLKFreq                      0x08002cc5   Thumb Code     6  stm32l0xx_hal_rcc.o(i.HAL_RCC_GetHCLKFreq)
    HAL_RCC_GetPCLK1Freq                     0x08002cd1   Thumb Code    26  stm32l0xx_hal_rcc.o(i.HAL_RCC_GetPCLK1Freq)
    HAL_RCC_GetPCLK2Freq                     0x08002cf5   Thumb Code    26  stm32l0xx_hal_rcc.o(i.HAL_RCC_GetPCLK2Freq)
    HAL_RCC_GetSysClockFreq                  0x08002d19   Thumb Code   214  stm32l0xx_hal_rcc.o(i.HAL_RCC_GetSysClockFreq)
    HAL_RCC_OscConfig                        0x08002e05   Thumb Code  1684  stm32l0xx_hal_rcc.o(i.HAL_RCC_OscConfig)
    HAL_SYSTICK_CLKSourceConfig              0x080034a5   Thumb Code    32  stm32l0xx_hal_cortex.o(i.HAL_SYSTICK_CLKSourceConfig)
    HAL_SYSTICK_Callback                     0x080034c9   Thumb Code     2  stm32l0xx_hal_cortex.o(i.HAL_SYSTICK_Callback)
    HAL_SYSTICK_Config                       0x080034cd   Thumb Code    46  stm32l0xx_hal_cortex.o(i.HAL_SYSTICK_Config)
    HAL_SYSTICK_IRQHandler                   0x08003505   Thumb Code     8  stm32l0xx_hal_cortex.o(i.HAL_SYSTICK_IRQHandler)
    HAL_TIM_Base_Init                        0x0800350d   Thumb Code    56  stm32l0xx_hal_tim.o(i.HAL_TIM_Base_Init)
    HAL_TIM_Base_MspInit                     0x08003545   Thumb Code     2  stm32l0xx_hal_tim.o(i.HAL_TIM_Base_MspInit)
    HAL_TIM_Base_Start_IT                    0x08003547   Thumb Code    30  stm32l0xx_hal_tim.o(i.HAL_TIM_Base_Start_IT)
    HAL_TIM_Base_Stop_IT                     0x08003565   Thumb Code    46  stm32l0xx_hal_tim.o(i.HAL_TIM_Base_Stop_IT)
    HAL_TIM_IC_CaptureCallback               0x08003599   Thumb Code     2  stm32l0xx_hal_tim.o(i.HAL_TIM_IC_CaptureCallback)
    HAL_TIM_IRQHandler                       0x0800359b   Thumb Code   380  stm32l0xx_hal_tim.o(i.HAL_TIM_IRQHandler)
    HAL_TIM_OC_DelayElapsedCallback          0x08003717   Thumb Code     2  stm32l0xx_hal_tim.o(i.HAL_TIM_OC_DelayElapsedCallback)
    HAL_TIM_PWM_PulseFinishedCallback        0x08003719   Thumb Code     2  stm32l0xx_hal_tim.o(i.HAL_TIM_PWM_PulseFinishedCallback)
    HAL_TIM_PeriodElapsedCallback            0x0800371d   Thumb Code    48  tim-board.o(i.HAL_TIM_PeriodElapsedCallback)
    HAL_TIM_TriggerCallback                  0x0800375d   Thumb Code     2  stm32l0xx_hal_tim.o(i.HAL_TIM_TriggerCallback)
    HAL_UARTEx_WakeupCallback                0x0800375f   Thumb Code     2  stm32l0xx_hal_uart_ex.o(i.HAL_UARTEx_WakeupCallback)
    HAL_UART_ErrorCallback                   0x08003761   Thumb Code    16  uart-board.o(i.HAL_UART_ErrorCallback)
    HAL_UART_IRQHandler                      0x08003775   Thumb Code   354  stm32l0xx_hal_uart.o(i.HAL_UART_IRQHandler)
    HAL_UART_Init                            0x080038d7   Thumb Code   124  stm32l0xx_hal_uart.o(i.HAL_UART_Init)
    HAL_UART_MspInit                         0x08003953   Thumb Code     2  stm32l0xx_hal_uart.o(i.HAL_UART_MspInit)
    HAL_UART_Receive_IT                      0x08003955   Thumb Code   214  stm32l0xx_hal_uart.o(i.HAL_UART_Receive_IT)
    HAL_UART_RxCpltCallback                  0x08003a31   Thumb Code    74  uart-board.o(i.HAL_UART_RxCpltCallback)
    HAL_UART_Transmit_IT                     0x08003a91   Thumb Code   110  stm32l0xx_hal_uart.o(i.HAL_UART_Transmit_IT)
    HAL_UART_TxCpltCallback                  0x08003b01   Thumb Code    72  uart-board.o(i.HAL_UART_TxCpltCallback)
    I2cDeInit                                0x08003ee1   Thumb Code    18  i2c.o(i.I2cDeInit)
    I2cInit                                  0x08003ef9   Thumb Code    52  i2c.o(i.I2cInit)
    I2cMcuDeInit                             0x08003f35   Thumb Code   148  i2c-board.o(i.I2cMcuDeInit)
    I2cMcuFormat                             0x08003fd1   Thumb Code    52  i2c-board.o(i.I2cMcuFormat)
    I2cMcuInit                               0x08004009   Thumb Code   114  i2c-board.o(i.I2cMcuInit)
    I2cMcuReadBuffer                         0x08004085   Thumb Code    80  i2c-board.o(i.I2cMcuReadBuffer)
    I2cMcuWriteBuffer                        0x080040d9   Thumb Code    80  i2c-board.o(i.I2cMcuWriteBuffer)
    I2cReadBuffer                            0x0800412d   Thumb Code    42  i2c.o(i.I2cReadBuffer)
    I2cWriteBuffer                           0x0800415d   Thumb Code    72  i2c.o(i.I2cWriteBuffer)
    IsFifoEmpty                              0x080041a9   Thumb Code    18  fifo.o(i.IsFifoEmpty)
    IsFifoFull                               0x080041bb   Thumb Code    26  fifo.o(i.IsFifoFull)
    NMI_Handler                              0x080041d5   Thumb Code     2  sysirqhandlers.o(i.NMI_Handler)
    Nibble2HexChar                           0x08004251   Thumb Code    30  utilities.o(i.Nibble2HexChar)
    SHT2xGetTempHumi                         0x0800426f   Thumb Code    24  sht2x.o(i.SHT2xGetTempHumi)
    SHT2xInit                                0x08004289   Thumb Code    66  sht2x.o(i.SHT2xInit)
    SHT2xRead                                0x0800432d   Thumb Code    26  sht2x.o(i.SHT2xRead)
    SHT2xReadBuffer                          0x08004351   Thumb Code    26  sht2x.o(i.SHT2xReadBuffer)
    SHT2xReset                               0x08004375   Thumb Code    14  sht2x.o(i.SHT2xReset)
    SHT2xSetDeviceAddr                       0x08004385   Thumb Code     6  sht2x.o(i.SHT2xSetDeviceAddr)
    SHT2xWrite                               0x08004391   Thumb Code    28  sht2x.o(i.SHT2xWrite)
    SysTick_Handler                          0x080043b5   Thumb Code    12  board.o(i.SysTick_Handler)
    SystemInit                               0x08004505   Thumb Code    88  system_stm32l0xx.o(i.SystemInit)
    TIM21_IRQHandler                         0x0800456d   Thumb Code    10  tim-board.o(i.TIM21_IRQHandler)
    TIM6_DAC_IRQHandler                      0x0800457d   Thumb Code    10  tim-board.o(i.TIM6_DAC_IRQHandler)
    UART_AdvFeatureConfig                    0x08004601   Thumb Code   240  stm32l0xx_hal_uart.o(i.UART_AdvFeatureConfig)
    UART_CheckIdleState                      0x080046f1   Thumb Code    96  stm32l0xx_hal_uart.o(i.UART_CheckIdleState)
    UART_SetConfig                           0x0800481d   Thumb Code  1220  stm32l0xx_hal_uart.o(i.UART_SetConfig)
    UART_WaitOnFlagUntilTimeout              0x08004d5f   Thumb Code   264  stm32l0xx_hal_uart.o(i.UART_WaitOnFlagUntilTimeout)
    USART1_IRQHandler                        0x08004e69   Thumb Code    10  uart-board.o(i.USART1_IRQHandler)
    USART2_IRQHandler                        0x08004e79   Thumb Code    10  uart-board.o(i.USART2_IRQHandler)
    UartConfig                               0x08004e89   Thumb Code    50  uart.o(i.UartConfig)
    UartGetBuffer                            0x08004ebb   Thumb Code    56  uart.o(i.UartGetBuffer)
    UartGetChar                              0x08004ef3   Thumb Code    24  uart.o(i.UartGetChar)
    UartInit                                 0x08004f0b   Thumb Code    38  uart.o(i.UartInit)
    UartMcuConfig                            0x08004f31   Thumb Code   278  uart-board.o(i.UartMcuConfig)
    UartMcuGetChar                           0x0800505d   Thumb Code    42  uart-board.o(i.UartMcuGetChar)
    UartMcuInit                              0x08005089   Thumb Code   216  uart-board.o(i.UartMcuInit)
    UartMcuPutChar                           0x0800516d   Thumb Code    82  uart-board.o(i.UartMcuPutChar)
    UartPutBuffer                            0x080051cd   Thumb Code    60  uart.o(i.UartPutBuffer)
    UartPutChar                              0x08005209   Thumb Code    24  uart.o(i.UartPutChar)
    __0printf$8                              0x08005221   Thumb Code    24  printf8.o(i.__0printf$8)
    __1printf$8                              0x08005221   Thumb Code     0  printf8.o(i.__0printf$8)
    __2printf                                0x08005221   Thumb Code     0  printf8.o(i.__0printf$8)
    __0sprintf$8                             0x08005241   Thumb Code    36  printf8.o(i.__0sprintf$8)
    __1sprintf$8                             0x08005241   Thumb Code     0  printf8.o(i.__0sprintf$8)
    __2sprintf                               0x08005241   Thumb Code     0  printf8.o(i.__0sprintf$8)
    __ARM_clz                                0x08005269   Thumb Code    46  depilogue.o(i.__ARM_clz)
    __ARM_common_switch8                     0x08005297   Thumb Code    28  gpio-board.o(i.__ARM_common_switch8)
    __aeabi_errno_addr                       0x080052b5   Thumb Code     4  errno.o(i.__aeabi_errno_addr)
    __rt_errno_addr                          0x080052b5   Thumb Code     0  errno.o(i.__aeabi_errno_addr)
    __scatterload_copy                       0x080052bd   Thumb Code    14  handlers.o(i.__scatterload_copy)
    __scatterload_null                       0x080052cb   Thumb Code     2  handlers.o(i.__scatterload_null)
    __scatterload_zeroinit                   0x080052cd   Thumb Code    14  handlers.o(i.__scatterload_zeroinit)
    clear_buf                                0x08005775   Thumb Code    10  gps.o(i.clear_buf)
    fputc                                    0x080057c5   Thumb Code    16  printf.o(i.fputc)
    iwdog_init                               0x08005825   Thumb Code    70  iwdog.o(i.iwdog_init)
    iwdog_refresh                            0x08005899   Thumb Code    10  iwdog.o(i.iwdog_refresh)
    main                                     0x080058a9   Thumb Code   378  main.o(i.main)
    net_attach                               0x08005b2d   Thumb Code    70  main.o(i.net_attach)
    neul_bc95_active_network                 0x08005bb5   Thumb Code   468  neul_bc95.o(i.neul_bc95_active_network)
    neul_bc95_create_udpsocket               0x08005e1d   Thumb Code   174  neul_bc95.o(i.neul_bc95_create_udpsocket)
    neul_bc95_get_netstat                    0x08005efd   Thumb Code   122  neul_bc95.o(i.neul_bc95_get_netstat)
    neul_bc95_hw_init                        0x08005ff1   Thumb Code   108  neul_bc95.o(i.neul_bc95_hw_init)
    neul_bc95_prepare_transmit               0x08006069   Thumb Code    92  neul_bc95.o(i.neul_bc95_prepare_transmit)
    neul_bc95_reboot                         0x080060ed   Thumb Code   130  neul_bc95.o(i.neul_bc95_reboot)
    neul_bc95_set_auto_connect               0x080061b5   Thumb Code   162  neul_bc95.o(i.neul_bc95_set_auto_connect)
    neul_bc95_set_band                       0x080062dd   Thumb Code   160  neul_bc95.o(i.neul_bc95_set_band)
    neul_bc95_sleep                          0x08006399   Thumb Code    14  neul_bc95.o(i.neul_bc95_sleep)
    neul_bc95_udp_read                       0x0800640d   Thumb Code   232  neul_bc95.o(i.neul_bc95_udp_read)
    neul_bc95_udp_send                       0x08006535   Thumb Code   230  neul_bc95.o(i.neul_bc95_udp_send)
    printf_init                              0x08006719   Thumb Code    72  printf.o(i.printf_init)
    set_tim_cb                               0x080067a5   Thumb Code    20  tim-board.o(i.set_tim_cb)
    softuart_getchar                         0x080067c1   Thumb Code    52  softuart.o(i.softuart_getchar)
    softuart_init                            0x08006801   Thumb Code    44  softuart.o(i.softuart_init)
    softuart_set_notify                      0x08006841   Thumb Code     6  softuart.o(i.softuart_set_notify)
    softuart_tim_cb                          0x0800684d   Thumb Code   252  softuart.o(i.softuart_tim_cb)
    softuart_turn_rx_off                     0x08006989   Thumb Code    28  softuart.o(i.softuart_turn_rx_off)
    softuart_turn_rx_on                      0x080069b5   Thumb Code    16  softuart.o(i.softuart_turn_rx_on)
    tim_init                                 0x080069cd   Thumb Code   166  tim-board.o(i.tim_init)
    timer_create                             0x08006a95   Thumb Code    28  timer.o(i.timer_create)
    timer_init                               0x08006ab1   Thumb Code    28  timer.o(i.timer_init)
    timer_start                              0x08006b31   Thumb Code    50  timer.o(i.timer_start)
    timer_stop                               0x08006b63   Thumb Code    18  timer.o(i.timer_stop)
    timer_task                               0x08006b75   Thumb Code   104  timer.o(i.timer_task)
    uart_data_flush                          0x08006c31   Thumb Code    14  neul_bc95.o(i.uart_data_flush)
    uart_data_read                           0x08006c45   Thumb Code   108  neul_bc95.o(i.uart_data_read)
    uart_data_write                          0x08006cb5   Thumb Code    34  neul_bc95.o(i.uart_data_write)
    udp_downlink                             0x08006cdd   Thumb Code    92  main.o(i.udp_downlink)
    udp_uplink                               0x08006d65   Thumb Code   132  main.o(i.udp_uplink)
    NmeaDataTypeGPGGA                        0x08006e5c   Data           6  gps.o(.constdata)
    NmeaDataTypeGPGSA                        0x08006e62   Data           6  gps.o(.constdata)
    NmeaDataTypeGPGSV                        0x08006e68   Data           6  gps.o(.constdata)
    NmeaDataTypeGPRMC                        0x08006e6e   Data           6  gps.o(.constdata)
    MaxNorthPosition                         0x08006e74   Data           4  gps.o(.constdata)
    MaxSouthPosition                         0x08006e78   Data           4  gps.o(.constdata)
    MaxEastPosition                          0x08006e7c   Data           4  gps.o(.constdata)
    MaxWestPosition                          0x08006e80   Data           4  gps.o(.constdata)
    AHBPrescTable                            0x08006e84   Data          16  system_stm32l0xx.o(.constdata)
    APBPrescTable                            0x08006e94   Data           8  system_stm32l0xx.o(.constdata)
    PLLMulTable                              0x08006e9c   Data           9  system_stm32l0xx.o(.constdata)
    __ctype_table                            0x08006ea5   Data         129  ctype_o.o(.constdata)
    Region$$Table$$Base                      0x08006f2c   Number         0  anon$$obj.o(Region$$Table)
    Region$$Table$$Limit                     0x08006f4c   Number         0  anon$$obj.o(Region$$Table)
    run_mode                                 0x2000000d   Data           1  main.o(.data)
    Led3Status                               0x2000000f   Data           1  board.o(.data)
    softuart_notify                          0x2000001c   Data           4  softuart.o(.data)
    I2cInternalAddrSize                      0x20000024   Data           1  i2c-board.o(.data)
    NmeaStringSize                           0x20000025   Data           1  gps-board.o(.data)
    PpsTrigger                               0x20000026   Data           1  gps-board.o(.data)
    Uart1init                                0x20000027   Data           1  uart-board.o(.data)
    Uart2init                                0x20000028   Data           1  uart-board.o(.data)
    RxData                                   0x20000029   Data           1  uart-board.o(.data)
    TxData                                   0x2000002a   Data           1  uart-board.o(.data)
    uwTick                                   0x20000034   Data           4  stm32l0xx_hal.o(.data)
    __stdout                                 0x20000038   Data           4  printf.o(.data)
    __stdin                                  0x2000003c   Data           4  printf.o(.data)
    PpsDetected                              0x20000068   Data           1  gps.o(.data)
    timer_tick                               0x200000b8   Data           4  timer.o(.data)
    SystemCoreClock                          0x200000bc   Data           4  system_stm32l0xx.o(.data)
    node_stat                                0x20000118   Data          16  main.o(.bss)
    I2c                                      0x20000128   Data          84  board.o(.bss)
    GpsPps                                   0x2000017c   Data          12  board.o(.bss)
    GpsRx                                    0x20000188   Data          12  board.o(.bss)
    GpsTx                                    0x20000194   Data          12  board.o(.bss)
    GpsPowerEn                               0x200001a0   Data          12  board.o(.bss)
    inbuf                                    0x200001ac   Data         128  softuart.o(.bss)
    tx                                       0x2000022c   Data          12  softuart.o(.bss)
    rx                                       0x20000238   Data          12  softuart.o(.bss)
    TimHandle                                0x20000244   Data          56  softuart.o(.bss)
    TxBuffer                                 0x200002bc   Data         128  gps-board.o(.bss)
    RxBuffer                                 0x2000033c   Data         128  gps-board.o(.bss)
    NmeaString                               0x200003bc   Data         128  gps-board.o(.bss)
    Uart1Handle                              0x2000043c   Data         112  uart-board.o(.bss)
    Uart2Handle                              0x200004ac   Data         112  uart-board.o(.bss)
    Uart1                                    0x2000051c   Data          56  uart-board.o(.bss)
    Uart2                                    0x20000554   Data          56  uart-board.o(.bss)
    tim6_handle                              0x200005a0   Data          56  tim-board.o(.bss)
    tim21_handle                             0x200005d8   Data          56  tim-board.o(.bss)
    printf_TxBuffer                          0x20000610   Data         512  printf.o(.bss)
    printf_RxBuffer                          0x20000810   Data         512  printf.o(.bss)
    NmeaGpsData                              0x20000a10   Data          99  gps.o(.bss)
    __initial_sp                             0x20001108   Data           0  startup_stm32l052xx.o(STACK)



==============================================================================

Memory Map of the image

  Image Entry point : 0x080000c1

  Load Region LR_IROM1 (Base: 0x08000000, Size: 0x00007010, Max: 0x00010000, ABSOLUTE)

    Execution Region ER_IROM1 (Base: 0x08000000, Size: 0x00006f4c, Max: 0x00010000, ABSOLUTE)

    Base Addr    Size         Type   Attr      Idx    E Section Name        Object

    0x08000000   0x000000c0   Data   RO         7563    RESET               startup_stm32l052xx.o
    0x080000c0   0x00000000   Code   RO         7601  * .ARM.Collect$$$$00000000  mc_p.l(entry.o)
    0x080000c0   0x00000004   Code   RO         7915    .ARM.Collect$$$$00000001  mc_p.l(entry2.o)
    0x080000c4   0x00000004   Code   RO         7918    .ARM.Collect$$$$00000004  mc_p.l(entry5.o)
    0x080000c8   0x00000000   Code   RO         7920    .ARM.Collect$$$$00000008  mc_p.l(entry7b.o)
    0x080000c8   0x00000000   Code   RO         7922    .ARM.Collect$$$$0000000A  mc_p.l(entry8b.o)
    0x080000c8   0x00000008   Code   RO         7923    .ARM.Collect$$$$0000000B  mc_p.l(entry9a.o)
    0x080000d0   0x00000000   Code   RO         7925    .ARM.Collect$$$$0000000D  mc_p.l(entry10a.o)
    0x080000d0   0x00000000   Code   RO         7927    .ARM.Collect$$$$0000000F  mc_p.l(entry11a.o)
    0x080000d0   0x00000004   Code   RO         7916    .ARM.Collect$$$$00002712  mc_p.l(entry2.o)
    0x080000d4   0x0000001c   Code   RO         7564    .text               startup_stm32l052xx.o
    0x080000f0   0x0000002c   Code   RO         7604    .text               mc_p.l(uidiv.o)
    0x0800011c   0x00000028   Code   RO         7606    .text               mc_p.l(idiv.o)
    0x08000144   0x00000060   Code   RO         7608    .text               mc_p.l(uldiv.o)
    0x080001a4   0x00000024   Code   RO         7610    .text               mc_p.l(memcpya.o)
    0x080001c8   0x00000024   Code   RO         7612    .text               mc_p.l(memseta.o)
    0x080001ec   0x00000028   Code   RO         7614    .text               mc_p.l(strstr.o)
    0x08000214   0x0000000e   Code   RO         7616    .text               mc_p.l(strlen.o)
    0x08000222   0x0000001e   Code   RO         7618    .text               mc_p.l(strncmp.o)
    0x08000240   0x0000003c   Code   RO         7883    .text               mc_p.l(__0sscanf.o)
    0x0800027c   0x0000014a   Code   RO         7885    .text               mc_p.l(_scanf_int.o)
    0x080003c6   0x000000e8   Code   RO         7887    .text               mc_p.l(_scanf_str.o)
    0x080004ae   0x0000001a   Code   RO         7889    .text               mc_p.l(atoi.o)
    0x080004c8   0x00000164   Code   RO         7893    .text               mf_p.l(dadd.o)
    0x0800062c   0x000000d0   Code   RO         7895    .text               mf_p.l(dmul.o)
    0x080006fc   0x000000f0   Code   RO         7897    .text               mf_p.l(ddiv.o)
    0x080007ec   0x00000028   Code   RO         7899    .text               mf_p.l(dflti.o)
    0x08000814   0x0000001c   Code   RO         7901    .text               mf_p.l(dfltui.o)
    0x08000830   0x0000001c   Code   RO         7903    .text               mf_p.l(dfltul.o)
    0x0800084c   0x00000048   Code   RO         7907    .text               mf_p.l(dfixi.o)
    0x08000894   0x0000003c   Code   RO         7909    .text               mf_p.l(dfixui.o)
    0x080008d0   0x00000028   Code   RO         7911    .text               mf_p.l(cdcmple.o)
    0x080008f8   0x00000028   Code   RO         7913    .text               mf_p.l(cdrcmple.o)
    0x08000920   0x00000020   Code   RO         7929    .text               mc_p.l(llshl.o)
    0x08000940   0x00000022   Code   RO         7931    .text               mc_p.l(llushr.o)
    0x08000962   0x00000026   Code   RO         7933    .text               mc_p.l(llsshr.o)
    0x08000988   0x0000001e   Code   RO         7942    .text               mc_p.l(_chval.o)
    0x080009a6   0x00000002   PAD
    0x080009a8   0x0000002c   Code   RO         7944    .text               mc_p.l(scanf_char.o)
    0x080009d4   0x00000044   Code   RO         7946    .text               mc_p.l(_sgetc.o)
    0x08000a18   0x00000070   Code   RO         7948    .text               mc_p.l(strtol.o)
    0x08000a88   0x00000000   Code   RO         7950    .text               mc_p.l(iusefp.o)
    0x08000a88   0x000000be   Code   RO         7951    .text               mf_p.l(depilogue.o)
    0x08000b46   0x00000002   PAD
    0x08000b48   0x00000024   Code   RO         7957    .text               mc_p.l(init.o)
    0x08000b6c   0x00000008   Code   RO         7961    .text               mc_p.l(ctype_o.o)
    0x08000b74   0x00000012   Code   RO         7983    .text               mc_p.l(isspace_o.o)
    0x08000b86   0x00000002   PAD
    0x08000b88   0x00000338   Code   RO         7989    .text               mc_p.l(_scanf.o)
    0x08000ec0   0x000000a6   Code   RO         7991    .text               mc_p.l(_strtoul.o)
    0x08000f66   0x00000002   PAD
    0x08000f68   0x00000014   Code   RO          325    i.BoardDisableIrq   board.o
    0x08000f7c   0x0000001c   Code   RO          326    i.BoardEnableIrq    board.o
    0x08000f98   0x00000048   Code   RO          329    i.BoardInitMcu      board.o
    0x08000fe0   0x0000000c   Code   RO          330    i.BoardInitPeriph   board.o
    0x08000fec   0x0000000c   Code   RO         6916    i.DelayMs           delay.o
    0x08000ff8   0x00000010   Code   RO          500    i.EXTI0_1_IRQHandler  gpio-board.o
    0x08001008   0x00000010   Code   RO          501    i.EXTI2_3_IRQHandler  gpio-board.o
    0x08001018   0x0000005c   Code   RO          502    i.EXTI4_15_IRQHandler  gpio-board.o
    0x08001074   0x0000000c   Code   RO         6867    i.FifoInit          fifo.o
    0x08001080   0x00000012   Code   RO         6868    i.FifoNext          fifo.o
    0x08001092   0x0000001e   Code   RO         6869    i.FifoPop           fifo.o
    0x080010b0   0x00000018   Code   RO         6870    i.FifoPush          fifo.o
    0x080010c8   0x00000028   Code   RO         6941    i.GpioInit          gpio.o
    0x080010f0   0x00000160   Code   RO          503    i.GpioMcuInit       gpio-board.o
    0x08001250   0x0000001e   Code   RO          504    i.GpioMcuRead       gpio-board.o
    0x0800126e   0x00000002   PAD
    0x08001270   0x00000158   Code   RO          506    i.GpioMcuSetInterrupt  gpio-board.o
    0x080013c8   0x00000028   Code   RO          508    i.GpioMcuWrite      gpio-board.o
    0x080013f0   0x00000018   Code   RO         6942    i.GpioRead          gpio.o
    0x08001408   0x00000020   Code   RO         6944    i.GpioSetInterrupt  gpio.o
    0x08001428   0x00000018   Code   RO         6946    i.GpioWrite         gpio.o
    0x08001440   0x00000304   Code   RO         6991    i.GpsConvertPositionFromStringToNumerical  gps.o
    0x08001744   0x000000e0   Code   RO         6992    i.GpsConvertPositionIntoBinary  gps.o
    0x08001824   0x0000006c   Code   RO         6993    i.GpsFormatGpsData  gps.o
    0x08001890   0x00000048   Code   RO         6994    i.GpsGetLatestGpsAltitude  gps.o
    0x080018d8   0x00000048   Code   RO         6995    i.GpsGetLatestGpsPositionBinary  gps.o
    0x08001920   0x00000014   Code   RO         6999    i.GpsInit           gps.o
    0x08001934   0x00000054   Code   RO          645    i.GpsMcuInit        gps-board.o
    0x08001988   0x00000002   Code   RO          646    i.GpsMcuInvertPpsTrigger  gps-board.o
    0x0800198a   0x00000002   PAD
    0x0800198c   0x00000070   Code   RO          647    i.GpsMcuIrqNotify   gps-board.o
    0x080019fc   0x0000001a   Code   RO          648    i.GpsMcuOnPpsSignal  gps-board.o
    0x08001a16   0x00000002   Code   RO          649    i.GpsMcuStart       gps-board.o
    0x08001a18   0x00000072   Code   RO         7000    i.GpsNmeaChecksum   gps.o
    0x08001a8a   0x00000044   Code   RO         7001    i.GpsNmeaValidateChecksum  gps.o
    0x08001ace   0x00000002   PAD
    0x08001ad0   0x000004b8   Code   RO         7002    i.GpsParseGpsData   gps.o
    0x08001f88   0x00000030   Code   RO         7003    i.GpsPpsHandler     gps.o
    0x08001fb8   0x00000038   Code   RO         7004    i.GpsResetPosition  gps.o
    0x08001ff0   0x0000001a   Code   RO          876    i.HAL_Delay         stm32l0xx_hal.o
    0x0800200a   0x00000002   PAD
    0x0800200c   0x00000030   Code   RO          509    i.HAL_GPIO_EXTI_Callback  gpio-board.o
    0x0800203c   0x00000020   Code   RO         2318    i.HAL_GPIO_EXTI_IRQHandler  stm32l0xx_hal_gpio.o
    0x0800205c   0x000001ec   Code   RO         2319    i.HAL_GPIO_Init     stm32l0xx_hal_gpio.o
    0x08002248   0x00000012   Code   RO         2321    i.HAL_GPIO_ReadPin  stm32l0xx_hal_gpio.o
    0x0800225a   0x0000000c   Code   RO         2323    i.HAL_GPIO_WritePin  stm32l0xx_hal_gpio.o
    0x08002266   0x00000002   PAD
    0x08002268   0x0000000c   Code   RO          880    i.HAL_GetTick       stm32l0xx_hal.o
    0x08002274   0x0000003a   Code   RO         2378    i.HAL_I2C_DeInit    stm32l0xx_hal_i2c.o
    0x080022ae   0x00000002   PAD
    0x080022b0   0x000000c4   Code   RO         2384    i.HAL_I2C_Init      stm32l0xx_hal_i2c.o
    0x08002374   0x00000184   Code   RO         2396    i.HAL_I2C_Mem_Read  stm32l0xx_hal_i2c.o
    0x080024f8   0x00000188   Code   RO         2399    i.HAL_I2C_Mem_Write  stm32l0xx_hal_i2c.o
    0x08002680   0x00000002   Code   RO         2402    i.HAL_I2C_MspDeInit  stm32l0xx_hal_i2c.o
    0x08002682   0x00000002   Code   RO         2403    i.HAL_I2C_MspInit   stm32l0xx_hal_i2c.o
    0x08002684   0x000000b0   Code   RO         3117    i.HAL_IWDG_Init     stm32l0xx_hal_iwdg.o
    0x08002734   0x00000002   Code   RO         3118    i.HAL_IWDG_MspInit  stm32l0xx_hal_iwdg.o
    0x08002736   0x00000002   PAD
    0x08002738   0x0000006c   Code   RO         3119    i.HAL_IWDG_Refresh  stm32l0xx_hal_iwdg.o
    0x080027a4   0x00000080   Code   RO         3120    i.HAL_IWDG_Start    stm32l0xx_hal_iwdg.o
    0x08002824   0x00000010   Code   RO          881    i.HAL_IncTick       stm32l0xx_hal.o
    0x08002834   0x00000020   Code   RO          882    i.HAL_Init          stm32l0xx_hal.o
    0x08002854   0x00000028   Code   RO          883    i.HAL_InitTick      stm32l0xx_hal.o
    0x0800287c   0x00000002   Code   RO         3429    i.HAL_MspInit       stm32l0xx_hal_msp_template.o
    0x0800287e   0x00000002   PAD
    0x08002880   0x00000018   Code   RO         1490    i.HAL_NVIC_EnableIRQ  stm32l0xx_hal_cortex.o
    0x08002898   0x00000012   Code   RO         1494    i.HAL_NVIC_SetPriority  stm32l0xx_hal_cortex.o
    0x080028aa   0x00000002   PAD
    0x080028ac   0x00000220   Code   RO         3980    i.HAL_RCCEx_PeriphCLKConfig  stm32l0xx_hal_rcc_ex.o
    0x08002acc   0x000001f8   Code   RO         3876    i.HAL_RCC_ClockConfig  stm32l0xx_hal_rcc.o
    0x08002cc4   0x0000000c   Code   RO         3880    i.HAL_RCC_GetHCLKFreq  stm32l0xx_hal_rcc.o
    0x08002cd0   0x00000024   Code   RO         3882    i.HAL_RCC_GetPCLK1Freq  stm32l0xx_hal_rcc.o
    0x08002cf4   0x00000024   Code   RO         3883    i.HAL_RCC_GetPCLK2Freq  stm32l0xx_hal_rcc.o
    0x08002d18   0x000000ec   Code   RO         3884    i.HAL_RCC_GetSysClockFreq  stm32l0xx_hal_rcc.o
    0x08002e04   0x000006a0   Code   RO         3887    i.HAL_RCC_OscConfig  stm32l0xx_hal_rcc.o
    0x080034a4   0x00000024   Code   RO         1496    i.HAL_SYSTICK_CLKSourceConfig  stm32l0xx_hal_cortex.o
    0x080034c8   0x00000002   Code   RO         1497    i.HAL_SYSTICK_Callback  stm32l0xx_hal_cortex.o
    0x080034ca   0x00000002   PAD
    0x080034cc   0x00000038   Code   RO         1498    i.HAL_SYSTICK_Config  stm32l0xx_hal_cortex.o
    0x08003504   0x00000008   Code   RO         1499    i.HAL_SYSTICK_IRQHandler  stm32l0xx_hal_cortex.o
    0x0800350c   0x00000038   Code   RO         5127    i.HAL_TIM_Base_Init  stm32l0xx_hal_tim.o
    0x08003544   0x00000002   Code   RO         5129    i.HAL_TIM_Base_MspInit  stm32l0xx_hal_tim.o
    0x08003546   0x0000001e   Code   RO         5132    i.HAL_TIM_Base_Start_IT  stm32l0xx_hal_tim.o
    0x08003564   0x00000034   Code   RO         5135    i.HAL_TIM_Base_Stop_IT  stm32l0xx_hal_tim.o
    0x08003598   0x00000002   Code   RO         5156    i.HAL_TIM_IC_CaptureCallback  stm32l0xx_hal_tim.o
    0x0800359a   0x0000017c   Code   RO         5169    i.HAL_TIM_IRQHandler  stm32l0xx_hal_tim.o
    0x08003716   0x00000002   Code   RO         5172    i.HAL_TIM_OC_DelayElapsedCallback  stm32l0xx_hal_tim.o
    0x08003718   0x00000002   Code   RO         5199    i.HAL_TIM_PWM_PulseFinishedCallback  stm32l0xx_hal_tim.o
    0x0800371a   0x00000002   PAD
    0x0800371c   0x00000040   Code   RO          816    i.HAL_TIM_PeriodElapsedCallback  tim-board.o
    0x0800375c   0x00000002   Code   RO         5210    i.HAL_TIM_TriggerCallback  stm32l0xx_hal_tim.o
    0x0800375e   0x00000002   Code   RO         6170    i.HAL_UARTEx_WakeupCallback  stm32l0xx_hal_uart_ex.o
    0x08003760   0x00000014   Code   RO          703    i.HAL_UART_ErrorCallback  uart-board.o
    0x08003774   0x00000162   Code   RO         5921    i.HAL_UART_IRQHandler  stm32l0xx_hal_uart.o
    0x080038d6   0x0000007c   Code   RO         5922    i.HAL_UART_Init     stm32l0xx_hal_uart.o
    0x08003952   0x00000002   Code   RO         5924    i.HAL_UART_MspInit  stm32l0xx_hal_uart.o
    0x08003954   0x000000dc   Code   RO         5927    i.HAL_UART_Receive_IT  stm32l0xx_hal_uart.o
    0x08003a30   0x00000060   Code   RO          704    i.HAL_UART_RxCpltCallback  uart-board.o
    0x08003a90   0x0000006e   Code   RO         5932    i.HAL_UART_Transmit_IT  stm32l0xx_hal_uart.o
    0x08003afe   0x00000002   PAD
    0x08003b00   0x0000005c   Code   RO          705    i.HAL_UART_TxCpltCallback  uart-board.o
    0x08003b5c   0x000000d8   Code   RO         2419    i.I2C_IsAcknowledgeFailed  stm32l0xx_hal_i2c.o
    0x08003c34   0x0000008a   Code   RO         2422    i.I2C_RequestMemoryRead  stm32l0xx_hal_i2c.o
    0x08003cbe   0x0000008a   Code   RO         2423    i.I2C_RequestMemoryWrite  stm32l0xx_hal_i2c.o
    0x08003d48   0x00000030   Code   RO         2426    i.I2C_TransferConfig  stm32l0xx_hal_i2c.o
    0x08003d78   0x000000aa   Code   RO         2427    i.I2C_WaitOnFlagUntilTimeout  stm32l0xx_hal_i2c.o
    0x08003e22   0x0000005c   Code   RO         2429    i.I2C_WaitOnSTOPFlagUntilTimeout  stm32l0xx_hal_i2c.o
    0x08003e7e   0x00000060   Code   RO         2430    i.I2C_WaitOnTXISFlagUntilTimeout  stm32l0xx_hal_i2c.o
    0x08003ede   0x00000002   PAD
    0x08003ee0   0x00000018   Code   RO         7114    i.I2cDeInit         i2c.o
    0x08003ef8   0x0000003c   Code   RO         7115    i.I2cInit           i2c.o
    0x08003f34   0x0000009c   Code   RO          581    i.I2cMcuDeInit      i2c-board.o
    0x08003fd0   0x00000038   Code   RO          582    i.I2cMcuFormat      i2c-board.o
    0x08004008   0x0000007c   Code   RO          583    i.I2cMcuInit        i2c-board.o
    0x08004084   0x00000054   Code   RO          584    i.I2cMcuReadBuffer  i2c-board.o
    0x080040d8   0x00000054   Code   RO          586    i.I2cMcuWriteBuffer  i2c-board.o
    0x0800412c   0x00000030   Code   RO         7117    i.I2cReadBuffer     i2c.o
    0x0800415c   0x0000004c   Code   RO         7120    i.I2cWriteBuffer    i2c.o
    0x080041a8   0x00000012   Code   RO         6871    i.IsFifoEmpty       fifo.o
    0x080041ba   0x0000001a   Code   RO         6872    i.IsFifoFull        fifo.o
    0x080041d4   0x00000002   Code   RO         6686    i.NMI_Handler       sysirqhandlers.o
    0x080041d6   0x00000002   PAD
    0x080041d8   0x00000078   Code   RO         1500    i.NVIC_SetPriority  stm32l0xx_hal_cortex.o
    0x08004250   0x0000001e   Code   RO         6728    i.Nibble2HexChar    utilities.o
    0x0800426e   0x00000018   Code   RO         7229    i.SHT2xGetTempHumi  sht2x.o
    0x08004286   0x00000002   PAD
    0x08004288   0x00000048   Code   RO         7230    i.SHT2xInit         sht2x.o
    0x080042d0   0x0000005c   Code   RO         7231    i.SHT2xMeasure      sht2x.o
    0x0800432c   0x00000024   Code   RO         7232    i.SHT2xRead         sht2x.o
    0x08004350   0x00000024   Code   RO         7233    i.SHT2xReadBuffer   sht2x.o
    0x08004374   0x0000000e   Code   RO         7234    i.SHT2xReset        sht2x.o
    0x08004382   0x00000002   PAD
    0x08004384   0x0000000c   Code   RO         7235    i.SHT2xSetDeviceAddr  sht2x.o
    0x08004390   0x00000024   Code   RO         7236    i.SHT2xWrite        sht2x.o
    0x080043b4   0x0000000c   Code   RO          332    i.SysTick_Handler   board.o
    0x080043c0   0x000000b8   Code   RO          333    i.SystemClockConfig  board.o
    0x08004478   0x0000008c   Code   RO          334    i.SystemClockReConfig  board.o
    0x08004504   0x00000068   Code   RO         7571    i.SystemInit        system_stm32l0xx.o
    0x0800456c   0x00000010   Code   RO          817    i.TIM21_IRQHandler  tim-board.o
    0x0800457c   0x00000010   Code   RO          818    i.TIM6_DAC_IRQHandler  tim-board.o
    0x0800458c   0x00000074   Code   RO         5211    i.TIM_Base_SetConfig  stm32l0xx_hal_tim.o
    0x08004600   0x000000f0   Code   RO         5935    i.UART_AdvFeatureConfig  stm32l0xx_hal_uart.o
    0x080046f0   0x00000064   Code   RO         5936    i.UART_CheckIdleState  stm32l0xx_hal_uart.o
    0x08004754   0x00000020   Code   RO         5942    i.UART_EndTransmit_IT  stm32l0xx_hal_uart.o
    0x08004774   0x000000a8   Code   RO         5943    i.UART_Receive_IT   stm32l0xx_hal_uart.o
    0x0800481c   0x000004d0   Code   RO         5944    i.UART_SetConfig    stm32l0xx_hal_uart.o
    0x08004cec   0x00000072   Code   RO         5945    i.UART_Transmit_IT  stm32l0xx_hal_uart.o
    0x08004d5e   0x00000108   Code   RO         5946    i.UART_WaitOnFlagUntilTimeout  stm32l0xx_hal_uart.o
    0x08004e66   0x00000002   PAD
    0x08004e68   0x00000010   Code   RO          706    i.USART1_IRQHandler  uart-board.o
    0x08004e78   0x00000010   Code   RO          707    i.USART2_IRQHandler  uart-board.o
    0x08004e88   0x00000032   Code   RO         7172    i.UartConfig        uart.o
    0x08004eba   0x00000038   Code   RO         7174    i.UartGetBuffer     uart.o
    0x08004ef2   0x00000018   Code   RO         7175    i.UartGetChar       uart.o
    0x08004f0a   0x00000026   Code   RO         7176    i.UartInit          uart.o
    0x08004f30   0x0000012c   Code   RO          708    i.UartMcuConfig     uart-board.o
    0x0800505c   0x0000002a   Code   RO          710    i.UartMcuGetChar    uart-board.o
    0x08005086   0x00000002   PAD
    0x08005088   0x000000e4   Code   RO          711    i.UartMcuInit       uart-board.o
    0x0800516c   0x00000060   Code   RO          712    i.UartMcuPutChar    uart-board.o
    0x080051cc   0x0000003c   Code   RO         7177    i.UartPutBuffer     uart.o
    0x08005208   0x00000018   Code   RO         7178    i.UartPutChar       uart.o
    0x08005220   0x00000020   Code   RO         7829    i.__0printf$8       mc_p.l(printf8.o)
    0x08005240   0x00000028   Code   RO         7831    i.__0sprintf$8      mc_p.l(printf8.o)
    0x08005268   0x0000002e   Code   RO         7953    i.__ARM_clz         mf_p.l(depilogue.o)
    0x08005296   0x0000001c   Code   RO          571    i.__ARM_common_switch8  gpio-board.o
    0x080052b2   0x00000002   PAD
    0x080052b4   0x00000008   Code   RO         7935    i.__aeabi_errno_addr  mc_p.l(errno.o)
    0x080052bc   0x0000000e   Code   RO         7998    i.__scatterload_copy  mc_p.l(handlers.o)
    0x080052ca   0x00000002   Code   RO         7999    i.__scatterload_null  mc_p.l(handlers.o)
    0x080052cc   0x0000000e   Code   RO         8000    i.__scatterload_zeroinit  mc_p.l(handlers.o)
    0x080052da   0x00000002   PAD
    0x080052dc   0x00000428   Code   RO         7836    i._printf_core      mc_p.l(printf8.o)
    0x08005704   0x00000020   Code   RO         7837    i._printf_post_padding  mc_p.l(printf8.o)
    0x08005724   0x0000002c   Code   RO         7838    i._printf_pre_padding  mc_p.l(printf8.o)
    0x08005750   0x0000000a   Code   RO         7840    i._sputc            mc_p.l(printf8.o)
    0x0800575a   0x00000002   PAD
    0x0800575c   0x00000018   Code   RO            3    i.appdata_send_event  main.o
    0x08005774   0x00000010   Code   RO         7007    i.clear_buf         gps.o
    0x08005784   0x0000003e   Code   RO          409    i.delay             softuart.o
    0x080057c2   0x00000002   PAD
    0x080057c4   0x00000014   Code   RO         6802    i.fputc             printf.o
    0x080057d8   0x00000044   Code   RO          410    i.io_init           softuart.o
    0x0800581c   0x00000008   Code   RO            4    i.iwdg_refresh_event  main.o
    0x08005824   0x00000074   Code   RO          784    i.iwdog_init        iwdog.o
    0x08005898   0x00000010   Code   RO          785    i.iwdog_refresh     iwdog.o
    0x080058a8   0x00000284   Code   RO            5    i.main              main.o
    0x08005b2c   0x00000088   Code   RO            6    i.net_attach        main.o
    0x08005bb4   0x00000268   Code   RO         7297    i.neul_bc95_active_network  neul_bc95.o
    0x08005e1c   0x000000e0   Code   RO         7300    i.neul_bc95_create_udpsocket  neul_bc95.o
    0x08005efc   0x000000b4   Code   RO         7301    i.neul_bc95_get_netstat  neul_bc95.o
    0x08005fb0   0x00000040   Code   RO         7303    i.neul_bc95_hex_to_str  neul_bc95.o
    0x08005ff0   0x00000078   Code   RO         7305    i.neul_bc95_hw_init  neul_bc95.o
    0x08006068   0x00000084   Code   RO         7306    i.neul_bc95_prepare_transmit  neul_bc95.o
    0x080060ec   0x000000c8   Code   RO         7309    i.neul_bc95_reboot  neul_bc95.o
    0x080061b4   0x00000128   Code   RO         7312    i.neul_bc95_set_auto_connect  neul_bc95.o
    0x080062dc   0x000000bc   Code   RO         7313    i.neul_bc95_set_band  neul_bc95.o
    0x08006398   0x0000000e   Code   RO         7318    i.neul_bc95_sleep   neul_bc95.o
    0x080063a6   0x00000066   Code   RO         7320    i.neul_bc95_str_to_hex  neul_bc95.o
    0x0800640c   0x00000128   Code   RO         7321    i.neul_bc95_udp_read  neul_bc95.o
    0x08006534   0x00000128   Code   RO         7322    i.neul_bc95_udp_send  neul_bc95.o
    0x0800665c   0x00000006   Code   RO            7    i.parse_downlink    main.o
    0x08006662   0x00000002   PAD
    0x08006664   0x000000b4   Code   RO            8    i.prepare_data      main.o
    0x08006718   0x00000064   Code   RO         6803    i.printf_init       printf.o
    0x0800677c   0x00000024   Code   RO          411    i.rx_irqhandler     softuart.o
    0x080067a0   0x00000002   Code   RO          412    i.rx_off            softuart.o
    0x080067a2   0x00000002   PAD
    0x080067a4   0x0000001c   Code   RO          819    i.set_tim_cb        tim-board.o
    0x080067c0   0x00000040   Code   RO          413    i.softuart_getchar  softuart.o
    0x08006800   0x00000040   Code   RO          414    i.softuart_init     softuart.o
    0x08006840   0x0000000c   Code   RO          417    i.softuart_set_notify  softuart.o
    0x0800684c   0x0000013c   Code   RO          418    i.softuart_tim_cb   softuart.o
    0x08006988   0x0000002c   Code   RO          420    i.softuart_turn_rx_off  softuart.o
    0x080069b4   0x00000018   Code   RO          421    i.softuart_turn_rx_on  softuart.o
    0x080069cc   0x000000c8   Code   RO          820    i.tim_init          tim-board.o
    0x08006a94   0x0000001c   Code   RO         7495    i.timer_create      timer.o
    0x08006ab0   0x00000024   Code   RO         7497    i.timer_init        timer.o
    0x08006ad4   0x0000005c   Code   RO         7498    i.timer_link        timer.o
    0x08006b30   0x00000032   Code   RO         7499    i.timer_start       timer.o
    0x08006b62   0x00000012   Code   RO         7500    i.timer_stop        timer.o
    0x08006b74   0x00000074   Code   RO         7501    i.timer_task        timer.o
    0x08006be8   0x00000048   Code   RO         7502    i.timer_unlink      timer.o
    0x08006c30   0x00000014   Code   RO         7323    i.uart_data_flush   neul_bc95.o
    0x08006c44   0x00000070   Code   RO         7324    i.uart_data_read    neul_bc95.o
    0x08006cb4   0x00000028   Code   RO         7325    i.uart_data_write   neul_bc95.o
    0x08006cdc   0x00000088   Code   RO            9    i.udp_downlink      main.o
    0x08006d64   0x000000f8   Code   RO           10    i.udp_uplink        main.o
    0x08006e5c   0x00000028   Data   RO         7009    .constdata          gps.o
    0x08006e84   0x00000021   Data   RO         7572    .constdata          system_stm32l0xx.o
    0x08006ea5   0x00000081   Data   RO         7962    .constdata          mc_p.l(ctype_o.o)
    0x08006f26   0x00000002   PAD
    0x08006f28   0x00000004   Data   RO         7963    .constdata          mc_p.l(ctype_o.o)
    0x08006f2c   0x00000020   Data   RO         7996    Region$$Table       anon$$obj.o


    Execution Region RW_IRAM1 (Base: 0x20000000, Size: 0x00001108, Max: 0x00002000, ABSOLUTE)

    Base Addr    Size         Type   Attr      Idx    E Section Name        Object

    0x20000000   0x0000000e   Data   RW           12    .data               main.o
    0x2000000e   0x00000003   Data   RW          336    .data               board.o
    0x20000011   0x00000003   PAD
    0x20000014   0x00000010   Data   RW          423    .data               softuart.o
    0x20000024   0x00000001   Data   RW          588    .data               i2c-board.o
    0x20000025   0x00000002   Data   RW          651    .data               gps-board.o
    0x20000027   0x00000004   Data   RW          714    .data               uart-board.o
    0x2000002b   0x00000001   PAD
    0x2000002c   0x00000008   Data   RW          822    .data               tim-board.o
    0x20000034   0x00000004   Data   RW          892    .data               stm32l0xx_hal.o
    0x20000038   0x00000008   Data   RW         6805    .data               printf.o
    0x20000040   0x00000029   Data   RW         7010    .data               gps.o
    0x20000069   0x00000001   Data   RW         7121    .data               i2c.o
    0x2000006a   0x00000002   Data   RW         7237    .data               sht2x.o
    0x2000006c   0x00000048   Data   RW         7327    .data               neul_bc95.o
    0x200000b4   0x00000008   Data   RW         7504    .data               timer.o
    0x200000bc   0x00000004   Data   RW         7573    .data               system_stm32l0xx.o
    0x200000c0   0x00000004   Data   RW         7938    .data               mc_p.l(errno.o)
    0x200000c4   0x00000064   Zero   RW           11    .bss                main.o
    0x20000128   0x00000084   Zero   RW          335    .bss                board.o
    0x200001ac   0x000000d0   Zero   RW          422    .bss                softuart.o
    0x2000027c   0x00000040   Zero   RW          510    .bss                gpio-board.o
    0x200002bc   0x00000180   Zero   RW          650    .bss                gps-board.o
    0x2000043c   0x00000150   Zero   RW          713    .bss                uart-board.o
    0x2000058c   0x00000014   Zero   RW          786    .bss                iwdog.o
    0x200005a0   0x00000070   Zero   RW          821    .bss                tim-board.o
    0x20000610   0x00000400   Zero   RW         6804    .bss                printf.o
    0x20000a10   0x00000063   Zero   RW         7008    .bss                gps.o
    0x20000a73   0x00000280   Zero   RW         7326    .bss                neul_bc95.o
    0x20000cf3   0x00000001   PAD
    0x20000cf4   0x00000014   Zero   RW         7503    .bss                timer.o
    0x20000d08   0x00000400   Zero   RW         7561    STACK               startup_stm32l052xx.o


==============================================================================

Image component sizes


      Code (inc. data)   RO Data    RW Data    ZI Data      Debug   Object Name

       468         44          0          3        132       4461   board.o
        12          0          0          0          0        486   delay.o
       128          0          0          0          0       3515   fifo.o
       966         54          0          0         64       6174   gpio-board.o
       120          0          0          0          0       2761   gpio.o
       226         28          0          2        384       3431   gps-board.o
      2778        186         40         41         99      10919   gps.o
       504         30          0          1          0       4952   i2c-board.o
       208         24          0          1          0       3215   i2c.o
       132         52          0          0         20       1213   iwdog.o
      1382        512          0         14        100     362469   main.o
      2900        696          0         72        640      14141   neul_bc95.o
       120         32          0          8       1024       3004   printf.o
       322         44          0          2          0       5068   sht2x.o
       692        148          0         16        208       6732   softuart.o
        28          8        192          0       1024        660   startup_stm32l052xx.o
       126         18          0          4          0     110131   stm32l0xx_hal.o
       264         30          0          0          0      12531   stm32l0xx_hal_cortex.o
       554         36          0          0          0       3646   stm32l0xx_hal_gpio.o
      1936         28          0          0          0      11477   stm32l0xx_hal_i2c.o
       414         30          0          0          0       3391   stm32l0xx_hal_iwdg.o
         2          0          0          0          0        530   stm32l0xx_hal_msp_template.o
      2520        100          0          0          0       6260   stm32l0xx_hal_rcc.o
       544         14          0          0          0       1524   stm32l0xx_hal_rcc_ex.o
       644         14          0          0          0       6764   stm32l0xx_hal_tim.o
      2960         94          0          0          0       9787   stm32l0xx_hal_uart.o
         2          0          0          0          0       1060   stm32l0xx_hal_uart_ex.o
         2          0          0          0          0        458   sysirqhandlers.o
       104         16         33          4          0       1327   system_stm32l0xx.o
       324         70          0          8        112       3928   tim-board.o
       412         42          0          8         20       4669   timer.o
       906        106          0          4        336       6881   uart-board.o
       252          0          0          0          0       4480   uart.o
        30          0          0          0          0        561   utilities.o

    ----------------------------------------------------------------------
     23026       2456        297        192       4164     622606   Object Totals
         0          0         32          0          0          0   (incl. Generated)
        44          0          0          4          1          0   (incl. Padding)

    ----------------------------------------------------------------------

      Code (inc. data)   RO Data    RW Data    ZI Data      Debug   Library Member Name

        60         10          0          0          0         84   __0sscanf.o
        30          0          0          0          0         60   _chval.o
       824         12          0          0          0         84   _scanf.o
       330          0          0          0          0         84   _scanf_int.o
       232          0          0          0          0         84   _scanf_str.o
        68          0          0          0          0         76   _sgetc.o
       166          0          0          0          0         84   _strtoul.o
        26          0          0          0          0         72   atoi.o
         8          4        133          0          0         60   ctype_o.o
         0          0          0          0          0          0   entry.o
         0          0          0          0          0          0   entry10a.o
         0          0          0          0          0          0   entry11a.o
         8          4          0          0          0          0   entry2.o
         4          0          0          0          0          0   entry5.o
         0          0          0          0          0          0   entry7b.o
         0          0          0          0          0          0   entry8b.o
         8          4          0          0          0          0   entry9a.o
         8          4          0          4          0         60   errno.o
        30          0          0          0          0          0   handlers.o
        40          0          0          0          0         72   idiv.o
        36          8          0          0          0         68   init.o
        18          0          0          0          0         68   isspace_o.o
         0          0          0          0          0          0   iusefp.o
        32          0          0          0          0         68   llshl.o
        38          0          0          0          0         68   llsshr.o
        34          0          0          0          0         68   llushr.o
        36          0          0          0          0         60   memcpya.o
        36          0          0          0          0        100   memseta.o
      1222         56          0          0          0        468   printf8.o
        44          8          0          0          0         84   scanf_char.o
        14          0          0          0          0         60   strlen.o
        30          0          0          0          0         72   strncmp.o
        40          0          0          0          0         72   strstr.o
       112          4          0          0          0         76   strtol.o
        44          0          0          0          0         72   uidiv.o
        96          0          0          0          0         84   uldiv.o
        40          2          0          0          0         68   cdcmple.o
        40          2          0          0          0         68   cdrcmple.o
       356          4          0          0          0        140   dadd.o
       240          6          0          0          0         84   ddiv.o
       236          0          0          0          0        216   depilogue.o
        72         10          0          0          0         72   dfixi.o
        60         10          0          0          0         68   dfixui.o
        40          6          0          0          0         68   dflti.o
        28          4          0          0          0         68   dfltui.o
        28          6          0          0          0         68   dfltul.o
       208          6          0          0          0         88   dmul.o

    ----------------------------------------------------------------------
      5034        170        135          4          0       3316   Library Totals
        12          0          2          0          0          0   (incl. Padding)

    ----------------------------------------------------------------------

      Code (inc. data)   RO Data    RW Data    ZI Data      Debug   Library Name

      3674        114        133          4          0       2308   mc_p.l
      1348         56          0          0          0       1008   mf_p.l

    ----------------------------------------------------------------------
      5034        170        135          4          0       3316   Library Totals

    ----------------------------------------------------------------------

==============================================================================


      Code (inc. data)   RO Data    RW Data    ZI Data      Debug   

     28060       2626        432        196       4164     616026   Grand Totals
     28060       2626        432        196       4164     616026   ELF Image Totals
     28060       2626        432        196          0          0   ROM Totals

==============================================================================

    Total RO  Size (Code + RO Data)                28492 (  27.82kB)
    Total RW  Size (RW Data + ZI Data)              4360 (   4.26kB)
    Total ROM Size (Code + RO Data + RW Data)      28688 (  28.02kB)

==============================================================================

