Component: ARM Compiler 5.05 update 2 (build 169) Tool: armlink [4d0f33]

==============================================================================

Section Cross References

    main.o(i.main) refers to stm32l0xx_hal.o(i.HAL_Init) for HAL_Init
    main.o(i.main) refers to board.o(i.system_clock_config) for system_clock_config
    main.o(i.main) refers to printf.o(i.printf_init) for printf_init
    main.o(i.main) refers to led_board.o(i.led_init) for led_init
    main.o(i.main) refers to button_board.o(i.button_init) for button_init
    main.o(i.main) refers to buzzer.o(i.buzzer_init) for buzzer_init
    main.o(i.main) refers to led_board.o(i.rgb_red) for rgb_red
    main.o(i.main) refers to delay.o(i.DelayMs) for DelayMs
    main.o(i.main) refers to led_board.o(i.rgb_green) for rgb_green
    main.o(i.main) refers to led_board.o(i.rgb_blue) for rgb_blue
    main.o(i.main) refers to led_board.o(i.led_toggle) for led_toggle
    main.o(i.main) refers to buzzer.o(i.buzzer_on) for buzzer_on
    main.o(i.main) refers to buzzer.o(i.buzzer_off) for buzzer_off
    main.o(i.main) refers to board.o(.data) for key1_flag
    board.o(i.ADC1_COMP_IRQHandler) refers to stm32l0xx_hal_adc.o(i.HAL_ADC_IRQHandler) for HAL_ADC_IRQHandler
    board.o(i.ADC1_COMP_IRQHandler) refers to board.o(.bss) for .bss
    board.o(i.EXTI0_1_IRQHandler) refers to stm32l0xx_hal_gpio.o(i.HAL_GPIO_EXTI_IRQHandler) for HAL_GPIO_EXTI_IRQHandler
    board.o(i.EXTI4_15_IRQHandler) refers to board.o(i.HAL_GPIO_EXTI_Callback) for HAL_GPIO_EXTI_Callback
    board.o(i.HAL_GPIO_EXTI_Callback) refers to board.o(.data) for .data
    board.o(i.SysTick_Handler) refers to stm32l0xx_hal.o(i.HAL_IncTick) for HAL_IncTick
    board.o(i.TIM6_DAC_IRQHandler) refers to stm32l0xx_hal_tim.o(i.HAL_TIM_IRQHandler) for HAL_TIM_IRQHandler
    board.o(i.TIM6_DAC_IRQHandler) refers to us100.o(.bss) for TimHandle
    board.o(i.adc1_gpio_init) refers to stm32l0xx_hal_gpio.o(i.HAL_GPIO_Init) for HAL_GPIO_Init
    board.o(i.adc1_gpio_init) refers to stm32l0xx_hal_cortex.o(i.HAL_NVIC_SetPriority) for HAL_NVIC_SetPriority
    board.o(i.adc1_gpio_init) refers to stm32l0xx_hal_cortex.o(i.HAL_NVIC_EnableIRQ) for HAL_NVIC_EnableIRQ
    board.o(i.adc1_init) refers to board.o(i.adc1_gpio_init) for adc1_gpio_init
    board.o(i.adc1_init) refers to stm32l0xx_hal_adc.o(i.HAL_ADC_Init) for HAL_ADC_Init
    board.o(i.adc1_init) refers to board.o(.bss) for .bss
    board.o(i.adc1_set_channel0) refers to stm32l0xx_hal_adc.o(i.HAL_ADC_ConfigChannel) for HAL_ADC_ConfigChannel
    board.o(i.adc1_set_channel0) refers to board.o(.data) for .data
    board.o(i.adc1_set_channel0) refers to board.o(.bss) for .bss
    board.o(i.adc1_start) refers to stm32l0xx_hal_adc.o(i.HAL_ADC_Start_IT) for HAL_ADC_Start_IT
    board.o(i.adc1_start) refers to board.o(.bss) for .bss
    board.o(i.adc1_stop) refers to stm32l0xx_hal_adc.o(i.HAL_ADC_Stop_IT) for HAL_ADC_Stop_IT
    board.o(i.adc1_stop) refers to board.o(.bss) for .bss
    board.o(i.io_interrupt_config) refers to stm32l0xx_hal_gpio.o(i.HAL_GPIO_Init) for HAL_GPIO_Init
    board.o(i.io_interrupt_config) refers to stm32l0xx_hal_cortex.o(i.HAL_NVIC_SetPriority) for HAL_NVIC_SetPriority
    board.o(i.io_interrupt_config) refers to stm32l0xx_hal_cortex.o(i.HAL_NVIC_EnableIRQ) for HAL_NVIC_EnableIRQ
    board.o(i.system_clock_config) refers to stm32l0xx_hal_rcc.o(i.HAL_RCC_OscConfig) for HAL_RCC_OscConfig
    board.o(i.system_clock_config) refers to stm32l0xx_hal_rcc.o(i.HAL_RCC_ClockConfig) for HAL_RCC_ClockConfig
    button_board.o(i.button_init) refers to stm32l0xx_hal_gpio.o(i.HAL_GPIO_Init) for HAL_GPIO_Init
    button_board.o(i.button_init) refers to button_board.o(i.NVIC_SetPriority) for NVIC_SetPriority
    button_board.o(i.button_init) refers to stm32l0xx_hal_cortex.o(i.HAL_NVIC_EnableIRQ) for HAL_NVIC_EnableIRQ
    button_board.o(i.button_init) refers to button_board.o(.data) for .data
    button_board.o(i.button_init) refers to button_board.o(.constdata) for .constdata
    led_board.o(i.led_init) refers to led_board.o(i.__ARM_common_switch8) for __ARM_common_switch8
    led_board.o(i.led_init) refers to stm32l0xx_hal_gpio.o(i.HAL_GPIO_Init) for HAL_GPIO_Init
    led_board.o(i.led_init) refers to stm32l0xx_hal_gpio.o(i.HAL_GPIO_WritePin) for HAL_GPIO_WritePin
    led_board.o(i.led_init) refers to led_board.o(.data) for .data
    led_board.o(i.led_off) refers to stm32l0xx_hal_gpio.o(i.HAL_GPIO_WritePin) for HAL_GPIO_WritePin
    led_board.o(i.led_off) refers to led_board.o(.constdata) for .constdata
    led_board.o(i.led_off) refers to led_board.o(.data) for .data
    led_board.o(i.led_on) refers to stm32l0xx_hal_gpio.o(i.HAL_GPIO_WritePin) for HAL_GPIO_WritePin
    led_board.o(i.led_on) refers to led_board.o(.constdata) for .constdata
    led_board.o(i.led_on) refers to led_board.o(.data) for .data
    led_board.o(i.led_toggle) refers to stm32l0xx_hal_gpio.o(i.HAL_GPIO_TogglePin) for HAL_GPIO_TogglePin
[...]
    Removing stm32l0xx_hal_rtc_ex.o(i.HAL_RTCEx_WakeUpTimerIRQHandler), (56 bytes).
    Removing stm32l0xx_hal_smartcard.o(.rev16_text), (4 bytes).
    Removing stm32l0xx_hal_smartcard.o(.revsh_text), (4 bytes).
    Removing stm32l0xx_hal_smartcard.o(i.HAL_SMARTCARD_DeInit), (40 bytes).
    Removing stm32l0xx_hal_smartcard.o(i.HAL_SMARTCARD_ErrorCallback), (2 bytes).
    Removing stm32l0xx_hal_smartcard.o(i.HAL_SMARTCARD_GetError), (6 bytes).
    Removing stm32l0xx_hal_smartcard.o(i.HAL_SMARTCARD_GetState), (6 bytes).
    Removing stm32l0xx_hal_smartcard.o(i.HAL_SMARTCARD_IRQHandler), (318 bytes).
    Removing stm32l0xx_hal_smartcard.o(i.HAL_SMARTCARD_Init), (176 bytes).
    Removing stm32l0xx_hal_smartcard.o(i.HAL_SMARTCARD_MspDeInit), (2 bytes).
    Removing stm32l0xx_hal_smartcard.o(i.HAL_SMARTCARD_MspInit), (2 bytes).
    Removing stm32l0xx_hal_smartcard.o(i.HAL_SMARTCARD_Receive), (140 bytes).
    Removing stm32l0xx_hal_smartcard.o(i.HAL_SMARTCARD_Receive_DMA), (124 bytes).
    Removing stm32l0xx_hal_smartcard.o(i.HAL_SMARTCARD_Receive_IT), (110 bytes).
    Removing stm32l0xx_hal_smartcard.o(i.HAL_SMARTCARD_RxCpltCallback), (2 bytes).
    Removing stm32l0xx_hal_smartcard.o(i.HAL_SMARTCARD_Transmit), (158 bytes).
    Removing stm32l0xx_hal_smartcard.o(i.HAL_SMARTCARD_Transmit_DMA), (132 bytes).
    Removing stm32l0xx_hal_smartcard.o(i.HAL_SMARTCARD_Transmit_IT), (98 bytes).
    Removing stm32l0xx_hal_smartcard.o(i.HAL_SMARTCARD_TxCpltCallback), (2 bytes).
    Removing stm32l0xx_hal_smartcard.o(i.SMARTCARD_AdvFeatureConfig), (156 bytes).
    Removing stm32l0xx_hal_smartcard.o(i.SMARTCARD_DMAError), (38 bytes).
    Removing stm32l0xx_hal_smartcard.o(i.SMARTCARD_DMAReceiveCplt), (48 bytes).
    Removing stm32l0xx_hal_smartcard.o(i.SMARTCARD_DMATransmitCplt), (36 bytes).
    Removing stm32l0xx_hal_smartcard.o(i.SMARTCARD_Receive_IT), (108 bytes).
    Removing stm32l0xx_hal_smartcard.o(i.SMARTCARD_SetConfig), (288 bytes).
    Removing stm32l0xx_hal_smartcard.o(i.SMARTCARD_WaitOnFlagUntilTimeout), (174 bytes).
    Removing stm32l0xx_hal_smartcard_ex.o(.rev16_text), (4 bytes).
    Removing stm32l0xx_hal_smartcard_ex.o(.revsh_text), (4 bytes).
    Removing stm32l0xx_hal_smartcard_ex.o(i.HAL_SMARTCARDEx_BlockLength_Config), (16 bytes).
    Removing stm32l0xx_hal_smartcard_ex.o(i.HAL_SMARTCARDEx_DisableReceiverTimeOut), (42 bytes).
    Removing stm32l0xx_hal_smartcard_ex.o(i.HAL_SMARTCARDEx_EnableReceiverTimeOut), (42 bytes).
    Removing stm32l0xx_hal_smartcard_ex.o(i.HAL_SMARTCARDEx_TimeOut_Config), (14 bytes).
    Removing stm32l0xx_hal_smbus.o(.rev16_text), (4 bytes).
    Removing stm32l0xx_hal_smbus.o(.revsh_text), (4 bytes).
    Removing stm32l0xx_hal_smbus.o(i.HAL_SMBUS_AddrCallback), (2 bytes).
    Removing stm32l0xx_hal_smbus.o(i.HAL_SMBUS_DeInit), (44 bytes).
    Removing stm32l0xx_hal_smbus.o(i.HAL_SMBUS_DisableAlert_IT), (24 bytes).
    Removing stm32l0xx_hal_smbus.o(i.HAL_SMBUS_DisableListen_IT), (26 bytes).
    Removing stm32l0xx_hal_smbus.o(i.HAL_SMBUS_ER_IRQHandler), (214 bytes).
    Removing stm32l0xx_hal_smbus.o(i.HAL_SMBUS_EV_IRQHandler), (184 bytes).
    Removing stm32l0xx_hal_smbus.o(i.HAL_SMBUS_EnableAlert_IT), (30 bytes).
    Removing stm32l0xx_hal_smbus.o(i.HAL_SMBUS_EnableListen_IT), (16 bytes).
    Removing stm32l0xx_hal_smbus.o(i.HAL_SMBUS_ErrorCallback), (2 bytes).
    Removing stm32l0xx_hal_smbus.o(i.HAL_SMBUS_GetError), (4 bytes).
    Removing stm32l0xx_hal_smbus.o(i.HAL_SMBUS_GetState), (4 bytes).
    Removing stm32l0xx_hal_smbus.o(i.HAL_SMBUS_Init), (216 bytes).
    Removing stm32l0xx_hal_smbus.o(i.HAL_SMBUS_IsDeviceReady), (284 bytes).
    Removing stm32l0xx_hal_smbus.o(i.HAL_SMBUS_ListenCpltCallback), (2 bytes).
    Removing stm32l0xx_hal_smbus.o(i.HAL_SMBUS_MasterRxCpltCallback), (2 bytes).
    Removing stm32l0xx_hal_smbus.o(i.HAL_SMBUS_MasterTxCpltCallback), (2 bytes).
    Removing stm32l0xx_hal_smbus.o(i.HAL_SMBUS_Master_Abort_IT), (96 bytes).
    Removing stm32l0xx_hal_smbus.o(i.HAL_SMBUS_Master_Receive_IT), (134 bytes).
    Removing stm32l0xx_hal_smbus.o(i.HAL_SMBUS_Master_Transmit_IT), (160 bytes).
    Removing stm32l0xx_hal_smbus.o(i.HAL_SMBUS_MspDeInit), (2 bytes).
    Removing stm32l0xx_hal_smbus.o(i.HAL_SMBUS_MspInit), (2 bytes).
    Removing stm32l0xx_hal_smbus.o(i.HAL_SMBUS_SlaveRxCpltCallback), (2 bytes).
    Removing stm32l0xx_hal_smbus.o(i.HAL_SMBUS_SlaveTxCpltCallback), (2 bytes).
    Removing stm32l0xx_hal_smbus.o(i.HAL_SMBUS_Slave_Receive_IT), (158 bytes).
    Removing stm32l0xx_hal_smbus.o(i.HAL_SMBUS_Slave_Transmit_IT), (144 bytes).
    Removing stm32l0xx_hal_smbus.o(i.SMBUS_Disable_IRQ), (120 bytes).
    Removing stm32l0xx_hal_smbus.o(i.SMBUS_Enable_IRQ), (54 bytes).
    Removing stm32l0xx_hal_smbus.o(i.SMBUS_Master_ISR), (420 bytes).
    Removing stm32l0xx_hal_smbus.o(i.SMBUS_Slave_ISR), (428 bytes).
    Removing stm32l0xx_hal_smbus.o(i.SMBUS_TransferConfig), (36 bytes).
    Removing stm32l0xx_hal_smbus.o(i.SMBUS_WaitOnFlagUntilTimeout), (116 bytes).
    Removing stm32l0xx_hal_spi.o(.rev16_text), (4 bytes).
    Removing stm32l0xx_hal_spi.o(.revsh_text), (4 bytes).
    Removing stm32l0xx_hal_spi.o(i.HAL_SPI_DMAPause), (46 bytes).
    Removing stm32l0xx_hal_spi.o(i.HAL_SPI_DMAResume), (44 bytes).
    Removing stm32l0xx_hal_spi.o(i.HAL_SPI_DMAStop), (54 bytes).
    Removing stm32l0xx_hal_spi.o(i.HAL_SPI_DeInit), (48 bytes).
    Removing stm32l0xx_hal_spi.o(i.HAL_SPI_ErrorCallback), (2 bytes).
    Removing stm32l0xx_hal_spi.o(i.HAL_SPI_GetError), (4 bytes).
    Removing stm32l0xx_hal_spi.o(i.HAL_SPI_GetState), (6 bytes).
    Removing stm32l0xx_hal_spi.o(i.HAL_SPI_Init), (132 bytes).
    Removing stm32l0xx_hal_spi.o(i.HAL_SPI_MspDeInit), (2 bytes).
    Removing stm32l0xx_hal_spi.o(i.HAL_SPI_MspInit), (2 bytes).
    Removing stm32l0xx_hal_spi.o(i.HAL_SPI_Receive), (468 bytes).
    Removing stm32l0xx_hal_spi.o(i.HAL_SPI_Receive_DMA), (228 bytes).
    Removing stm32l0xx_hal_spi.o(i.HAL_SPI_Receive_IT), (172 bytes).
    Removing stm32l0xx_hal_spi.o(i.HAL_SPI_RxCpltCallback), (2 bytes).
    Removing stm32l0xx_hal_spi.o(i.HAL_SPI_RxHalfCpltCallback), (2 bytes).
    Removing stm32l0xx_hal_spi.o(i.HAL_SPI_Transmit), (336 bytes).
    Removing stm32l0xx_hal_spi.o(i.HAL_SPI_TransmitReceive), (696 bytes).
    Removing stm32l0xx_hal_spi.o(i.HAL_SPI_TransmitReceive_DMA), (256 bytes).
    Removing stm32l0xx_hal_spi.o(i.HAL_SPI_TransmitReceive_IT), (164 bytes).
    Removing stm32l0xx_hal_spi.o(i.HAL_SPI_Transmit_DMA), (208 bytes).
    Removing stm32l0xx_hal_spi.o(i.HAL_SPI_Transmit_IT), (160 bytes).
    Removing stm32l0xx_hal_spi.o(i.HAL_SPI_TxCpltCallback), (2 bytes).
    Removing stm32l0xx_hal_spi.o(i.HAL_SPI_TxHalfCpltCallback), (2 bytes).
    Removing stm32l0xx_hal_spi.o(i.HAL_SPI_TxRxCpltCallback), (2 bytes).
    Removing stm32l0xx_hal_spi.o(i.HAL_SPI_TxRxHalfCpltCallback), (2 bytes).
    Removing stm32l0xx_hal_spi.o(i.SPI_2LinesRxISR), (48 bytes).
    Removing stm32l0xx_hal_spi.o(i.SPI_DMAError), (30 bytes).
    Removing stm32l0xx_hal_spi.o(i.SPI_DMAHalfReceiveCplt), (10 bytes).
    Removing stm32l0xx_hal_spi.o(i.SPI_DMAHalfTransmitCplt), (10 bytes).
    Removing stm32l0xx_hal_spi.o(i.SPI_DMAHalfTransmitReceiveCplt), (10 bytes).
    Removing stm32l0xx_hal_spi.o(i.SPI_DMAReceiveCplt), (188 bytes).
    Removing stm32l0xx_hal_spi.o(i.SPI_DMATransmitCplt), (112 bytes).
    Removing stm32l0xx_hal_spi.o(i.SPI_DMATransmitReceiveCplt), (194 bytes).
    Removing stm32l0xx_hal_spi.o(i.SPI_RxCloseIRQHandler), (208 bytes).
    Removing stm32l0xx_hal_spi.o(i.SPI_RxISR), (78 bytes).
    Removing stm32l0xx_hal_spi.o(i.SPI_TxCloseIRQHandler), (132 bytes).
    Removing stm32l0xx_hal_spi.o(i.SPI_TxISR), (72 bytes).
    Removing stm32l0xx_hal_spi.o(i.SPI_WaitOnFlagUntilTimeout), (178 bytes).
    Removing stm32l0xx_hal_tim.o(.rev16_text), (4 bytes).
    Removing stm32l0xx_hal_tim.o(.revsh_text), (4 bytes).
    Removing stm32l0xx_hal_tim.o(i.HAL_TIM_Base_DeInit), (44 bytes).
    Removing stm32l0xx_hal_tim.o(i.HAL_TIM_Base_GetState), (6 bytes).
    Removing stm32l0xx_hal_tim.o(i.HAL_TIM_Base_Init), (52 bytes).
    Removing stm32l0xx_hal_tim.o(i.HAL_TIM_Base_MspDeInit), (2 bytes).
    Removing stm32l0xx_hal_tim.o(i.HAL_TIM_Base_MspInit), (2 bytes).
    Removing stm32l0xx_hal_tim.o(i.HAL_TIM_Base_Start), (24 bytes).
    Removing stm32l0xx_hal_tim.o(i.HAL_TIM_Base_Start_DMA), (100 bytes).
    Removing stm32l0xx_hal_tim.o(i.HAL_TIM_Base_Start_IT), (22 bytes).
    Removing stm32l0xx_hal_tim.o(i.HAL_TIM_Base_Stop), (40 bytes).
    Removing stm32l0xx_hal_tim.o(i.HAL_TIM_Base_Stop_DMA), (44 bytes).
    Removing stm32l0xx_hal_tim.o(i.HAL_TIM_ConfigClockSource), (238 bytes).
    Removing stm32l0xx_hal_tim.o(i.HAL_TIM_ConfigOCrefClear), (168 bytes).
    Removing stm32l0xx_hal_tim.o(i.HAL_TIM_ConfigTI1Input), (16 bytes).
    Removing stm32l0xx_hal_tim.o(i.HAL_TIM_DMABurst_ReadStart), (240 bytes).
    Removing stm32l0xx_hal_tim.o(i.HAL_TIM_DMABurst_ReadStop), (90 bytes).
    Removing stm32l0xx_hal_tim.o(i.HAL_TIM_DMABurst_WriteStart), (240 bytes).
    Removing stm32l0xx_hal_tim.o(i.HAL_TIM_DMABurst_WriteStop), (90 bytes).
    Removing stm32l0xx_hal_tim.o(i.HAL_TIM_Encoder_DeInit), (44 bytes).
    Removing stm32l0xx_hal_tim.o(i.HAL_TIM_Encoder_GetState), (6 bytes).
    Removing stm32l0xx_hal_tim.o(i.HAL_TIM_Encoder_Init), (148 bytes).
    Removing stm32l0xx_hal_tim.o(i.HAL_TIM_Encoder_MspDeInit), (2 bytes).
    Removing stm32l0xx_hal_tim.o(i.HAL_TIM_Encoder_MspInit), (2 bytes).
    Removing stm32l0xx_hal_tim.o(i.HAL_TIM_Encoder_Start), (52 bytes).
    Removing stm32l0xx_hal_tim.o(i.HAL_TIM_Encoder_Start_DMA), (284 bytes).
    Removing stm32l0xx_hal_tim.o(i.HAL_TIM_Encoder_Start_IT), (92 bytes).
    Removing stm32l0xx_hal_tim.o(i.HAL_TIM_Encoder_Stop), (64 bytes).
    Removing stm32l0xx_hal_tim.o(i.HAL_TIM_Encoder_Stop_DMA), (112 bytes).
    Removing stm32l0xx_hal_tim.o(i.HAL_TIM_Encoder_Stop_IT), (112 bytes).
    Removing stm32l0xx_hal_tim.o(i.HAL_TIM_ErrorCallback), (2 bytes).
    Removing stm32l0xx_hal_tim.o(i.HAL_TIM_GenerateEvent), (36 bytes).
    Removing stm32l0xx_hal_tim.o(i.HAL_TIM_IC_ConfigChannel), (288 bytes).
    Removing stm32l0xx_hal_tim.o(i.HAL_TIM_IC_DeInit), (44 bytes).
    Removing stm32l0xx_hal_tim.o(i.HAL_TIM_IC_GetState), (6 bytes).
    Removing stm32l0xx_hal_tim.o(i.HAL_TIM_IC_Init), (48 bytes).
    Removing stm32l0xx_hal_tim.o(i.HAL_TIM_IC_MspDeInit), (2 bytes).
    Removing stm32l0xx_hal_tim.o(i.HAL_TIM_IC_MspInit), (2 bytes).
    Removing stm32l0xx_hal_tim.o(i.HAL_TIM_IC_Start), (26 bytes).
    Removing stm32l0xx_hal_tim.o(i.HAL_TIM_IC_Start_DMA), (212 bytes).
    Removing stm32l0xx_hal_tim.o(i.HAL_TIM_IC_Start_IT), (72 bytes).
    Removing stm32l0xx_hal_tim.o(i.HAL_TIM_IC_Stop), (40 bytes).
    Removing stm32l0xx_hal_tim.o(i.HAL_TIM_IC_Stop_DMA), (100 bytes).
    Removing stm32l0xx_hal_tim.o(i.HAL_TIM_IC_Stop_IT), (84 bytes).
    Removing stm32l0xx_hal_tim.o(i.HAL_TIM_OC_ConfigChannel), (80 bytes).
    Removing stm32l0xx_hal_tim.o(i.HAL_TIM_OC_DeInit), (44 bytes).
    Removing stm32l0xx_hal_tim.o(i.HAL_TIM_OC_GetState), (6 bytes).
    Removing stm32l0xx_hal_tim.o(i.HAL_TIM_OC_Init), (48 bytes).
    Removing stm32l0xx_hal_tim.o(i.HAL_TIM_OC_MspDeInit), (2 bytes).
    Removing stm32l0xx_hal_tim.o(i.HAL_TIM_OC_MspInit), (2 bytes).
    Removing stm32l0xx_hal_tim.o(i.HAL_TIM_OC_Start), (26 bytes).
    Removing stm32l0xx_hal_tim.o(i.HAL_TIM_OC_Start_DMA), (220 bytes).
    Removing stm32l0xx_hal_tim.o(i.HAL_TIM_OC_Start_IT), (72 bytes).
    Removing stm32l0xx_hal_tim.o(i.HAL_TIM_OC_Stop), (40 bytes).
    Removing stm32l0xx_hal_tim.o(i.HAL_TIM_OC_Stop_DMA), (100 bytes).
    Removing stm32l0xx_hal_tim.o(i.HAL_TIM_OC_Stop_IT), (84 bytes).
    Removing stm32l0xx_hal_tim.o(i.HAL_TIM_OnePulse_ConfigChannel), (202 bytes).
    Removing stm32l0xx_hal_tim.o(i.HAL_TIM_OnePulse_DeInit), (44 bytes).
    Removing stm32l0xx_hal_tim.o(i.HAL_TIM_OnePulse_GetState), (6 bytes).
    Removing stm32l0xx_hal_tim.o(i.HAL_TIM_OnePulse_Init), (68 bytes).
    Removing stm32l0xx_hal_tim.o(i.HAL_TIM_OnePulse_MspDeInit), (2 bytes).
    Removing stm32l0xx_hal_tim.o(i.HAL_TIM_OnePulse_MspInit), (2 bytes).
    Removing stm32l0xx_hal_tim.o(i.HAL_TIM_OnePulse_Start), (28 bytes).
    Removing stm32l0xx_hal_tim.o(i.HAL_TIM_OnePulse_Start_IT), (48 bytes).
    Removing stm32l0xx_hal_tim.o(i.HAL_TIM_OnePulse_Stop), (52 bytes).
    Removing stm32l0xx_hal_tim.o(i.HAL_TIM_OnePulse_Stop_IT), (72 bytes).
    Removing stm32l0xx_hal_tim.o(i.HAL_TIM_PWM_ConfigChannel), (208 bytes).
    Removing stm32l0xx_hal_tim.o(i.HAL_TIM_PWM_DeInit), (44 bytes).
    Removing stm32l0xx_hal_tim.o(i.HAL_TIM_PWM_GetState), (6 bytes).
    Removing stm32l0xx_hal_tim.o(i.HAL_TIM_PWM_Init), (48 bytes).
    Removing stm32l0xx_hal_tim.o(i.HAL_TIM_PWM_MspDeInit), (2 bytes).
    Removing stm32l0xx_hal_tim.o(i.HAL_TIM_PWM_MspInit), (2 bytes).
    Removing stm32l0xx_hal_tim.o(i.HAL_TIM_PWM_Start), (26 bytes).
    Removing stm32l0xx_hal_tim.o(i.HAL_TIM_PWM_Start_DMA), (220 bytes).
    Removing stm32l0xx_hal_tim.o(i.HAL_TIM_PWM_Start_IT), (72 bytes).
    Removing stm32l0xx_hal_tim.o(i.HAL_TIM_PWM_Stop), (44 bytes).
    Removing stm32l0xx_hal_tim.o(i.HAL_TIM_PWM_Stop_DMA), (100 bytes).
    Removing stm32l0xx_hal_tim.o(i.HAL_TIM_PWM_Stop_IT), (84 bytes).
    Removing stm32l0xx_hal_tim.o(i.HAL_TIM_PeriodElapsedCallback), (2 bytes).
    Removing stm32l0xx_hal_tim.o(i.HAL_TIM_ReadCapturedValue), (70 bytes).
    Removing stm32l0xx_hal_tim.o(i.HAL_TIM_SlaveConfigSynchronization), (60 bytes).
    Removing stm32l0xx_hal_tim.o(i.HAL_TIM_SlaveConfigSynchronization_IT), (60 bytes).
    Removing stm32l0xx_hal_tim.o(i.TIM_Base_SetConfig), (80 bytes).
    Removing stm32l0xx_hal_tim.o(i.TIM_CCxChannelCmd), (22 bytes).
    Removing stm32l0xx_hal_tim.o(i.TIM_DMACaptureCplt), (62 bytes).
    Removing stm32l0xx_hal_tim.o(i.TIM_DMADelayPulseCplt), (62 bytes).
    Removing stm32l0xx_hal_tim.o(i.TIM_DMAError), (16 bytes).
    Removing stm32l0xx_hal_tim.o(i.TIM_DMAPeriodElapsedCplt), (16 bytes).
    Removing stm32l0xx_hal_tim.o(i.TIM_DMATriggerCplt), (16 bytes).
    Removing stm32l0xx_hal_tim.o(i.TIM_ETR_SetConfig), (22 bytes).
    Removing stm32l0xx_hal_tim.o(i.TIM_ITRx_SetConfig), (16 bytes).
    Removing stm32l0xx_hal_tim.o(i.TIM_OC1_SetConfig), (48 bytes).
    Removing stm32l0xx_hal_tim.o(i.TIM_OC2_SetConfig), (50 bytes).
    Removing stm32l0xx_hal_tim.o(i.TIM_OC3_SetConfig), (54 bytes).
    Removing stm32l0xx_hal_tim.o(i.TIM_OC4_SetConfig), (54 bytes).
    Removing stm32l0xx_hal_tim.o(i.TIM_SlaveTimer_SetConfig), (122 bytes).
    Removing stm32l0xx_hal_tim.o(i.TIM_TI1_ConfigInputStage), (34 bytes).
    Removing stm32l0xx_hal_tim.o(i.TIM_TI1_SetConfig), (80 bytes).
    Removing stm32l0xx_hal_tim.o(i.TIM_TI2_ConfigInputStage), (38 bytes).
    Removing stm32l0xx_hal_tim.o(i.TIM_TI2_SetConfig), (52 bytes).
    Removing stm32l0xx_hal_tim_ex.o(.rev16_text), (4 bytes).
    Removing stm32l0xx_hal_tim_ex.o(.revsh_text), (4 bytes).
    Removing stm32l0xx_hal_tim_ex.o(i.HAL_TIMEx_MasterConfigSynchronization), (72 bytes).
    Removing stm32l0xx_hal_tim_ex.o(i.HAL_TIMEx_RemapConfig), (30 bytes).
    Removing stm32l0xx_hal_tsc.o(.rev16_text), (4 bytes).
    Removing stm32l0xx_hal_tsc.o(.revsh_text), (4 bytes).
    Removing stm32l0xx_hal_uart.o(.rev16_text), (4 bytes).
    Removing stm32l0xx_hal_uart.o(.revsh_text), (4 bytes).
    Removing stm32l0xx_hal_uart.o(i.HAL_HalfDuplex_EnableReceiver), (52 bytes).
    Removing stm32l0xx_hal_uart.o(i.HAL_HalfDuplex_EnableTransmitter), (52 bytes).
    Removing stm32l0xx_hal_uart.o(i.HAL_HalfDuplex_Init), (104 bytes).
    Removing stm32l0xx_hal_uart.o(i.HAL_LIN_Init), (134 bytes).
    Removing stm32l0xx_hal_uart.o(i.HAL_LIN_SendBreak), (40 bytes).
    Removing stm32l0xx_hal_uart.o(i.HAL_MultiProcessor_DisableMuteMode), (42 bytes).
    Removing stm32l0xx_hal_uart.o(i.HAL_MultiProcessor_EnableMuteMode), (42 bytes).
    Removing stm32l0xx_hal_uart.o(i.HAL_MultiProcessor_EnterMuteMode), (12 bytes).
    Removing stm32l0xx_hal_uart.o(i.HAL_MultiProcessor_Init), (138 bytes).
    Removing stm32l0xx_hal_uart.o(i.HAL_UART_DMAPause), (78 bytes).
    Removing stm32l0xx_hal_uart.o(i.HAL_UART_DMAResume), (88 bytes).
    Removing stm32l0xx_hal_uart.o(i.HAL_UART_DMAStop), (54 bytes).
    Removing stm32l0xx_hal_uart.o(i.HAL_UART_DeInit), (60 bytes).
    Removing stm32l0xx_hal_uart.o(i.HAL_UART_GetError), (4 bytes).
    Removing stm32l0xx_hal_uart.o(i.HAL_UART_GetState), (6 bytes).
    Removing stm32l0xx_hal_uart.o(i.HAL_UART_MspDeInit), (2 bytes).
    Removing stm32l0xx_hal_uart.o(i.HAL_UART_Receive), (244 bytes).
    Removing stm32l0xx_hal_uart.o(i.HAL_UART_Receive_DMA), (132 bytes).
    Removing stm32l0xx_hal_uart.o(i.HAL_UART_Receive_IT), (172 bytes).
    Removing stm32l0xx_hal_uart.o(i.HAL_UART_RxCpltCallback), (2 bytes).
    Removing stm32l0xx_hal_uart.o(i.HAL_UART_RxHalfCpltCallback), (2 bytes).
    Removing stm32l0xx_hal_uart.o(i.HAL_UART_Transmit), (186 bytes).
    Removing stm32l0xx_hal_uart.o(i.HAL_UART_Transmit_DMA), (140 bytes).
    Removing stm32l0xx_hal_uart.o(i.HAL_UART_TxCpltCallback), (2 bytes).
    Removing stm32l0xx_hal_uart.o(i.HAL_UART_TxHalfCpltCallback), (2 bytes).
    Removing stm32l0xx_hal_uart.o(i.UART_DMAError), (34 bytes).
    Removing stm32l0xx_hal_uart.o(i.UART_DMAReceiveCplt), (54 bytes).
    Removing stm32l0xx_hal_uart.o(i.UART_DMARxHalfCplt), (10 bytes).
    Removing stm32l0xx_hal_uart.o(i.UART_DMATransmitCplt), (48 bytes).
    Removing stm32l0xx_hal_uart.o(i.UART_DMATxHalfCplt), (10 bytes).
    Removing stm32l0xx_hal_uart_ex.o(.rev16_text), (4 bytes).
    Removing stm32l0xx_hal_uart_ex.o(.revsh_text), (4 bytes).
    Removing stm32l0xx_hal_uart_ex.o(i.HAL_MultiProcessorEx_AddressLength_Set), (54 bytes).
    Removing stm32l0xx_hal_uart_ex.o(i.HAL_RS485Ex_Init), (136 bytes).
    Removing stm32l0xx_hal_uart_ex.o(i.HAL_UARTEx_DisableClockStopMode), (42 bytes).
    Removing stm32l0xx_hal_uart_ex.o(i.HAL_UARTEx_DisableStopMode), (40 bytes).
    Removing stm32l0xx_hal_uart_ex.o(i.HAL_UARTEx_EnableClockStopMode), (42 bytes).
    Removing stm32l0xx_hal_uart_ex.o(i.HAL_UARTEx_EnableStopMode), (40 bytes).
    Removing stm32l0xx_hal_uart_ex.o(i.HAL_UARTEx_StopModeWakeUpSourceConfig), (134 bytes).
    Removing stm32l0xx_hal_usart.o(.rev16_text), (4 bytes).
    Removing stm32l0xx_hal_usart.o(.revsh_text), (4 bytes).
    Removing stm32l0xx_hal_usart.o(i.HAL_USART_DMAPause), (34 bytes).
    Removing stm32l0xx_hal_usart.o(i.HAL_USART_DMAResume), (34 bytes).
    Removing stm32l0xx_hal_usart.o(i.HAL_USART_DMAStop), (54 bytes).
    Removing stm32l0xx_hal_usart.o(i.HAL_USART_DeInit), (50 bytes).
    Removing stm32l0xx_hal_usart.o(i.HAL_USART_ErrorCallback), (2 bytes).
    Removing stm32l0xx_hal_usart.o(i.HAL_USART_GetError), (4 bytes).
    Removing stm32l0xx_hal_usart.o(i.HAL_USART_GetState), (6 bytes).
    Removing stm32l0xx_hal_usart.o(i.HAL_USART_IRQHandler), (234 bytes).
    Removing stm32l0xx_hal_usart.o(i.HAL_USART_Init), (166 bytes).
    Removing stm32l0xx_hal_usart.o(i.HAL_USART_MspDeInit), (2 bytes).
    Removing stm32l0xx_hal_usart.o(i.HAL_USART_MspInit), (2 bytes).
    Removing stm32l0xx_hal_usart.o(i.HAL_USART_Receive), (236 bytes).
    Removing stm32l0xx_hal_usart.o(i.HAL_USART_Receive_DMA), (152 bytes).
    Removing stm32l0xx_hal_usart.o(i.HAL_USART_Receive_IT), (168 bytes).
    Removing stm32l0xx_hal_usart.o(i.HAL_USART_RxCpltCallback), (2 bytes).
    Removing stm32l0xx_hal_usart.o(i.HAL_USART_RxHalfCpltCallback), (2 bytes).
    Removing stm32l0xx_hal_usart.o(i.HAL_USART_Transmit), (154 bytes).
    Removing stm32l0xx_hal_usart.o(i.HAL_USART_TransmitReceive), (288 bytes).
    Removing stm32l0xx_hal_usart.o(i.HAL_USART_TransmitReceive_DMA), (180 bytes).
    Removing stm32l0xx_hal_usart.o(i.HAL_USART_TransmitReceive_IT), (168 bytes).
    Removing stm32l0xx_hal_usart.o(i.HAL_USART_Transmit_DMA), (120 bytes).
    Removing stm32l0xx_hal_usart.o(i.HAL_USART_Transmit_IT), (64 bytes).
    Removing stm32l0xx_hal_usart.o(i.HAL_USART_TxCpltCallback), (2 bytes).
    Removing stm32l0xx_hal_usart.o(i.HAL_USART_TxHalfCpltCallback), (2 bytes).
    Removing stm32l0xx_hal_usart.o(i.HAL_USART_TxRxCpltCallback), (2 bytes).
    Removing stm32l0xx_hal_usart.o(i.USART_DMAError), (30 bytes).
    Removing stm32l0xx_hal_usart.o(i.USART_DMAReceiveCplt), (82 bytes).
    Removing stm32l0xx_hal_usart.o(i.USART_DMARxHalfCplt), (10 bytes).
    Removing stm32l0xx_hal_usart.o(i.USART_DMATransmitCplt), (62 bytes).
    Removing stm32l0xx_hal_usart.o(i.USART_DMATxHalfCplt), (10 bytes).
    Removing stm32l0xx_hal_usart.o(i.USART_Receive_IT), (156 bytes).
    Removing stm32l0xx_hal_usart.o(i.USART_SetConfig), (104 bytes).
    Removing stm32l0xx_hal_usart.o(i.USART_TransmitReceive_IT), (218 bytes).
    Removing stm32l0xx_hal_usart.o(i.USART_Transmit_IT), (98 bytes).
    Removing stm32l0xx_hal_usart.o(i.USART_WaitOnFlagUntilTimeout), (174 bytes).
    Removing stm32l0xx_hal_wwdg.o(.rev16_text), (4 bytes).
    Removing stm32l0xx_hal_wwdg.o(.revsh_text), (4 bytes).
    Removing stm32l0xx_hal_wwdg.o(i.HAL_WWDG_DeInit), (70 bytes).
    Removing stm32l0xx_hal_wwdg.o(i.HAL_WWDG_GetState), (4 bytes).
    Removing stm32l0xx_hal_wwdg.o(i.HAL_WWDG_IRQHandler), (38 bytes).
    Removing stm32l0xx_hal_wwdg.o(i.HAL_WWDG_Init), (86 bytes).
    Removing stm32l0xx_hal_wwdg.o(i.HAL_WWDG_MspDeInit), (2 bytes).
    Removing stm32l0xx_hal_wwdg.o(i.HAL_WWDG_MspInit), (2 bytes).
    Removing stm32l0xx_hal_wwdg.o(i.HAL_WWDG_Refresh), (16 bytes).
    Removing stm32l0xx_hal_wwdg.o(i.HAL_WWDG_Start), (40 bytes).
    Removing stm32l0xx_hal_wwdg.o(i.HAL_WWDG_Start_IT), (50 bytes).
    Removing stm32l0xx_hal_wwdg.o(i.HAL_WWDG_WakeupCallback), (2 bytes).
    Removing startup_stm32l053xx.o(HEAP), (512 bytes).
    Removing system_stm32l0xx.o(.rev16_text), (4 bytes).
    Removing system_stm32l0xx.o(.revsh_text), (4 bytes).
    Removing system_stm32l0xx.o(i.SystemCoreClockUpdate), (148 bytes).
    Removing system_stm32l0xx.o(.constdata), (25 bytes).
    Removing system_stm32l0xx.o(.constdata), (8 bytes).
    Removing fmul.o(.text), (122 bytes).
    Removing fdiv.o(.text), (124 bytes).
    Removing fscalb.o(.text), (24 bytes).
    Removing dadd.o(.text), (356 bytes).
    Removing dmul.o(.text), (208 bytes).
    Removing ffltui.o(.text), (14 bytes).
    Removing dflti.o(.text), (40 bytes).
    Removing ffixui.o(.text), (40 bytes).
    Removing d2f.o(.text), (56 bytes).
    Removing fepilogue.o(.text), (130 bytes).
    Removing dfixul.o(.text), (64 bytes).
    Removing cdrcmple.o(.text), (40 bytes).

966 unused section(s) (total 64800 bytes) removed from the image.

==============================================================================

Image Symbol Table

    Local Symbols

    Symbol Name                              Value     Ov Type        Size  Object(Section)

    ../clib/microlib/division.c              0x00000000   Number         0  uldiv.o ABSOLUTE
    ../clib/microlib/division.c              0x00000000   Number         0  uidiv.o ABSOLUTE
    ../clib/microlib/errno.c                 0x00000000   Number         0  errno.o ABSOLUTE
    ../clib/microlib/init/entry.s            0x00000000   Number         0  entry5.o ABSOLUTE
    ../clib/microlib/init/entry.s            0x00000000   Number         0  entry11b.o ABSOLUTE
    ../clib/microlib/init/entry.s            0x00000000   Number         0  entry.o ABSOLUTE
    ../clib/microlib/init/entry.s            0x00000000   Number         0  entry11a.o ABSOLUTE
    ../clib/microlib/init/entry.s            0x00000000   Number         0  entry10b.o ABSOLUTE
    ../clib/microlib/init/entry.s            0x00000000   Number         0  entry10a.o ABSOLUTE
    ../clib/microlib/init/entry.s            0x00000000   Number         0  entry9b.o ABSOLUTE
    ../clib/microlib/init/entry.s            0x00000000   Number         0  entry9a.o ABSOLUTE
    ../clib/microlib/init/entry.s            0x00000000   Number         0  entry8b.o ABSOLUTE
    ../clib/microlib/init/entry.s            0x00000000   Number         0  entry8a.o ABSOLUTE
    ../clib/microlib/init/entry.s            0x00000000   Number         0  entry7b.o ABSOLUTE
    ../clib/microlib/init/entry.s            0x00000000   Number         0  entry7a.o ABSOLUTE
    ../clib/microlib/init/entry.s            0x00000000   Number         0  entry2.o ABSOLUTE
    ../clib/microlib/longlong.c              0x00000000   Number         0  llshl.o ABSOLUTE
    ../clib/microlib/longlong.c              0x00000000   Number         0  llsshr.o ABSOLUTE
    ../clib/microlib/longlong.c              0x00000000   Number         0  llushr.o ABSOLUTE
    ../clib/microlib/printf/printf.c         0x00000000   Number         0  printf7.o ABSOLUTE
    ../clib/microlib/printf/printf.c         0x00000000   Number         0  printfa.o ABSOLUTE
    ../clib/microlib/printf/printf.c         0x00000000   Number         0  printfb.o ABSOLUTE
    ../clib/microlib/printf/printf.c         0x00000000   Number         0  printf0.o ABSOLUTE
    ../clib/microlib/printf/printf.c         0x00000000   Number         0  printf1.o ABSOLUTE
    ../clib/microlib/printf/printf.c         0x00000000   Number         0  printf2.o ABSOLUTE
    ../clib/microlib/printf/printf.c         0x00000000   Number         0  printf3.o ABSOLUTE
    ../clib/microlib/printf/printf.c         0x00000000   Number         0  printf4.o ABSOLUTE
    ../clib/microlib/printf/printf.c         0x00000000   Number         0  printf5.o ABSOLUTE
    ../clib/microlib/printf/printf.c         0x00000000   Number         0  printf8.o ABSOLUTE
    ../clib/microlib/printf/printf.c         0x00000000   Number         0  printf6.o ABSOLUTE
    ../clib/microlib/stubs.s                 0x00000000   Number         0  useno.o ABSOLUTE
    ../clib/microlib/stubs.s                 0x00000000   Number         0  iusefp.o ABSOLUTE
    ../clib/microlib/unhosted.c              0x00000000   Number         0  uread4.o ABSOLUTE
    ../fplib/microlib/d2f.c                  0x00000000   Number         0  d2f.o ABSOLUTE
    ../fplib/microlib/fpadd.c                0x00000000   Number         0  dadd.o ABSOLUTE
    ../fplib/microlib/fpdiv.c                0x00000000   Number         0  ddiv.o ABSOLUTE
    ../fplib/microlib/fpdiv.c                0x00000000   Number         0  fdiv.o ABSOLUTE
    ../fplib/microlib/fpepilogue.c           0x00000000   Number         0  depilogue.o ABSOLUTE
    ../fplib/microlib/fpepilogue.c           0x00000000   Number         0  fepilogue.o ABSOLUTE
    ../fplib/microlib/fpfix.c                0x00000000   Number         0  dfixul.o ABSOLUTE
    ../fplib/microlib/fpfix.c                0x00000000   Number         0  ffixui.o ABSOLUTE
    ../fplib/microlib/fpfix.c                0x00000000   Number         0  dfixui.o ABSOLUTE
    ../fplib/microlib/fpflt.c                0x00000000   Number         0  dfltui.o ABSOLUTE
    ../fplib/microlib/fpflt.c                0x00000000   Number         0  dflti.o ABSOLUTE
    ../fplib/microlib/fpflt.c                0x00000000   Number         0  ffltui.o ABSOLUTE
    ../fplib/microlib/fpmul.c                0x00000000   Number         0  dmul.o ABSOLUTE
    ../fplib/microlib/fpmul.c                0x00000000   Number         0  fmul.o ABSOLUTE
    ../fplib/microlib/fpscalb.c              0x00000000   Number         0  dscalb.o ABSOLUTE
    ../fplib/microlib/fpscalb.c              0x00000000   Number         0  fscalb.o ABSOLUTE
    ../mathlib/atan.c                        0x00000000   Number         0  atan_x.o ABSOLUTE
    ../mathlib/atan.c                        0x00000000   Number         0  atan.o ABSOLUTE
    ../mathlib/atan2.c                       0x00000000   Number         0  atan2.o ABSOLUTE
    ../mathlib/atan2.c                       0x00000000   Number         0  atan2_x.o ABSOLUTE
    ../mathlib/dunder.c                      0x00000000   Number         0  dunder.o ABSOLUTE
    ../mathlib/fpclassify.c                  0x00000000   Number         0  fpclassify.o ABSOLUTE
    ../mathlib/poly.c                        0x00000000   Number         0  poly.o ABSOLUTE
    ../mathlib/qnan.c                        0x00000000   Number         0  qnan.o ABSOLUTE
    ..\..\..\..\Drivers\STM32L0xx_HAL_Driver\Src\stm32l0xx_hal.c 0x00000000   Number         0  stm32l0xx_hal.o ABSOLUTE
    ..\..\..\..\Drivers\STM32L0xx_HAL_Driver\Src\stm32l0xx_hal_adc.c 0x00000000   Number         0  stm32l0xx_hal_adc.o ABSOLUTE
    ..\..\..\..\Drivers\STM32L0xx_HAL_Driver\Src\stm32l0xx_hal_adc_ex.c 0x00000000   Number         0  stm32l0xx_hal_adc_ex.o ABSOLUTE
    ..\..\..\..\Drivers\STM32L0xx_HAL_Driver\Src\stm32l0xx_hal_comp.c 0x00000000   Number         0  stm32l0xx_hal_comp.o ABSOLUTE
    ..\..\..\..\Drivers\STM32L0xx_HAL_Driver\Src\stm32l0xx_hal_comp_ex.c 0x00000000   Number         0  stm32l0xx_hal_comp_ex.o ABSOLUTE
    ..\..\..\..\Drivers\STM32L0xx_HAL_Driver\Src\stm32l0xx_hal_cortex.c 0x00000000   Number         0  stm32l0xx_hal_cortex.o ABSOLUTE
    ..\..\..\..\Drivers\STM32L0xx_HAL_Driver\Src\stm32l0xx_hal_crc.c 0x00000000   Number         0  stm32l0xx_hal_crc.o ABSOLUTE
    ..\..\..\..\Drivers\STM32L0xx_HAL_Driver\Src\stm32l0xx_hal_crc_ex.c 0x00000000   Number         0  stm32l0xx_hal_crc_ex.o ABSOLUTE
    ..\..\..\..\Drivers\STM32L0xx_HAL_Driver\Src\stm32l0xx_hal_cryp.c 0x00000000   Number         0  stm32l0xx_hal_cryp.o ABSOLUTE
    ..\..\..\..\Drivers\STM32L0xx_HAL_Driver\Src\stm32l0xx_hal_cryp_ex.c 0x00000000   Number         0  stm32l0xx_hal_cryp_ex.o ABSOLUTE
    ..\..\..\..\Drivers\STM32L0xx_HAL_Driver\Src\stm32l0xx_hal_dac.c 0x00000000   Number         0  stm32l0xx_hal_dac.o ABSOLUTE
    ..\..\..\..\Drivers\STM32L0xx_HAL_Driver\Src\stm32l0xx_hal_dac_ex.c 0x00000000   Number         0  stm32l0xx_hal_dac_ex.o ABSOLUTE
    ..\..\..\..\Drivers\STM32L0xx_HAL_Driver\Src\stm32l0xx_hal_dma.c 0x00000000   Number         0  stm32l0xx_hal_dma.o ABSOLUTE
    ..\..\..\..\Drivers\STM32L0xx_HAL_Driver\Src\stm32l0xx_hal_firewall.c 0x00000000   Number         0  stm32l0xx_hal_firewall.o ABSOLUTE
    ..\..\..\..\Drivers\STM32L0xx_HAL_Driver\Src\stm32l0xx_hal_flash.c 0x00000000   Number         0  stm32l0xx_hal_flash.o ABSOLUTE
    ..\..\..\..\Drivers\STM32L0xx_HAL_Driver\Src\stm32l0xx_hal_flash_ex.c 0x00000000   Number         0  stm32l0xx_hal_flash_ex.o ABSOLUTE
    ..\..\..\..\Drivers\STM32L0xx_HAL_Driver\Src\stm32l0xx_hal_flash_ramfunc.c 0x00000000   Number         0  stm32l0xx_hal_flash_ramfunc.o ABSOLUTE
    ..\..\..\..\Drivers\STM32L0xx_HAL_Driver\Src\stm32l0xx_hal_gpio.c 0x00000000   Number         0  stm32l0xx_hal_gpio.o ABSOLUTE
    ..\..\..\..\Drivers\STM32L0xx_HAL_Driver\Src\stm32l0xx_hal_i2c.c 0x00000000   Number         0  stm32l0xx_hal_i2c.o ABSOLUTE
    ..\..\..\..\Drivers\STM32L0xx_HAL_Driver\Src\stm32l0xx_hal_i2c_ex.c 0x00000000   Number         0  stm32l0xx_hal_i2c_ex.o ABSOLUTE
    ..\..\..\..\Drivers\STM32L0xx_HAL_Driver\Src\stm32l0xx_hal_i2s.c 0x00000000   Number         0  stm32l0xx_hal_i2s.o ABSOLUTE
    ..\..\..\..\Drivers\STM32L0xx_HAL_Driver\Src\stm32l0xx_hal_irda.c 0x00000000   Number         0  stm32l0xx_hal_irda.o ABSOLUTE
    ..\..\..\..\Drivers\STM32L0xx_HAL_Driver\Src\stm32l0xx_hal_iwdg.c 0x00000000   Number         0  stm32l0xx_hal_iwdg.o ABSOLUTE
    ..\..\..\..\Drivers\STM32L0xx_HAL_Driver\Src\stm32l0xx_hal_lcd.c 0x00000000   Number         0  stm32l0xx_hal_lcd.o ABSOLUTE
    ..\..\..\..\Drivers\STM32L0xx_HAL_Driver\Src\stm32l0xx_hal_lptim.c 0x00000000   Number         0  stm32l0xx_hal_lptim.o ABSOLUTE
    ..\..\..\..\Drivers\STM32L0xx_HAL_Driver\Src\stm32l0xx_hal_msp_template.c 0x00000000   Number         0  stm32l0xx_hal_msp_template.o ABSOLUTE
    ..\..\..\..\Drivers\STM32L0xx_HAL_Driver\Src\stm32l0xx_hal_pcd.c 0x00000000   Number         0  stm32l0xx_hal_pcd.o ABSOLUTE
    ..\..\..\..\Drivers\STM32L0xx_HAL_Driver\Src\stm32l0xx_hal_pcd_ex.c 0x00000000   Number         0  stm32l0xx_hal_pcd_ex.o ABSOLUTE
    ..\..\..\..\Drivers\STM32L0xx_HAL_Driver\Src\stm32l0xx_hal_pwr.c 0x00000000   Number         0  stm32l0xx_hal_pwr.o ABSOLUTE
    ..\..\..\..\Drivers\STM32L0xx_HAL_Driver\Src\stm32l0xx_hal_pwr_ex.c 0x00000000   Number         0  stm32l0xx_hal_pwr_ex.o ABSOLUTE
    ..\..\..\..\Drivers\STM32L0xx_HAL_Driver\Src\stm32l0xx_hal_rcc.c 0x00000000   Number         0  stm32l0xx_hal_rcc.o ABSOLUTE
    ..\..\..\..\Drivers\STM32L0xx_HAL_Driver\Src\stm32l0xx_hal_rcc_ex.c 0x00000000   Number         0  stm32l0xx_hal_rcc_ex.o ABSOLUTE
    ..\..\..\..\Drivers\STM32L0xx_HAL_Driver\Src\stm32l0xx_hal_rng.c 0x00000000   Number         0  stm32l0xx_hal_rng.o ABSOLUTE
    ..\..\..\..\Drivers\STM32L0xx_HAL_Driver\Src\stm32l0xx_hal_rtc.c 0x00000000   Number         0  stm32l0xx_hal_rtc.o ABSOLUTE
    ..\..\..\..\Drivers\STM32L0xx_HAL_Driver\Src\stm32l0xx_hal_rtc_ex.c 0x00000000   Number         0  stm32l0xx_hal_rtc_ex.o ABSOLUTE
    ..\..\..\..\Drivers\STM32L0xx_HAL_Driver\Src\stm32l0xx_hal_smartcard.c 0x00000000   Number         0  stm32l0xx_hal_smartcard.o ABSOLUTE
    ..\..\..\..\Drivers\STM32L0xx_HAL_Driver\Src\stm32l0xx_hal_smartcard_ex.c 0x00000000   Number         0  stm32l0xx_hal_smartcard_ex.o ABSOLUTE
    ..\..\..\..\Drivers\STM32L0xx_HAL_Driver\Src\stm32l0xx_hal_smbus.c 0x00000000   Number         0  stm32l0xx_hal_smbus.o ABSOLUTE
    ..\..\..\..\Drivers\STM32L0xx_HAL_Driver\Src\stm32l0xx_hal_spi.c 0x00000000   Number         0  stm32l0xx_hal_spi.o ABSOLUTE
    ..\..\..\..\Drivers\STM32L0xx_HAL_Driver\Src\stm32l0xx_hal_tim.c 0x00000000   Number         0  stm32l0xx_hal_tim.o ABSOLUTE
    ..\..\..\..\Drivers\STM32L0xx_HAL_Driver\Src\stm32l0xx_hal_tim_ex.c 0x00000000   Number         0  stm32l0xx_hal_tim_ex.o ABSOLUTE
    ..\..\..\..\Drivers\STM32L0xx_HAL_Driver\Src\stm32l0xx_hal_tsc.c 0x00000000   Number         0  stm32l0xx_hal_tsc.o ABSOLUTE
    ..\..\..\..\Drivers\STM32L0xx_HAL_Driver\Src\stm32l0xx_hal_uart.c 0x00000000   Number         0  stm32l0xx_hal_uart.o ABSOLUTE
    ..\..\..\..\Drivers\STM32L0xx_HAL_Driver\Src\stm32l0xx_hal_uart_ex.c 0x00000000   Number         0  stm32l0xx_hal_uart_ex.o ABSOLUTE
    ..\..\..\..\Drivers\STM32L0xx_HAL_Driver\Src\stm32l0xx_hal_usart.c 0x00000000   Number         0  stm32l0xx_hal_usart.o ABSOLUTE
    ..\..\..\..\Drivers\STM32L0xx_HAL_Driver\Src\stm32l0xx_hal_wwdg.c 0x00000000   Number         0  stm32l0xx_hal_wwdg.o ABSOLUTE
    ..\\..\\..\\..\\Drivers\\STM32L0xx_HAL_Driver\\Src\\stm32l0xx_hal.c 0x00000000   Number         0  stm32l0xx_hal.o ABSOLUTE
    ..\\..\\..\\..\\Drivers\\STM32L0xx_HAL_Driver\\Src\\stm32l0xx_hal_adc.c 0x00000000   Number         0  stm32l0xx_hal_adc.o ABSOLUTE
    ..\\..\\..\\..\\Drivers\\STM32L0xx_HAL_Driver\\Src\\stm32l0xx_hal_adc_ex.c 0x00000000   Number         0  stm32l0xx_hal_adc_ex.o ABSOLUTE
    ..\\..\\..\\..\\Drivers\\STM32L0xx_HAL_Driver\\Src\\stm32l0xx_hal_comp.c 0x00000000   Number         0  stm32l0xx_hal_comp.o ABSOLUTE
    ..\\..\\..\\..\\Drivers\\STM32L0xx_HAL_Driver\\Src\\stm32l0xx_hal_comp_ex.c 0x00000000   Number         0  stm32l0xx_hal_comp_ex.o ABSOLUTE
    ..\\..\\..\\..\\Drivers\\STM32L0xx_HAL_Driver\\Src\\stm32l0xx_hal_cortex.c 0x00000000   Number         0  stm32l0xx_hal_cortex.o ABSOLUTE
    ..\\..\\..\\..\\Drivers\\STM32L0xx_HAL_Driver\\Src\\stm32l0xx_hal_crc.c 0x00000000   Number         0  stm32l0xx_hal_crc.o ABSOLUTE
    ..\\..\\..\\..\\Drivers\\STM32L0xx_HAL_Driver\\Src\\stm32l0xx_hal_crc_ex.c 0x00000000   Number         0  stm32l0xx_hal_crc_ex.o ABSOLUTE
    ..\\..\\..\\..\\Drivers\\STM32L0xx_HAL_Driver\\Src\\stm32l0xx_hal_dac.c 0x00000000   Number         0  stm32l0xx_hal_dac.o ABSOLUTE
    ..\\..\\..\\..\\Drivers\\STM32L0xx_HAL_Driver\\Src\\stm32l0xx_hal_dac_ex.c 0x00000000   Number         0  stm32l0xx_hal_dac_ex.o ABSOLUTE
    ..\\..\\..\\..\\Drivers\\STM32L0xx_HAL_Driver\\Src\\stm32l0xx_hal_dma.c 0x00000000   Number         0  stm32l0xx_hal_dma.o ABSOLUTE
    ..\\..\\..\\..\\Drivers\\STM32L0xx_HAL_Driver\\Src\\stm32l0xx_hal_firewall.c 0x00000000   Number         0  stm32l0xx_hal_firewall.o ABSOLUTE
    ..\\..\\..\\..\\Drivers\\STM32L0xx_HAL_Driver\\Src\\stm32l0xx_hal_flash.c 0x00000000   Number         0  stm32l0xx_hal_flash.o ABSOLUTE
    ..\\..\\..\\..\\Drivers\\STM32L0xx_HAL_Driver\\Src\\stm32l0xx_hal_flash_ex.c 0x00000000   Number         0  stm32l0xx_hal_flash_ex.o ABSOLUTE
    ..\\..\\..\\..\\Drivers\\STM32L0xx_HAL_Driver\\Src\\stm32l0xx_hal_flash_ramfunc.c 0x00000000   Number         0  stm32l0xx_hal_flash_ramfunc.o ABSOLUTE
    ..\\..\\..\\..\\Drivers\\STM32L0xx_HAL_Driver\\Src\\stm32l0xx_hal_gpio.c 0x00000000   Number         0  stm32l0xx_hal_gpio.o ABSOLUTE
    ..\\..\\..\\..\\Drivers\\STM32L0xx_HAL_Driver\\Src\\stm32l0xx_hal_i2c.c 0x00000000   Number         0  stm32l0xx_hal_i2c.o ABSOLUTE
    ..\\..\\..\\..\\Drivers\\STM32L0xx_HAL_Driver\\Src\\stm32l0xx_hal_i2c_ex.c 0x00000000   Number         0  stm32l0xx_hal_i2c_ex.o ABSOLUTE
    ..\\..\\..\\..\\Drivers\\STM32L0xx_HAL_Driver\\Src\\stm32l0xx_hal_i2s.c 0x00000000   Number         0  stm32l0xx_hal_i2s.o ABSOLUTE
    ..\\..\\..\\..\\Drivers\\STM32L0xx_HAL_Driver\\Src\\stm32l0xx_hal_irda.c 0x00000000   Number         0  stm32l0xx_hal_irda.o ABSOLUTE
    ..\\..\\..\\..\\Drivers\\STM32L0xx_HAL_Driver\\Src\\stm32l0xx_hal_iwdg.c 0x00000000   Number         0  stm32l0xx_hal_iwdg.o ABSOLUTE
    ..\\..\\..\\..\\Drivers\\STM32L0xx_HAL_Driver\\Src\\stm32l0xx_hal_lcd.c 0x00000000   Number         0  stm32l0xx_hal_lcd.o ABSOLUTE
    ..\\..\\..\\..\\Drivers\\STM32L0xx_HAL_Driver\\Src\\stm32l0xx_hal_lptim.c 0x00000000   Number         0  stm32l0xx_hal_lptim.o ABSOLUTE
    ..\\..\\..\\..\\Drivers\\STM32L0xx_HAL_Driver\\Src\\stm32l0xx_hal_msp_template.c 0x00000000   Number         0  stm32l0xx_hal_msp_template.o ABSOLUTE
    ..\\..\\..\\..\\Drivers\\STM32L0xx_HAL_Driver\\Src\\stm32l0xx_hal_pcd.c 0x00000000   Number         0  stm32l0xx_hal_pcd.o ABSOLUTE
    ..\\..\\..\\..\\Drivers\\STM32L0xx_HAL_Driver\\Src\\stm32l0xx_hal_pcd_ex.c 0x00000000   Number         0  stm32l0xx_hal_pcd_ex.o ABSOLUTE
    ..\\..\\..\\..\\Drivers\\STM32L0xx_HAL_Driver\\Src\\stm32l0xx_hal_pwr.c 0x00000000   Number         0  stm32l0xx_hal_pwr.o ABSOLUTE
    ..\\..\\..\\..\\Drivers\\STM32L0xx_HAL_Driver\\Src\\stm32l0xx_hal_pwr_ex.c 0x00000000   Number         0  stm32l0xx_hal_pwr_ex.o ABSOLUTE
    ..\\..\\..\\..\\Drivers\\STM32L0xx_HAL_Driver\\Src\\stm32l0xx_hal_rcc.c 0x00000000   Number         0  stm32l0xx_hal_rcc.o ABSOLUTE
    ..\\..\\..\\..\\Drivers\\STM32L0xx_HAL_Driver\\Src\\stm32l0xx_hal_rcc_ex.c 0x00000000   Number         0  stm32l0xx_hal_rcc_ex.o ABSOLUTE
    ..\\..\\..\\..\\Drivers\\STM32L0xx_HAL_Driver\\Src\\stm32l0xx_hal_rng.c 0x00000000   Number         0  stm32l0xx_hal_rng.o ABSOLUTE
    ..\\..\\..\\..\\Drivers\\STM32L0xx_HAL_Driver\\Src\\stm32l0xx_hal_rtc.c 0x00000000   Number         0  stm32l0xx_hal_rtc.o ABSOLUTE
    ..\\..\\..\\..\\Drivers\\STM32L0xx_HAL_Driver\\Src\\stm32l0xx_hal_rtc_ex.c 0x00000000   Number         0  stm32l0xx_hal_rtc_ex.o ABSOLUTE
    ..\\..\\..\\..\\Drivers\\STM32L0xx_HAL_Driver\\Src\\stm32l0xx_hal_smartcard.c 0x00000000   Number         0  stm32l0xx_hal_smartcard.o ABSOLUTE
    ..\\..\\..\\..\\Drivers\\STM32L0xx_HAL_Driver\\Src\\stm32l0xx_hal_smartcard_ex.c 0x00000000   Number         0  stm32l0xx_hal_smartcard_ex.o ABSOLUTE
    ..\\..\\..\\..\\Drivers\\STM32L0xx_HAL_Driver\\Src\\stm32l0xx_hal_smbus.c 0x00000000   Number         0  stm32l0xx_hal_smbus.o ABSOLUTE
    ..\\..\\..\\..\\Drivers\\STM32L0xx_HAL_Driver\\Src\\stm32l0xx_hal_spi.c 0x00000000   Number         0  stm32l0xx_hal_spi.o ABSOLUTE
    ..\\..\\..\\..\\Drivers\\STM32L0xx_HAL_Driver\\Src\\stm32l0xx_hal_tim.c 0x00000000   Number         0  stm32l0xx_hal_tim.o ABSOLUTE
    ..\\..\\..\\..\\Drivers\\STM32L0xx_HAL_Driver\\Src\\stm32l0xx_hal_tim_ex.c 0x00000000   Number         0  stm32l0xx_hal_tim_ex.o ABSOLUTE
    ..\\..\\..\\..\\Drivers\\STM32L0xx_HAL_Driver\\Src\\stm32l0xx_hal_tsc.c 0x00000000   Number         0  stm32l0xx_hal_tsc.o ABSOLUTE
    ..\\..\\..\\..\\Drivers\\STM32L0xx_HAL_Driver\\Src\\stm32l0xx_hal_uart.c 0x00000000   Number         0  stm32l0xx_hal_uart.o ABSOLUTE
    ..\\..\\..\\..\\Drivers\\STM32L0xx_HAL_Driver\\Src\\stm32l0xx_hal_uart_ex.c 0x00000000   Number         0  stm32l0xx_hal_uart_ex.o ABSOLUTE
    ..\\..\\..\\..\\Drivers\\STM32L0xx_HAL_Driver\\Src\\stm32l0xx_hal_usart.c 0x00000000   Number         0  stm32l0xx_hal_usart.o ABSOLUTE
    ..\\..\\..\\..\\Drivers\\STM32L0xx_HAL_Driver\\Src\\stm32l0xx_hal_wwdg.c 0x00000000   Number         0  stm32l0xx_hal_wwdg.o ABSOLUTE
    ..\\src\\apps\\main.c                    0x00000000   Number         0  main.o ABSOLUTE
    ..\\src\\boards\\board.c                 0x00000000   Number         0  board.o ABSOLUTE
    ..\\src\\boards\\button_board.c          0x00000000   Number         0  button_board.o ABSOLUTE
    ..\\src\\boards\\led_board.c             0x00000000   Number         0  led_board.o ABSOLUTE
    ..\\src\\peripherals\\adxl362\\adxl362.c 0x00000000   Number         0  adxl362.o ABSOLUTE
    ..\\src\\peripherals\\bh1750fvi\\bh1750fvi.c 0x00000000   Number         0  bh1750fvi.o ABSOLUTE
    ..\\src\\peripherals\\buzzer\\buzzer.c   0x00000000   Number         0  buzzer.o ABSOLUTE
    ..\\src\\peripherals\\hmc5883l\\hmc5883l.c 0x00000000   Number         0  hmc5883l.o ABSOLUTE
    ..\\src\\peripherals\\us100\\us100.c     0x00000000   Number         0  us100.o ABSOLUTE
    ..\\src\\system\\delay.c                 0x00000000   Number         0  delay.o ABSOLUTE
    ..\\src\\system\\i2c.c                   0x00000000   Number         0  i2c.o ABSOLUTE
    ..\\src\\system\\printf.c                0x00000000   Number         0  printf.o ABSOLUTE
    ..\\src\\system\\spi.c                   0x00000000   Number         0  spi.o ABSOLUTE
    ..\\src\\system\\uart.c                  0x00000000   Number         0  uart.o ABSOLUTE
    ..\src\apps\main.c                       0x00000000   Number         0  main.o ABSOLUTE
    ..\src\boards\board.c                    0x00000000   Number         0  board.o ABSOLUTE
    ..\src\boards\button_board.c             0x00000000   Number         0  button_board.o ABSOLUTE
    ..\src\boards\led_board.c                0x00000000   Number         0  led_board.o ABSOLUTE
    ..\src\peripherals\adxl362\adxl362.c     0x00000000   Number         0  adxl362.o ABSOLUTE
    ..\src\peripherals\bh1750fvi\bh1750fvi.c 0x00000000   Number         0  bh1750fvi.o ABSOLUTE
    ..\src\peripherals\buzzer\buzzer.c       0x00000000   Number         0  buzzer.o ABSOLUTE
    ..\src\peripherals\hmc5883l\hmc5883l.c   0x00000000   Number         0  hmc5883l.o ABSOLUTE
    ..\src\peripherals\us100\us100.c         0x00000000   Number         0  us100.o ABSOLUTE
    ..\src\system\delay.c                    0x00000000   Number         0  delay.o ABSOLUTE
    ..\src\system\i2c.c                      0x00000000   Number         0  i2c.o ABSOLUTE
    ..\src\system\printf.c                   0x00000000   Number         0  printf.o ABSOLUTE
    ..\src\system\spi.c                      0x00000000   Number         0  spi.o ABSOLUTE
    ..\src\system\uart.c                     0x00000000   Number         0  uart.o ABSOLUTE
    RTE\Device\STM32L053R8\startup_stm32l053xx.s 0x00000000   Number         0  startup_stm32l053xx.o ABSOLUTE
    RTE\Device\STM32L053R8\system_stm32l0xx.c 0x00000000   Number         0  system_stm32l0xx.o ABSOLUTE
    RTE\\Device\\STM32L053R8\\system_stm32l0xx.c 0x00000000   Number         0  system_stm32l0xx.o ABSOLUTE
    cdrcmple.s                               0x00000000   Number         0  cdrcmple.o ABSOLUTE
    dc.s                                     0x00000000   Number         0  dc.o ABSOLUTE
    handlers.s                               0x00000000   Number         0  handlers.o ABSOLUTE
    init.s                                   0x00000000   Number         0  init.o ABSOLUTE
    RESET                                    0x08000000   Section      192  startup_stm32l053xx.o(RESET)
    .ARM.Collect$$$$00000000                 0x080000c0   Section        0  entry.o(.ARM.Collect$$$$00000000)
    .ARM.Collect$$$$00000001                 0x080000c0   Section        4  entry2.o(.ARM.Collect$$$$00000001)
    .ARM.Collect$$$$00000004                 0x080000c4   Section        4  entry5.o(.ARM.Collect$$$$00000004)
    .ARM.Collect$$$$00000008                 0x080000c8   Section        0  entry7b.o(.ARM.Collect$$$$00000008)
    .ARM.Collect$$$$0000000A                 0x080000c8   Section        0  entry8b.o(.ARM.Collect$$$$0000000A)
    .ARM.Collect$$$$0000000B                 0x080000c8   Section        8  entry9a.o(.ARM.Collect$$$$0000000B)
    .ARM.Collect$$$$0000000D                 0x080000d0   Section        0  entry10a.o(.ARM.Collect$$$$0000000D)
    .ARM.Collect$$$$0000000F                 0x080000d0   Section        0  entry11a.o(.ARM.Collect$$$$0000000F)
    .ARM.Collect$$$$00002712                 0x080000d0   Section        4  entry2.o(.ARM.Collect$$$$00002712)
    __lit__00000000                          0x080000d0   Data           4  entry2.o(.ARM.Collect$$$$00002712)
    .text                                    0x080000d4   Section       28  startup_stm32l053xx.o(.text)
    .text                                    0x080000f0   Section        0  uidiv.o(.text)
    .text                                    0x0800011c   Section        0  ddiv.o(.text)
    .text                                    0x0800020c   Section        0  dscalb.o(.text)
    .text                                    0x08000238   Section        0  dfltui.o(.text)
    .text                                    0x08000254   Section        0  dfixui.o(.text)
    .text                                    0x08000290   Section        0  llshl.o(.text)
    .text                                    0x080002b0   Section        0  llushr.o(.text)
    .text                                    0x080002d2   Section        0  iusefp.o(.text)
    .text                                    0x080002d2   Section        0  depilogue.o(.text)
    .text                                    0x08000390   Section       36  init.o(.text)
    i.ADC1_COMP_IRQHandler                   0x080003b4   Section        0  board.o(i.ADC1_COMP_IRQHandler)
    i.DelayMs                                0x080003c4   Section        0  delay.o(i.DelayMs)
    i.EXTI0_1_IRQHandler                     0x080003cc   Section        0  board.o(i.EXTI0_1_IRQHandler)
    i.EXTI4_15_IRQHandler                    0x080003d8   Section        0  board.o(i.EXTI4_15_IRQHandler)
    i.HAL_ADC_ConvCpltCallback               0x08000410   Section        0  stm32l0xx_hal_adc.o(i.HAL_ADC_ConvCpltCallback)
    i.HAL_ADC_ErrorCallback                  0x08000412   Section        0  stm32l0xx_hal_adc.o(i.HAL_ADC_ErrorCallback)
    i.HAL_ADC_IRQHandler                     0x08000414   Section        0  stm32l0xx_hal_adc.o(i.HAL_ADC_IRQHandler)
    i.HAL_ADC_LevelOutOfWindowCallback       0x080004e4   Section        0  stm32l0xx_hal_adc.o(i.HAL_ADC_LevelOutOfWindowCallback)
    i.HAL_Delay                              0x080004e6   Section        0  stm32l0xx_hal.o(i.HAL_Delay)
    i.HAL_GPIO_EXTI_Callback                 0x080004fc   Section        0  board.o(i.HAL_GPIO_EXTI_Callback)
    i.HAL_GPIO_EXTI_IRQHandler               0x0800052c   Section        0  stm32l0xx_hal_gpio.o(i.HAL_GPIO_EXTI_IRQHandler)
    i.HAL_GPIO_Init                          0x08000544   Section        0  stm32l0xx_hal_gpio.o(i.HAL_GPIO_Init)
    i.HAL_GPIO_ReadPin                       0x080006bc   Section        0  stm32l0xx_hal_gpio.o(i.HAL_GPIO_ReadPin)
    i.HAL_GPIO_TogglePin                     0x080006c6   Section        0  stm32l0xx_hal_gpio.o(i.HAL_GPIO_TogglePin)
    i.HAL_GPIO_WritePin                      0x080006ce   Section        0  stm32l0xx_hal_gpio.o(i.HAL_GPIO_WritePin)
    i.HAL_GetTick                            0x080006dc   Section        0  stm32l0xx_hal.o(i.HAL_GetTick)
    i.HAL_IncTick                            0x080006e8   Section        0  stm32l0xx_hal.o(i.HAL_IncTick)
    i.HAL_Init                               0x080006f8   Section        0  stm32l0xx_hal.o(i.HAL_Init)
    i.HAL_InitTick                           0x08000720   Section        0  stm32l0xx_hal.o(i.HAL_InitTick)
    i.HAL_MspInit                            0x08000742   Section        0  stm32l0xx_hal_msp_template.o(i.HAL_MspInit)
    i.HAL_NVIC_EnableIRQ                     0x08000744   Section        0  stm32l0xx_hal_cortex.o(i.HAL_NVIC_EnableIRQ)
    i.HAL_NVIC_SetPriority                   0x08000758   Section        0  stm32l0xx_hal_cortex.o(i.HAL_NVIC_SetPriority)
    i.HAL_RCC_ClockConfig                    0x08000760   Section        0  stm32l0xx_hal_rcc.o(i.HAL_RCC_ClockConfig)
    i.HAL_RCC_GetHCLKFreq                    0x08000964   Section        0  stm32l0xx_hal_rcc.o(i.HAL_RCC_GetHCLKFreq)
    i.HAL_RCC_GetPCLK1Freq                   0x0800098c   Section        0  stm32l0xx_hal_rcc.o(i.HAL_RCC_GetPCLK1Freq)
    i.HAL_RCC_GetPCLK2Freq                   0x080009ac   Section        0  stm32l0xx_hal_rcc.o(i.HAL_RCC_GetPCLK2Freq)
    i.HAL_RCC_GetSysClockFreq                0x080009cc   Section        0  stm32l0xx_hal_rcc.o(i.HAL_RCC_GetSysClockFreq)
    i.HAL_RCC_OscConfig                      0x08000a50   Section        0  stm32l0xx_hal_rcc.o(i.HAL_RCC_OscConfig)
    i.HAL_SPI_ErrorCallback                  0x08000e78   Section        0  spi.o(i.HAL_SPI_ErrorCallback)
    i.HAL_SPI_IRQHandler                     0x08000e7a   Section        0  stm32l0xx_hal_spi.o(i.HAL_SPI_IRQHandler)
    i.HAL_SYSTICK_Config                     0x08000f3c   Section        0  stm32l0xx_hal_cortex.o(i.HAL_SYSTICK_Config)
    i.HAL_TIM_Base_Stop_IT                   0x08000f6c   Section        0  stm32l0xx_hal_tim.o(i.HAL_TIM_Base_Stop_IT)
    i.HAL_TIM_IC_CaptureCallback             0x08000f90   Section        0  stm32l0xx_hal_tim.o(i.HAL_TIM_IC_CaptureCallback)
    i.HAL_TIM_IRQHandler                     0x08000f92   Section        0  stm32l0xx_hal_tim.o(i.HAL_TIM_IRQHandler)
    i.HAL_TIM_OC_DelayElapsedCallback        0x080010b8   Section        0  stm32l0xx_hal_tim.o(i.HAL_TIM_OC_DelayElapsedCallback)
    i.HAL_TIM_PWM_PulseFinishedCallback      0x080010ba   Section        0  stm32l0xx_hal_tim.o(i.HAL_TIM_PWM_PulseFinishedCallback)
    i.HAL_TIM_PeriodElapsedCallback          0x080010bc   Section        0  us100.o(i.HAL_TIM_PeriodElapsedCallback)
    i.HAL_TIM_TriggerCallback                0x080010ec   Section        0  stm32l0xx_hal_tim.o(i.HAL_TIM_TriggerCallback)
    i.HAL_UARTEx_WakeupCallback              0x080010ee   Section        0  stm32l0xx_hal_uart_ex.o(i.HAL_UARTEx_WakeupCallback)
    i.HAL_UART_ErrorCallback                 0x080010f0   Section        0  stm32l0xx_hal_uart.o(i.HAL_UART_ErrorCallback)
    i.HAL_UART_IRQHandler                    0x080010f2   Section        0  stm32l0xx_hal_uart.o(i.HAL_UART_IRQHandler)
    i.HAL_UART_Init                          0x080011e2   Section        0  stm32l0xx_hal_uart.o(i.HAL_UART_Init)
    i.HAL_UART_MspInit                       0x0800124a   Section        0  stm32l0xx_hal_uart.o(i.HAL_UART_MspInit)
    i.HAL_UART_RxCpltCallback                0x0800124c   Section        0  uart.o(i.HAL_UART_RxCpltCallback)
    i.HAL_UART_Transmit_IT                   0x08001258   Section        0  stm32l0xx_hal_uart.o(i.HAL_UART_Transmit_IT)
    i.HAL_UART_TxCpltCallback                0x080012bc   Section        0  uart.o(i.HAL_UART_TxCpltCallback)
    i.HardFault_Handler                      0x080012c8   Section        0  board.o(i.HardFault_Handler)
    i.I2C1_IRQHandler                        0x080012ca   Section        0  i2c.o(i.I2C1_IRQHandler)
    i.NMI_Handler                            0x080012cc   Section        0  board.o(i.NMI_Handler)
    i.NVIC_SetPriority                       0x080012d0   Section        0  button_board.o(i.NVIC_SetPriority)
    NVIC_SetPriority                         0x080012d1   Thumb Code    60  button_board.o(i.NVIC_SetPriority)
    i.NVIC_SetPriority                       0x08001314   Section        0  stm32l0xx_hal_cortex.o(i.NVIC_SetPriority)
    NVIC_SetPriority                         0x08001315   Thumb Code    60  stm32l0xx_hal_cortex.o(i.NVIC_SetPriority)
    i.PendSV_Handler                         0x08001358   Section        0  board.o(i.PendSV_Handler)
    i.SPI1_IRQHandler                        0x0800135c   Section        0  spi.o(i.SPI1_IRQHandler)
    i.SVC_Handler                            0x0800136c   Section        0  board.o(i.SVC_Handler)
    i.SysTick_Handler                        0x0800136e   Section        0  board.o(i.SysTick_Handler)
    i.SystemInit                             0x08001378   Section        0  system_stm32l0xx.o(i.SystemInit)
    i.TIM6_DAC_IRQHandler                    0x080013cc   Section        0  board.o(i.TIM6_DAC_IRQHandler)
    i.UART_AdvFeatureConfig                  0x080013dc   Section        0  stm32l0xx_hal_uart.o(i.UART_AdvFeatureConfig)
    i.UART_CheckIdleState                    0x080014a8   Section        0  stm32l0xx_hal_uart.o(i.UART_CheckIdleState)
    i.UART_Receive_IT                        0x080014fc   Section        0  stm32l0xx_hal_uart.o(i.UART_Receive_IT)
    UART_Receive_IT                          0x080014fd   Thumb Code   148  stm32l0xx_hal_uart.o(i.UART_Receive_IT)
    i.UART_SetConfig                         0x08001590   Section        0  stm32l0xx_hal_uart.o(i.UART_SetConfig)
    i.UART_Transmit_IT                       0x080017a4   Section        0  stm32l0xx_hal_uart.o(i.UART_Transmit_IT)
    UART_Transmit_IT                         0x080017a5   Thumb Code   110  stm32l0xx_hal_uart.o(i.UART_Transmit_IT)
    i.UART_WaitOnFlagUntilTimeout            0x08001812   Section        0  stm32l0xx_hal_uart.o(i.UART_WaitOnFlagUntilTimeout)
    i.USART1_IRQHandler                      0x080018c0   Section        0  uart.o(i.USART1_IRQHandler)
    i.USART2_IRQHandler                      0x080018d0   Section        0  uart.o(i.USART2_IRQHandler)
    i.__0printf$bare                         0x080018e0   Section        0  printfb.o(i.__0printf$bare)
    i.__ARM_clz                              0x080018f4   Section        0  depilogue.o(i.__ARM_clz)
    i.__ARM_common_switch8                   0x08001922   Section        0  led_board.o(i.__ARM_common_switch8)
    i.__scatterload_copy                     0x0800193c   Section       14  handlers.o(i.__scatterload_copy)
    i.__scatterload_null                     0x0800194a   Section        2  handlers.o(i.__scatterload_null)
    i.__scatterload_zeroinit                 0x0800194c   Section       14  handlers.o(i.__scatterload_zeroinit)
    i._printf_core                           0x0800195a   Section        0  printfb.o(i._printf_core)
    _printf_core                             0x0800195b   Thumb Code    30  printfb.o(i._printf_core)
    i.button_init                            0x08001978   Section        0  button_board.o(i.button_init)
    i.buzzer_init                            0x08001a2c   Section        0  buzzer.o(i.buzzer_init)
    i.buzzer_off                             0x08001a70   Section        0  buzzer.o(i.buzzer_off)
    i.buzzer_on                              0x08001a84   Section        0  buzzer.o(i.buzzer_on)
    i.fputc                                  0x08001a98   Section        0  printf.o(i.fputc)
    i.led_init                               0x08001aa4   Section        0  led_board.o(i.led_init)
    i.led_toggle                             0x08001c20   Section        0  led_board.o(i.led_toggle)
    i.main                                   0x08001c3c   Section        0  main.o(i.main)
    i.printf_init                            0x08001d24   Section        0  printf.o(i.printf_init)
    i.rgb_blue                               0x08001d4c   Section        0  led_board.o(i.rgb_blue)
    i.rgb_green                              0x08001d78   Section        0  led_board.o(i.rgb_green)
    i.rgb_red                                0x08001da4   Section        0  led_board.o(i.rgb_red)
    i.system_clock_config                    0x08001dd0   Section        0  board.o(i.system_clock_config)
    i.uart2_gpio_init                        0x08001e24   Section        0  uart.o(i.uart2_gpio_init)
    i.uart2_init                             0x08001e94   Section        0  uart.o(i.uart2_init)
    i.uart2_put_char                         0x08001ec0   Section        0  uart.o(i.uart2_put_char)
    .constdata                               0x08001ee4   Section        3  button_board.o(.constdata)
    .constdata                               0x08001ee8   Section       16  led_board.o(.constdata)
    .constdata                               0x08001ef8   Section       25  stm32l0xx_hal_rcc.o(.constdata)
    PLLMulTable                              0x08001ef8   Data           9  stm32l0xx_hal_rcc.o(.constdata)
    APBAHBPrescTable                         0x08001f01   Data          16  stm32l0xx_hal_rcc.o(.constdata)
    .data                                    0x20000000   Section       12  board.o(.data)
    .data                                    0x2000000c   Section       12  button_board.o(.data)
    .data                                    0x20000018   Section       36  led_board.o(.data)
    .data                                    0x2000003c   Section        4  printf.o(.data)
    .data                                    0x20000040   Section        1  uart.o(.data)
    .data                                    0x20000044   Section       12  us100.o(.data)
    .data                                    0x20000050   Section        4  stm32l0xx_hal.o(.data)
    uwTick                                   0x20000050   Data           4  stm32l0xx_hal.o(.data)
    .data                                    0x20000054   Section        4  system_stm32l0xx.o(.data)
    .bss                                     0x20000058   Section       96  board.o(.bss)
    .bss                                     0x200000b8   Section      224  uart.o(.bss)
    .bss                                     0x20000198   Section       56  us100.o(.bss)
    .bss                                     0x200001d0   Section      300  adxl362.o(.bss)
    STACK                                    0x20000300   Section     1024  startup_stm32l053xx.o(STACK)

    Global Symbols

    Symbol Name                              Value     Ov Type        Size  Object(Section)

    BuildAttributes$$THM_ISAv3M$S$PE$A:L22$X:L11$S22$IEEE1$IW$USESV6$~STKCKD$USESV7$~SHL$OTIME$ROPI$IEEEX$EBA8$MICROLIB$REQ8$PRES8$EABIv2 0x00000000   Number         0  anon$$obj.o ABSOLUTE
    __ARM_use_no_argv                        0x00000000   Number         0  main.o ABSOLUTE
    __use_no_errno                           0x00000000   Number         0  useno.o ABSOLUTE
    __use_no_exception_handling              0x00000000   Number         0  useno.o ABSOLUTE
    __use_no_fp                              0x00000000   Number         0  useno.o ABSOLUTE
    __use_no_heap                            0x00000000   Number         0  useno.o ABSOLUTE
    __use_no_heap_region                     0x00000000   Number         0  useno.o ABSOLUTE
    __use_no_semihosting                     0x00000000   Number         0  useno.o ABSOLUTE
    __use_no_semihosting_swi                 0x00000000   Number         0  useno.o ABSOLUTE
    __use_no_signal_handling                 0x00000000   Number         0  useno.o ABSOLUTE
    __cpp_initialize__aeabi_                  - Undefined Weak Reference
    __cxa_finalize                            - Undefined Weak Reference
    __decompress                              - Undefined Weak Reference
    _clock_init                               - Undefined Weak Reference
    _microlib_exit                            - Undefined Weak Reference
    __Vectors_Size                           0x000000c0   Number         0  startup_stm32l053xx.o ABSOLUTE
    __Vectors                                0x08000000   Data           4  startup_stm32l053xx.o(RESET)
    __Vectors_End                            0x080000c0   Data           0  startup_stm32l053xx.o(RESET)
    __main                                   0x080000c1   Thumb Code     0  entry.o(.ARM.Collect$$$$00000000)
    _main_stk                                0x080000c1   Thumb Code     0  entry2.o(.ARM.Collect$$$$00000001)
    _main_scatterload                        0x080000c5   Thumb Code     0  entry5.o(.ARM.Collect$$$$00000004)
    __main_after_scatterload                 0x080000c9   Thumb Code     0  entry5.o(.ARM.Collect$$$$00000004)
    _main_clock                              0x080000c9   Thumb Code     0  entry7b.o(.ARM.Collect$$$$00000008)
    _main_cpp_init                           0x080000c9   Thumb Code     0  entry8b.o(.ARM.Collect$$$$0000000A)
    _main_init                               0x080000c9   Thumb Code     0  entry9a.o(.ARM.Collect$$$$0000000B)
    __rt_final_cpp                           0x080000d1   Thumb Code     0  entry10a.o(.ARM.Collect$$$$0000000D)
    __rt_final_exit                          0x080000d1   Thumb Code     0  entry11a.o(.ARM.Collect$$$$0000000F)
    Reset_Handler                            0x080000d5   Thumb Code     8  startup_stm32l053xx.o(.text)
    DMA1_Channel1_IRQHandler                 0x080000e7   Thumb Code     0  startup_stm32l053xx.o(.text)
    DMA1_Channel2_3_IRQHandler               0x080000e7   Thumb Code     0  startup_stm32l053xx.o(.text)
    DMA1_Channel4_5_6_7_IRQHandler           0x080000e7   Thumb Code     0  startup_stm32l053xx.o(.text)
    EXTI2_3_IRQHandler                       0x080000e7   Thumb Code     0  startup_stm32l053xx.o(.text)
    FLASH_IRQHandler                         0x080000e7   Thumb Code     0  startup_stm32l053xx.o(.text)
    I2C2_IRQHandler                          0x080000e7   Thumb Code     0  startup_stm32l053xx.o(.text)
    LCD_IRQHandler                           0x080000e7   Thumb Code     0  startup_stm32l053xx.o(.text)
    LPTIM1_IRQHandler                        0x080000e7   Thumb Code     0  startup_stm32l053xx.o(.text)
    PVD_IRQHandler                           0x080000e7   Thumb Code     0  startup_stm32l053xx.o(.text)
    RCC_CRS_IRQHandler                       0x080000e7   Thumb Code     0  startup_stm32l053xx.o(.text)
    RNG_LPUART1_IRQHandler                   0x080000e7   Thumb Code     0  startup_stm32l053xx.o(.text)
    RTC_IRQHandler                           0x080000e7   Thumb Code     0  startup_stm32l053xx.o(.text)
    SPI2_IRQHandler                          0x080000e7   Thumb Code     0  startup_stm32l053xx.o(.text)
    TIM21_IRQHandler                         0x080000e7   Thumb Code     0  startup_stm32l053xx.o(.text)
    TIM22_IRQHandler                         0x080000e7   Thumb Code     0  startup_stm32l053xx.o(.text)
    TIM2_IRQHandler                          0x080000e7   Thumb Code     0  startup_stm32l053xx.o(.text)
    TSC_IRQHandler                           0x080000e7   Thumb Code     0  startup_stm32l053xx.o(.text)
    USB_IRQHandler                           0x080000e7   Thumb Code     0  startup_stm32l053xx.o(.text)
    WWDG_IRQHandler                          0x080000e7   Thumb Code     0  startup_stm32l053xx.o(.text)
    __aeabi_uidiv                            0x080000f1   Thumb Code     0  uidiv.o(.text)
    __aeabi_uidivmod                         0x080000f1   Thumb Code    44  uidiv.o(.text)
    __aeabi_ddiv                             0x0800011d   Thumb Code   234  ddiv.o(.text)
    __ARM_scalbn                             0x0800020d   Thumb Code    44  dscalb.o(.text)
    scalbn                                   0x0800020d   Thumb Code     0  dscalb.o(.text)
    __aeabi_ui2d                             0x08000239   Thumb Code    24  dfltui.o(.text)
    __aeabi_d2uiz                            0x08000255   Thumb Code    50  dfixui.o(.text)
    __aeabi_llsl                             0x08000291   Thumb Code    32  llshl.o(.text)
    _ll_shift_l                              0x08000291   Thumb Code     0  llshl.o(.text)
    __aeabi_llsr                             0x080002b1   Thumb Code    34  llushr.o(.text)
    _ll_ushift_r                             0x080002b1   Thumb Code     0  llushr.o(.text)
    __I$use$fp                               0x080002d3   Thumb Code     0  iusefp.o(.text)
    _double_round                            0x080002d3   Thumb Code    26  depilogue.o(.text)
    _double_epilogue                         0x080002ed   Thumb Code   164  depilogue.o(.text)
    __scatterload                            0x08000391   Thumb Code    28  init.o(.text)
    __scatterload_rt2                        0x08000391   Thumb Code     0  init.o(.text)
    ADC1_COMP_IRQHandler                     0x080003b5   Thumb Code    10  board.o(i.ADC1_COMP_IRQHandler)
    DelayMs                                  0x080003c5   Thumb Code     8  delay.o(i.DelayMs)
    EXTI0_1_IRQHandler                       0x080003cd   Thumb Code    10  board.o(i.EXTI0_1_IRQHandler)
    EXTI4_15_IRQHandler                      0x080003d9   Thumb Code    52  board.o(i.EXTI4_15_IRQHandler)
    HAL_ADC_ConvCpltCallback                 0x08000411   Thumb Code     2  stm32l0xx_hal_adc.o(i.HAL_ADC_ConvCpltCallback)
    HAL_ADC_ErrorCallback                    0x08000413   Thumb Code     2  stm32l0xx_hal_adc.o(i.HAL_ADC_ErrorCallback)
    HAL_ADC_IRQHandler                       0x08000415   Thumb Code   208  stm32l0xx_hal_adc.o(i.HAL_ADC_IRQHandler)
    HAL_ADC_LevelOutOfWindowCallback         0x080004e5   Thumb Code     2  stm32l0xx_hal_adc.o(i.HAL_ADC_LevelOutOfWindowCallback)
    HAL_Delay                                0x080004e7   Thumb Code    22  stm32l0xx_hal.o(i.HAL_Delay)
    HAL_GPIO_EXTI_Callback                   0x080004fd   Thumb Code    42  board.o(i.HAL_GPIO_EXTI_Callback)
    HAL_GPIO_EXTI_IRQHandler                 0x0800052d   Thumb Code    18  stm32l0xx_hal_gpio.o(i.HAL_GPIO_EXTI_IRQHandler)
    HAL_GPIO_Init                            0x08000545   Thumb Code   346  stm32l0xx_hal_gpio.o(i.HAL_GPIO_Init)
    HAL_GPIO_ReadPin                         0x080006bd   Thumb Code    10  stm32l0xx_hal_gpio.o(i.HAL_GPIO_ReadPin)
    HAL_GPIO_TogglePin                       0x080006c7   Thumb Code     8  stm32l0xx_hal_gpio.o(i.HAL_GPIO_TogglePin)
    HAL_GPIO_WritePin                        0x080006cf   Thumb Code    12  stm32l0xx_hal_gpio.o(i.HAL_GPIO_WritePin)
    HAL_GetTick                              0x080006dd   Thumb Code     6  stm32l0xx_hal.o(i.HAL_GetTick)
    HAL_IncTick                              0x080006e9   Thumb Code    10  stm32l0xx_hal.o(i.HAL_IncTick)
    HAL_Init                                 0x080006f9   Thumb Code    34  stm32l0xx_hal.o(i.HAL_Init)
    HAL_InitTick                             0x08000721   Thumb Code    34  stm32l0xx_hal.o(i.HAL_InitTick)
    HAL_MspInit                              0x08000743   Thumb Code     2  stm32l0xx_hal_msp_template.o(i.HAL_MspInit)
    HAL_NVIC_EnableIRQ                       0x08000745   Thumb Code    14  stm32l0xx_hal_cortex.o(i.HAL_NVIC_EnableIRQ)
    HAL_NVIC_SetPriority                     0x08000759   Thumb Code     8  stm32l0xx_hal_cortex.o(i.HAL_NVIC_SetPriority)
    HAL_RCC_ClockConfig                      0x08000761   Thumb Code   502  stm32l0xx_hal_rcc.o(i.HAL_RCC_ClockConfig)
    HAL_RCC_GetHCLKFreq                      0x08000965   Thumb Code    26  stm32l0xx_hal_rcc.o(i.HAL_RCC_GetHCLKFreq)
    HAL_RCC_GetPCLK1Freq                     0x0800098d   Thumb Code    22  stm32l0xx_hal_rcc.o(i.HAL_RCC_GetPCLK1Freq)
    HAL_RCC_GetPCLK2Freq                     0x080009ad   Thumb Code    22  stm32l0xx_hal_rcc.o(i.HAL_RCC_GetPCLK2Freq)
    HAL_RCC_GetSysClockFreq                  0x080009cd   Thumb Code   108  stm32l0xx_hal_rcc.o(i.HAL_RCC_GetSysClockFreq)
    HAL_RCC_OscConfig                        0x08000a51   Thumb Code  1064  stm32l0xx_hal_rcc.o(i.HAL_RCC_OscConfig)
    HAL_SPI_ErrorCallback                    0x08000e79   Thumb Code     2  spi.o(i.HAL_SPI_ErrorCallback)
    HAL_SPI_IRQHandler                       0x08000e7b   Thumb Code   194  stm32l0xx_hal_spi.o(i.HAL_SPI_IRQHandler)
    HAL_SYSTICK_Config                       0x08000f3d   Thumb Code    38  stm32l0xx_hal_cortex.o(i.HAL_SYSTICK_Config)
    HAL_TIM_Base_Stop_IT                     0x08000f6d   Thumb Code    32  stm32l0xx_hal_tim.o(i.HAL_TIM_Base_Stop_IT)
    HAL_TIM_IC_CaptureCallback               0x08000f91   Thumb Code     2  stm32l0xx_hal_tim.o(i.HAL_TIM_IC_CaptureCallback)
    HAL_TIM_IRQHandler                       0x08000f93   Thumb Code   294  stm32l0xx_hal_tim.o(i.HAL_TIM_IRQHandler)
    HAL_TIM_OC_DelayElapsedCallback          0x080010b9   Thumb Code     2  stm32l0xx_hal_tim.o(i.HAL_TIM_OC_DelayElapsedCallback)
    HAL_TIM_PWM_PulseFinishedCallback        0x080010bb   Thumb Code     2  stm32l0xx_hal_tim.o(i.HAL_TIM_PWM_PulseFinishedCallback)
    HAL_TIM_PeriodElapsedCallback            0x080010bd   Thumb Code    36  us100.o(i.HAL_TIM_PeriodElapsedCallback)
    HAL_TIM_TriggerCallback                  0x080010ed   Thumb Code     2  stm32l0xx_hal_tim.o(i.HAL_TIM_TriggerCallback)
    HAL_UARTEx_WakeupCallback                0x080010ef   Thumb Code     2  stm32l0xx_hal_uart_ex.o(i.HAL_UARTEx_WakeupCallback)
    HAL_UART_ErrorCallback                   0x080010f1   Thumb Code     2  stm32l0xx_hal_uart.o(i.HAL_UART_ErrorCallback)
    HAL_UART_IRQHandler                      0x080010f3   Thumb Code   240  stm32l0xx_hal_uart.o(i.HAL_UART_IRQHandler)
    HAL_UART_Init                            0x080011e3   Thumb Code   104  stm32l0xx_hal_uart.o(i.HAL_UART_Init)
    HAL_UART_MspInit                         0x0800124b   Thumb Code     2  stm32l0xx_hal_uart.o(i.HAL_UART_MspInit)
    HAL_UART_RxCpltCallback                  0x0800124d   Thumb Code     8  uart.o(i.HAL_UART_RxCpltCallback)
    HAL_UART_Transmit_IT                     0x08001259   Thumb Code   100  stm32l0xx_hal_uart.o(i.HAL_UART_Transmit_IT)
    HAL_UART_TxCpltCallback                  0x080012bd   Thumb Code     8  uart.o(i.HAL_UART_TxCpltCallback)
    HardFault_Handler                        0x080012c9   Thumb Code     2  board.o(i.HardFault_Handler)
    I2C1_IRQHandler                          0x080012cb   Thumb Code     2  i2c.o(i.I2C1_IRQHandler)
    NMI_Handler                              0x080012cd   Thumb Code     2  board.o(i.NMI_Handler)
    PendSV_Handler                           0x08001359   Thumb Code     2  board.o(i.PendSV_Handler)
    SPI1_IRQHandler                          0x0800135d   Thumb Code    10  spi.o(i.SPI1_IRQHandler)
    SVC_Handler                              0x0800136d   Thumb Code     2  board.o(i.SVC_Handler)
    SysTick_Handler                          0x0800136f   Thumb Code     8  board.o(i.SysTick_Handler)
    SystemInit                               0x08001379   Thumb Code    66  system_stm32l0xx.o(i.SystemInit)
    TIM6_DAC_IRQHandler                      0x080013cd   Thumb Code    10  board.o(i.TIM6_DAC_IRQHandler)
    UART_AdvFeatureConfig                    0x080013dd   Thumb Code   202  stm32l0xx_hal_uart.o(i.UART_AdvFeatureConfig)
    UART_CheckIdleState                      0x080014a9   Thumb Code    80  stm32l0xx_hal_uart.o(i.UART_CheckIdleState)
    UART_SetConfig                           0x08001591   Thumb Code   484  stm32l0xx_hal_uart.o(i.UART_SetConfig)
    UART_WaitOnFlagUntilTimeout              0x08001813   Thumb Code   174  stm32l0xx_hal_uart.o(i.UART_WaitOnFlagUntilTimeout)
    USART1_IRQHandler                        0x080018c1   Thumb Code    10  uart.o(i.USART1_IRQHandler)
    USART2_IRQHandler                        0x080018d1   Thumb Code    10  uart.o(i.USART2_IRQHandler)
    __0printf$bare                           0x080018e1   Thumb Code    12  printfb.o(i.__0printf$bare)
    __1printf$bare                           0x080018e1   Thumb Code     0  printfb.o(i.__0printf$bare)
    __2printf                                0x080018e1   Thumb Code     0  printfb.o(i.__0printf$bare)
    __ARM_clz                                0x080018f5   Thumb Code    46  depilogue.o(i.__ARM_clz)
    __ARM_common_switch8                     0x08001923   Thumb Code    26  led_board.o(i.__ARM_common_switch8)
    __scatterload_copy                       0x0800193d   Thumb Code    14  handlers.o(i.__scatterload_copy)
    __scatterload_null                       0x0800194b   Thumb Code     2  handlers.o(i.__scatterload_null)
    __scatterload_zeroinit                   0x0800194d   Thumb Code    14  handlers.o(i.__scatterload_zeroinit)
    button_init                              0x08001979   Thumb Code   162  button_board.o(i.button_init)
    buzzer_init                              0x08001a2d   Thumb Code    60  buzzer.o(i.buzzer_init)
    buzzer_off                               0x08001a71   Thumb Code    16  buzzer.o(i.buzzer_off)
    buzzer_on                                0x08001a85   Thumb Code    14  buzzer.o(i.buzzer_on)
    fputc                                    0x08001a99   Thumb Code    12  printf.o(i.fputc)
    led_init                                 0x08001aa5   Thumb Code   372  led_board.o(i.led_init)
    led_toggle                               0x08001c21   Thumb Code    20  led_board.o(i.led_toggle)
    main                                     0x08001c3d   Thumb Code   220  main.o(i.main)
    printf_init                              0x08001d25   Thumb Code    20  printf.o(i.printf_init)
    rgb_blue                                 0x08001d4d   Thumb Code    40  led_board.o(i.rgb_blue)
    rgb_green                                0x08001d79   Thumb Code    40  led_board.o(i.rgb_green)
    rgb_red                                  0x08001da5   Thumb Code    40  led_board.o(i.rgb_red)
    system_clock_config                      0x08001dd1   Thumb Code    76  board.o(i.system_clock_config)
    uart2_gpio_init                          0x08001e25   Thumb Code   106  uart.o(i.uart2_gpio_init)
    uart2_init                               0x08001e95   Thumb Code    34  uart.o(i.uart2_init)
    uart2_put_char                           0x08001ec1   Thumb Code    26  uart.o(i.uart2_put_char)
    BUTTON_IRQn                              0x08001ee4   Data           3  button_board.o(.constdata)
    LED_PIN                                  0x08001ee8   Data          16  led_board.o(.constdata)
    Region$$Table$$Base                      0x08001f14   Number         0  anon$$obj.o(Region$$Table)
    Region$$Table$$Limit                     0x08001f34   Number         0  anon$$obj.o(Region$$Table)
    data_Ready                               0x20000000   Data           1  board.o(.data)
    key1_flag                                0x20000001   Data           1  board.o(.data)
    key2_flag                                0x20000002   Data           1  board.o(.data)
    key3_flag                                0x20000003   Data           1  board.o(.data)
    sConfig                                  0x20000004   Data           8  board.o(.data)
    BUTTON_PORT                              0x2000000c   Data          12  button_board.o(.data)
    LED_PORT                                 0x20000018   Data          36  led_board.o(.data)
    __stdout                                 0x2000003c   Data           4  printf.o(.data)
    UartReady                                0x20000040   Data           1  uart.o(.data)
    timer_flag                               0x20000044   Data           1  us100.o(.data)
    uwPrescalerValue                         0x20000048   Data           4  us100.o(.data)
    timer_counter                            0x2000004c   Data           4  us100.o(.data)
    SystemCoreClock                          0x20000054   Data           4  system_stm32l0xx.o(.data)
    AdcHandle                                0x20000058   Data          96  board.o(.bss)
    UartHandle_uart1                         0x200000b8   Data         112  uart.o(.bss)
    UartHandle_uart2                         0x20000128   Data         112  uart.o(.bss)
    TimHandle                                0x20000198   Data          56  us100.o(.bss)
    aTxBuffer                                0x200001d0   Data          10  adxl362.o(.bss)
    aRxBuffer                                0x200001da   Data         200  adxl362.o(.bss)
    SpiHandle                                0x200002a4   Data          88  adxl362.o(.bss)
    __initial_sp                             0x20000700   Data           0  startup_stm32l053xx.o(STACK)



==============================================================================

Memory Map of the image

  Image Entry point : 0x080000c1

  Load Region LR_IROM1 (Base: 0x08000000, Size: 0x00001f8c, Max: 0x00010000, ABSOLUTE)

    Execution Region ER_IROM1 (Base: 0x08000000, Size: 0x00001f34, Max: 0x00010000, ABSOLUTE)

    Base Addr    Size         Type   Attr      Idx    E Section Name        Object

    0x08000000   0x000000c0   Data   RO         6443    RESET               startup_stm32l053xx.o
    0x080000c0   0x00000000   Code   RO         6490  * .ARM.Collect$$$$00000000  mc_p.l(entry.o)
    0x080000c0   0x00000004   Code   RO         6808    .ARM.Collect$$$$00000001  mc_p.l(entry2.o)
    0x080000c4   0x00000004   Code   RO         6811    .ARM.Collect$$$$00000004  mc_p.l(entry5.o)
    0x080000c8   0x00000000   Code   RO         6813    .ARM.Collect$$$$00000008  mc_p.l(entry7b.o)
    0x080000c8   0x00000000   Code   RO         6815    .ARM.Collect$$$$0000000A  mc_p.l(entry8b.o)
    0x080000c8   0x00000008   Code   RO         6816    .ARM.Collect$$$$0000000B  mc_p.l(entry9a.o)
    0x080000d0   0x00000000   Code   RO         6818    .ARM.Collect$$$$0000000D  mc_p.l(entry10a.o)
    0x080000d0   0x00000000   Code   RO         6820    .ARM.Collect$$$$0000000F  mc_p.l(entry11a.o)
    0x080000d0   0x00000004   Code   RO         6809    .ARM.Collect$$$$00002712  mc_p.l(entry2.o)
    0x080000d4   0x0000001c   Code   RO         6444    .text               startup_stm32l053xx.o
    0x080000f0   0x0000002c   Code   RO         6493    .text               mc_p.l(uidiv.o)
    0x0800011c   0x000000f0   Code   RO         6767    .text               mf_p.l(ddiv.o)
    0x0800020c   0x0000002c   Code   RO         6769    .text               mf_p.l(dscalb.o)
    0x08000238   0x0000001c   Code   RO         6775    .text               mf_p.l(dfltui.o)
    0x08000254   0x0000003c   Code   RO         6779    .text               mf_p.l(dfixui.o)
    0x08000290   0x00000020   Code   RO         6824    .text               mc_p.l(llshl.o)
    0x080002b0   0x00000022   Code   RO         6826    .text               mc_p.l(llushr.o)
    0x080002d2   0x00000000   Code   RO         6837    .text               mc_p.l(iusefp.o)
    0x080002d2   0x000000be   Code   RO         6840    .text               mf_p.l(depilogue.o)
    0x08000390   0x00000024   Code   RO         6852    .text               mc_p.l(init.o)
    0x080003b4   0x00000010   Code   RO          250    i.ADC1_COMP_IRQHandler  board.o
    0x080003c4   0x00000008   Code   RO          479    i.DelayMs           delay.o
    0x080003cc   0x0000000a   Code   RO          252    i.EXTI0_1_IRQHandler  board.o
    0x080003d6   0x00000002   PAD
    0x080003d8   0x00000038   Code   RO          253    i.EXTI4_15_IRQHandler  board.o
    0x08000410   0x00000002   Code   RO         1237    i.HAL_ADC_ConvCpltCallback  stm32l0xx_hal_adc.o
    0x08000412   0x00000002   Code   RO         1240    i.HAL_ADC_ErrorCallback  stm32l0xx_hal_adc.o
    0x08000414   0x000000d0   Code   RO         1244    i.HAL_ADC_IRQHandler  stm32l0xx_hal_adc.o
    0x080004e4   0x00000002   Code   RO         1246    i.HAL_ADC_LevelOutOfWindowCallback  stm32l0xx_hal_adc.o
    0x080004e6   0x00000016   Code   RO         1055    i.HAL_Delay         stm32l0xx_hal.o
    0x080004fc   0x00000030   Code   RO          254    i.HAL_GPIO_EXTI_Callback  board.o
    0x0800052c   0x00000018   Code   RO         2334    i.HAL_GPIO_EXTI_IRQHandler  stm32l0xx_hal_gpio.o
    0x08000544   0x00000178   Code   RO         2335    i.HAL_GPIO_Init     stm32l0xx_hal_gpio.o
    0x080006bc   0x0000000a   Code   RO         2337    i.HAL_GPIO_ReadPin  stm32l0xx_hal_gpio.o
    0x080006c6   0x00000008   Code   RO         2338    i.HAL_GPIO_TogglePin  stm32l0xx_hal_gpio.o
    0x080006ce   0x0000000c   Code   RO         2339    i.HAL_GPIO_WritePin  stm32l0xx_hal_gpio.o
    0x080006da   0x00000002   PAD
    0x080006dc   0x0000000c   Code   RO         1059    i.HAL_GetTick       stm32l0xx_hal.o
    0x080006e8   0x00000010   Code   RO         1060    i.HAL_IncTick       stm32l0xx_hal.o
    0x080006f8   0x00000028   Code   RO         1061    i.HAL_Init          stm32l0xx_hal.o
    0x08000720   0x00000022   Code   RO         1062    i.HAL_InitTick      stm32l0xx_hal.o
    0x08000742   0x00000002   Code   RO         3485    i.HAL_MspInit       stm32l0xx_hal_msp_template.o
    0x08000744   0x00000014   Code   RO         1586    i.HAL_NVIC_EnableIRQ  stm32l0xx_hal_cortex.o
    0x08000758   0x00000008   Code   RO         1590    i.HAL_NVIC_SetPriority  stm32l0xx_hal_cortex.o
    0x08000760   0x00000204   Code   RO         3929    i.HAL_RCC_ClockConfig  stm32l0xx_hal_rcc.o
    0x08000964   0x00000028   Code   RO         3933    i.HAL_RCC_GetHCLKFreq  stm32l0xx_hal_rcc.o
    0x0800098c   0x00000020   Code   RO         3935    i.HAL_RCC_GetPCLK1Freq  stm32l0xx_hal_rcc.o
    0x080009ac   0x00000020   Code   RO         3936    i.HAL_RCC_GetPCLK2Freq  stm32l0xx_hal_rcc.o
    0x080009cc   0x00000084   Code   RO         3937    i.HAL_RCC_GetSysClockFreq  stm32l0xx_hal_rcc.o
    0x08000a50   0x00000428   Code   RO         3940    i.HAL_RCC_OscConfig  stm32l0xx_hal_rcc.o
    0x08000e78   0x00000002   Code   RO          617    i.HAL_SPI_ErrorCallback  spi.o
    0x08000e7a   0x000000c2   Code   RO         4949    i.HAL_SPI_IRQHandler  stm32l0xx_hal_spi.o
    0x08000f3c   0x00000030   Code   RO         1594    i.HAL_SYSTICK_Config  stm32l0xx_hal_cortex.o
    0x08000f6c   0x00000024   Code   RO         5187    i.HAL_TIM_Base_Stop_IT  stm32l0xx_hal_tim.o
    0x08000f90   0x00000002   Code   RO         5208    i.HAL_TIM_IC_CaptureCallback  stm32l0xx_hal_tim.o
    0x08000f92   0x00000126   Code   RO         5221    i.HAL_TIM_IRQHandler  stm32l0xx_hal_tim.o
    0x080010b8   0x00000002   Code   RO         5224    i.HAL_TIM_OC_DelayElapsedCallback  stm32l0xx_hal_tim.o
    0x080010ba   0x00000002   Code   RO         5251    i.HAL_TIM_PWM_PulseFinishedCallback  stm32l0xx_hal_tim.o
    0x080010bc   0x00000030   Code   RO          765    i.HAL_TIM_PeriodElapsedCallback  us100.o
    0x080010ec   0x00000002   Code   RO         5262    i.HAL_TIM_TriggerCallback  stm32l0xx_hal_tim.o
    0x080010ee   0x00000002   Code   RO         6100    i.HAL_UARTEx_WakeupCallback  stm32l0xx_hal_uart_ex.o
    0x080010f0   0x00000002   Code   RO         5853    i.HAL_UART_ErrorCallback  stm32l0xx_hal_uart.o
    0x080010f2   0x000000f0   Code   RO         5856    i.HAL_UART_IRQHandler  stm32l0xx_hal_uart.o
    0x080011e2   0x00000068   Code   RO         5857    i.HAL_UART_Init     stm32l0xx_hal_uart.o
    0x0800124a   0x00000002   Code   RO         5859    i.HAL_UART_MspInit  stm32l0xx_hal_uart.o
    0x0800124c   0x0000000c   Code   RO          662    i.HAL_UART_RxCpltCallback  uart.o
    0x08001258   0x00000064   Code   RO         5867    i.HAL_UART_Transmit_IT  stm32l0xx_hal_uart.o
    0x080012bc   0x0000000c   Code   RO          663    i.HAL_UART_TxCpltCallback  uart.o
    0x080012c8   0x00000002   Code   RO          255    i.HardFault_Handler  board.o
    0x080012ca   0x00000002   Code   RO          504    i.I2C1_IRQHandler   i2c.o
    0x080012cc   0x00000002   Code   RO          256    i.NMI_Handler       board.o
    0x080012ce   0x00000002   PAD
    0x080012d0   0x00000044   Code   RO          377    i.NVIC_SetPriority  button_board.o
    0x08001314   0x00000044   Code   RO         1596    i.NVIC_SetPriority  stm32l0xx_hal_cortex.o
    0x08001358   0x00000002   Code   RO          257    i.PendSV_Handler    board.o
    0x0800135a   0x00000002   PAD
    0x0800135c   0x00000010   Code   RO          619    i.SPI1_IRQHandler   spi.o
    0x0800136c   0x00000002   Code   RO          258    i.SVC_Handler       board.o
    0x0800136e   0x00000008   Code   RO          259    i.SysTick_Handler   board.o
    0x08001376   0x00000002   PAD
    0x08001378   0x00000054   Code   RO         6451    i.SystemInit        system_stm32l0xx.o
    0x080013cc   0x00000010   Code   RO          260    i.TIM6_DAC_IRQHandler  board.o
    0x080013dc   0x000000ca   Code   RO         5870    i.UART_AdvFeatureConfig  stm32l0xx_hal_uart.o
    0x080014a6   0x00000002   PAD
    0x080014a8   0x00000054   Code   RO         5871    i.UART_CheckIdleState  stm32l0xx_hal_uart.o
    0x080014fc   0x00000094   Code   RO         5877    i.UART_Receive_IT   stm32l0xx_hal_uart.o
    0x08001590   0x00000214   Code   RO         5878    i.UART_SetConfig    stm32l0xx_hal_uart.o
    0x080017a4   0x0000006e   Code   RO         5879    i.UART_Transmit_IT  stm32l0xx_hal_uart.o
    0x08001812   0x000000ae   Code   RO         5880    i.UART_WaitOnFlagUntilTimeout  stm32l0xx_hal_uart.o
    0x080018c0   0x00000010   Code   RO          664    i.USART1_IRQHandler  uart.o
    0x080018d0   0x00000010   Code   RO          665    i.USART2_IRQHandler  uart.o
    0x080018e0   0x00000014   Code   RO         6496    i.__0printf$bare    mc_p.l(printfb.o)
    0x080018f4   0x0000002e   Code   RO         6842    i.__ARM_clz         mf_p.l(depilogue.o)
    0x08001922   0x0000001a   Code   RO          471    i.__ARM_common_switch8  led_board.o
    0x0800193c   0x0000000e   Code   RO         6856    i.__scatterload_copy  mc_p.l(handlers.o)
    0x0800194a   0x00000002   Code   RO         6857    i.__scatterload_null  mc_p.l(handlers.o)
    0x0800194c   0x0000000e   Code   RO         6858    i.__scatterload_zeroinit  mc_p.l(handlers.o)
    0x0800195a   0x0000001e   Code   RO         6503    i._printf_core      mc_p.l(printfb.o)
    0x08001978   0x000000b4   Code   RO          378    i.button_init       button_board.o
    0x08001a2c   0x00000044   Code   RO         1014    i.buzzer_init       buzzer.o
    0x08001a70   0x00000014   Code   RO         1015    i.buzzer_off        buzzer.o
    0x08001a84   0x00000014   Code   RO         1016    i.buzzer_on         buzzer.o
    0x08001a98   0x0000000c   Code   RO          550    i.fputc             printf.o
    0x08001aa4   0x0000017c   Code   RO          410    i.led_init          led_board.o
    0x08001c20   0x0000001c   Code   RO          413    i.led_toggle        led_board.o
    0x08001c3c   0x000000e8   Code   RO            3    i.main              main.o
    0x08001d24   0x00000028   Code   RO          551    i.printf_init       printf.o
    0x08001d4c   0x0000002c   Code   RO          414    i.rgb_blue          led_board.o
    0x08001d78   0x0000002c   Code   RO          415    i.rgb_green         led_board.o
    0x08001da4   0x0000002c   Code   RO          417    i.rgb_red           led_board.o
    0x08001dd0   0x00000054   Code   RO          267    i.system_clock_config  board.o
    0x08001e24   0x00000070   Code   RO          672    i.uart2_gpio_init   uart.o
    0x08001e94   0x0000002c   Code   RO          673    i.uart2_init        uart.o
    0x08001ec0   0x00000024   Code   RO          674    i.uart2_put_char    uart.o
    0x08001ee4   0x00000003   Data   RO          380    .constdata          button_board.o
    0x08001ee7   0x00000001   PAD
    0x08001ee8   0x00000010   Data   RO          418    .constdata          led_board.o
    0x08001ef8   0x00000019   Data   RO         3941    .constdata          stm32l0xx_hal_rcc.o
    0x08001f11   0x00000003   PAD
    0x08001f14   0x00000020   Data   RO         6854    Region$$Table       anon$$obj.o


    Execution Region RW_IRAM1 (Base: 0x20000000, Size: 0x00000700, Max: 0x00002000, ABSOLUTE)

    Base Addr    Size         Type   Attr      Idx    E Section Name        Object

    0x20000000   0x0000000c   Data   RW          269    .data               board.o
    0x2000000c   0x0000000c   Data   RW          381    .data               button_board.o
    0x20000018   0x00000024   Data   RW          419    .data               led_board.o
    0x2000003c   0x00000004   Data   RW          552    .data               printf.o
    0x20000040   0x00000001   Data   RW          677    .data               uart.o
    0x20000041   0x00000003   PAD
    0x20000044   0x0000000c   Data   RW          771    .data               us100.o
    0x20000050   0x00000004   Data   RW         1073    .data               stm32l0xx_hal.o
    0x20000054   0x00000004   Data   RW         6454    .data               system_stm32l0xx.o
    0x20000058   0x00000060   Zero   RW          268    .bss                board.o
    0x200000b8   0x000000e0   Zero   RW          676    .bss                uart.o
    0x20000198   0x00000038   Zero   RW          770    .bss                us100.o
    0x200001d0   0x0000012c   Zero   RW          836    .bss                adxl362.o
    0x200002fc   0x00000004   PAD
    0x20000300   0x00000400   Zero   RW         6441    STACK               startup_stm32l053xx.o


==============================================================================

Image component sizes


      Code (inc. data)   RO Data    RW Data    ZI Data      Debug   Object Name

         0          0          0          0        300        963   adxl362.o
       246         30          0         12         96       6363   board.o
       248         26          3         12          0       2091   button_board.o
       108         18          0          0          0       1955   buzzer.o
         8          0          0          0          0        830   delay.o
         2          0          0          0          0        446   i2c.o
       566         40         16         36          0       3864   led_board.o
       232         12          0          0          0     225151   main.o
        52         20          0          4          0       2967   printf.o
        18          6          0          0          0       1318   spi.o
        28          8        192          0       1024        676   startup_stm32l053xx.o
       124         18          0          4          0       3962   stm32l0xx_hal.o
       214          0          0          0          0       3147   stm32l0xx_hal_adc.o
       144         24          0          0          0      10545   stm32l0xx_hal_cortex.o
       430         36          0          0          0       4423   stm32l0xx_hal_gpio.o
         2          0          0          0          0        550   stm32l0xx_hal_msp_template.o
      1816        102         25          0          0       6964   stm32l0xx_hal_rcc.o
       194          0          0          0          0       1417   stm32l0xx_hal_spi.o
       338          4          0          0          0       5037   stm32l0xx_hal_tim.o
      1698         76          0          0          0       9654   stm32l0xx_hal_uart.o
         2          0          0          0          0       1136   stm32l0xx_hal_uart_ex.o
        84         18          0          4          0       1407   system_stm32l0xx.o
       248         46          0          1        224       4358   uart.o
        48         12          0         12         56       1326   us100.o

    ----------------------------------------------------------------------
      6862        496        272         88       1704     300550   Object Totals
         0          0         32          0          0          0   (incl. Generated)
        12          0          4          3          4          0   (incl. Padding)

    ----------------------------------------------------------------------

      Code (inc. data)   RO Data    RW Data    ZI Data      Debug   Library Member Name

         0          0          0          0          0          0   entry.o
         0          0          0          0          0          0   entry10a.o
         0          0          0          0          0          0   entry11a.o
         8          4          0          0          0          0   entry2.o
         4          0          0          0          0          0   entry5.o
         0          0          0          0          0          0   entry7b.o
         0          0          0          0          0          0   entry8b.o
         8          4          0          0          0          0   entry9a.o
        30          0          0          0          0          0   handlers.o
        36          8          0          0          0         68   init.o
         0          0          0          0          0          0   iusefp.o
        32          0          0          0          0         68   llshl.o
        34          0          0          0          0         68   llushr.o
        50          8          0          0          0        144   printfb.o
        44          0          0          0          0         72   uidiv.o
       240          6          0          0          0         84   ddiv.o
       236          0          0          0          0        216   depilogue.o
        60         10          0          0          0         68   dfixui.o
        28          4          0          0          0         68   dfltui.o
        44          0          0          0          0         72   dscalb.o

    ----------------------------------------------------------------------
       854         44          0          0          0        928   Library Totals
         0          0          0          0          0          0   (incl. Padding)

    ----------------------------------------------------------------------

      Code (inc. data)   RO Data    RW Data    ZI Data      Debug   Library Name

       246         24          0          0          0        420   mc_p.l
       608         20          0          0          0        508   mf_p.l

    ----------------------------------------------------------------------
       854         44          0          0          0        928   Library Totals

    ----------------------------------------------------------------------

==============================================================================


      Code (inc. data)   RO Data    RW Data    ZI Data      Debug   

      7716        540        272         88       1704     297758   Grand Totals
      7716        540        272         88       1704     297758   ELF Image Totals
      7716        540        272         88          0          0   ROM Totals

==============================================================================

    Total RO  Size (Code + RO Data)                 7988 (   7.80kB)
    Total RW  Size (RW Data + ZI Data)              1792 (   1.75kB)
    Total ROM Size (Code + RO Data + RW Data)       8076 (   7.89kB)

==============================================================================

