<html>
<body>
<pre>
<h1>礦ision Build Log</h1>
<h2>Tool Versions:</h2>
IDE-Version: μVision V5.15
Copyright (C) 2015 ARM Ltd and ARM Germany GmbH. All rights reserved.
License Information: flayfly Microsoft, Microsoft, LIC=65ILQ-NBGR5-UG07Q-NA7YK-DKADD-T8BKU
 
Tool Versions:
Toolchain:       MDK-ARM Standard  Version: 5.15.0
Toolchain Path:  C:\Keil_v5\ARM\ARMCC\Bin
C Compiler:      Armcc.exe V5.05 update 2 (build 169)
Assembler:       Armasm.exe V5.05 update 2 (build 169)
Linker/Locator:  ArmLink.exe V5.05 update 2 (build 169)
Library Manager: ArmAr.exe V5.05 update 2 (build 169)
Hex Converter:   FromElf.exe V5.05 update 2 (build 169)
CPU DLL:         SARMCM3.DLL V5.15.0
Dialog DLL:      DCM.DLL V1.13.2.0
Target DLL:      Segger\JL2CM3.dll V2.99.15.0
Dialog DLL:      TCM.DLL V1.14.5.0
 
<h2>Project:</h2>
E:\工程项目\NB-IoT实训平台\NB-IoT_training_platform\ARM\Projects\STM32L0XX\Applications\MDK\Project.uvprojx
Project File Date:  11/07/2017

<h2>Output:</h2>
*** Using Compiler 'V5.05 update 2 (build 169)', folder: 'C:\Keil_v5\ARM\ARMCC\Bin'
Build target 'STM32L053R8'
compiling main.c...
compiling board.c...
compiling button_board.c...
compiling led_board.c...
compiling delay.c...
compiling i2c.c...
compiling printf.c...
compiling spi.c...
compiling uart.c...
compiling us100.c...
compiling adxl362.c...
compiling bh1750fvi.c...
compiling hmc5883l.c...
compiling buzzer.c...
linking...
Program Size: Code=7716 RO-data=272 RW-data=88 ZI-data=1704  
".\STM32L0xx\STM32L053xx.axf" - 0 Error(s), 0 Warning(s).

<h2>Software Packages used:</h2>

Package Vendor: ARM
                http://www.keil.com/pack/ARM.CMSIS.4.3.0.pack
                ARM::CMSIS:CORE:4.1.0
                CMSIS (Cortex Microcontroller Software Interface Standard)
   * Component: CORE Version: 4.1.0

Package Vendor: Keil
                http://www.keil.com/pack/Keil.STM32L0xx_DFP.1.6.0.pack
                Keil::Device:Startup:1.6.0
                STMicroelectronics STM32L0 Series Device Support and Examples
   * Component: Startup Version: 1.6.0

<h2>Collection of Component include folders:</h2>
  E:\工程项目\NB-IoT实训平台\NB-IoT_training_platform\ARM\Projects\STM32L0XX\Applications\MDK\RTE
  C:\Keil_v5\ARM\PACK\ARM\CMSIS\4.3.0\CMSIS\Include
  C:\Keil_v5\ARM\PACK\Keil\STM32L0xx_DFP\1.6.0\Device\Include

<h2>Collection of Component Files used:</h2>

   * Component: ARM::CMSIS:CORE:4.1.0

   * Component: Keil::Device:Startup:1.6.0
      Source file:   Device\Source\ARM\startup_stm32l053xx.s
      Source file:   Device\Source\system_stm32l0xx.c
      Source file:   Device\Source\ARM\STM32L0xx_OPT.s
</pre>
</body>
</html>
